Component: ARM Compiler 5.06 update 6 (build 750) Tool: armlink [4d35ed]

==============================================================================

Section Cross References

    main.o(i.drv_pdm_hand) refers to nrfx_pdm.o(i.nrfx_pdm_buffer_set) for nrfx_pdm_buffer_set
    main.o(i.drv_pdm_hand) refers to main.o(.data) for .data
    main.o(i.drv_pdm_hand) refers to main.o(.bss) for .bss
    main.o(i.fatfs_example) refers to diskio_blkdev.o(i.diskio_blockdev_register) for diskio_blockdev_register
    main.o(i.fatfs_example) refers to diskio_blkdev.o(i.disk_initialize) for disk_initialize
    main.o(i.fatfs_example) refers to nrf_log_frontend.o(i.nrf_log_frontend_std_0) for nrf_log_frontend_std_0
    main.o(i.fatfs_example) refers to ff.o(i.f_mount) for f_mount
    main.o(i.fatfs_example) refers to ff.o(i.f_opendir) for f_opendir
    main.o(i.fatfs_example) refers to ff.o(i.f_open) for f_open
    main.o(i.fatfs_example) refers to ff.o(i.f_write) for f_write
    main.o(i.fatfs_example) refers to ff.o(i.f_close) for f_close
    main.o(i.fatfs_example) refers to main.o(.data) for .data
    main.o(i.fatfs_example) refers to nrf_log_frontend.o(log_const_data) for m_nrf_log_app_logs_data_const
    main.o(i.fatfs_example) refers to main.o(.bss) for .bss
    main.o(i.main) refers to nrfx_pdm.o(i.nrfx_pdm_init) for nrfx_pdm_init
    main.o(i.main) refers to nrfx_pdm.o(i.nrfx_pdm_start) for nrfx_pdm_start
    main.o(i.main) refers to main.o(i.fatfs_example) for fatfs_example
    main.o(i.main) refers to main.o(.constdata) for .constdata
    main.o(i.main) refers to main.o(i.drv_pdm_hand) for drv_pdm_hand
    main.o(i.main) refers to main.o(.data) for .data
    main.o(.constdata) refers to nrf_block_dev_sdc.o(.constdata) for nrf_block_device_sdc_ops
    main.o(.constdata) refers to main.o(.conststring) for .conststring
    main.o(.constdata) refers to main.o(.bss) for m_block_dev_sdc_work
    main.o(.data) refers to main.o(.constdata) for m_block_dev_sdc
    boards.o(i.bsp_board_button_idx_to_pin) refers to boards.o(.constdata) for .constdata
    boards.o(i.bsp_board_button_state_get) refers to boards.o(.constdata) for .constdata
    boards.o(i.bsp_board_init) refers to boards.o(i.nrf_gpio_cfg) for nrf_gpio_cfg
    boards.o(i.bsp_board_init) refers to boards.o(i.bsp_board_leds_off) for bsp_board_leds_off
    boards.o(i.bsp_board_init) refers to boards.o(.constdata) for .constdata
    boards.o(i.bsp_board_led_idx_to_pin) refers to boards.o(.constdata) for .constdata
    boards.o(i.bsp_board_led_invert) refers to boards.o(.constdata) for .constdata
    boards.o(i.bsp_board_led_off) refers to boards.o(i.nrf_gpio_pin_write) for nrf_gpio_pin_write
    boards.o(i.bsp_board_led_off) refers to boards.o(.constdata) for .constdata
    boards.o(i.bsp_board_led_on) refers to boards.o(i.nrf_gpio_pin_write) for nrf_gpio_pin_write
    boards.o(i.bsp_board_led_on) refers to boards.o(.constdata) for .constdata
    boards.o(i.bsp_board_led_state_get) refers to boards.o(.constdata) for .constdata
    boards.o(i.bsp_board_leds_off) refers to boards.o(i.bsp_board_led_off) for bsp_board_led_off
    boards.o(i.bsp_board_leds_on) refers to boards.o(i.bsp_board_led_on) for bsp_board_led_on
    boards.o(i.bsp_board_pin_to_button_idx) refers to boards.o(.constdata) for .constdata
    boards.o(i.bsp_board_pin_to_led_idx) refers to boards.o(.constdata) for .constdata
    diskio_blkdev.o(i.block_dev_handler) refers to diskio_blkdev.o(.data) for .data
    diskio_blkdev.o(i.disk_initialize) refers to diskio_blkdev.o(.data) for .data
    diskio_blkdev.o(i.disk_initialize) refers to diskio_blkdev.o(i.default_wait_func) for default_wait_func
    diskio_blkdev.o(i.disk_initialize) refers to diskio_blkdev.o(i.block_dev_handler) for block_dev_handler
    diskio_blkdev.o(i.disk_ioctl) refers to diskio_blkdev.o(i.nrf_blk_dev_ioctl) for nrf_blk_dev_ioctl
    diskio_blkdev.o(i.disk_ioctl) refers to diskio_blkdev.o(.data) for .data
    diskio_blkdev.o(i.disk_read) refers to diskio_blkdev.o(.data) for .data
    diskio_blkdev.o(i.disk_status) refers to diskio_blkdev.o(.data) for .data
    diskio_blkdev.o(i.disk_uninitialize) refers to diskio_blkdev.o(i.nrf_blk_dev_ioctl) for nrf_blk_dev_ioctl
    diskio_blkdev.o(i.disk_uninitialize) refers to diskio_blkdev.o(.data) for .data
    diskio_blkdev.o(i.disk_write) refers to diskio_blkdev.o(.data) for .data
    diskio_blkdev.o(i.diskio_blockdev_register) refers to diskio_blkdev.o(.data) for .data
    ff.o(i.check_fs) refers to ff.o(i.move_window) for move_window
    ff.o(i.check_fs) refers to ff.o(i.ld_word) for ld_word
    ff.o(i.check_fs) refers to ff.o(i.ld_dword) for ld_dword
    ff.o(i.create_chain) refers to ff.o(i.get_fat) for get_fat
    ff.o(i.create_chain) refers to ff.o(i.put_fat) for put_fat
    ff.o(i.create_name) refers to ff.o(i.mem_set) for mem_set
    ff.o(i.dir_find) refers to ff.o(i.dir_sdi) for dir_sdi
    ff.o(i.dir_find) refers to ff.o(i.move_window) for move_window
[...]
    find_volume                              0x00001b39   Thumb Code   576  ff.o(i.find_volume)
    i.follow_path                            0x00001d84   Section        0  ff.o(i.follow_path)
    follow_path                              0x00001d85   Thumb Code   116  ff.o(i.follow_path)
    i.get_fat                                0x00001df8   Section        0  ff.o(i.get_fat)
    get_fat                                  0x00001df9   Thumb Code   190  ff.o(i.get_fat)
    i.get_ldnumber                           0x00001eb6   Section        0  ff.o(i.get_ldnumber)
    get_ldnumber                             0x00001eb7   Thumb Code    60  ff.o(i.get_ldnumber)
    i.int_print                              0x00001ef4   Section        0  nrf_fprintf_format.o(i.int_print)
    int_print                                0x00001ef5   Thumb Code   166  nrf_fprintf_format.o(i.int_print)
    i.interrupts_enable                      0x00001f9c   Section        0  nrfx_uarte.o(i.interrupts_enable)
    interrupts_enable                        0x00001f9d   Thumb Code   128  nrfx_uarte.o(i.interrupts_enable)
    i.invalid_packets_omit                   0x00002020   Section        0  nrf_log_frontend.o(i.invalid_packets_omit)
    invalid_packets_omit                     0x00002021   Thumb Code    52  nrf_log_frontend.o(i.invalid_packets_omit)
    i.ld_clust                               0x00002054   Section        0  ff.o(i.ld_clust)
    ld_clust                                 0x00002055   Thumb Code    38  ff.o(i.ld_clust)
    i.ld_dword                               0x0000207a   Section        0  ff.o(i.ld_dword)
    ld_dword                                 0x0000207b   Thumb Code    22  ff.o(i.ld_dword)
    i.ld_word                                0x00002090   Section        0  ff.o(i.ld_word)
    ld_word                                  0x00002091   Thumb Code    10  ff.o(i.ld_word)
    i.log_skip                               0x0000209c   Section        0  nrf_log_frontend.o(i.log_skip)
    log_skip                                 0x0000209d   Thumb Code   150  nrf_log_frontend.o(i.log_skip)
    i.main                                   0x00002140   Section        0  main.o(i.main)
    i.mem_cpy                                0x00002170   Section        0  ff.o(i.mem_cpy)
    mem_cpy                                  0x00002171   Thumb Code    18  ff.o(i.mem_cpy)
    i.mem_set                                0x00002184   Section        0  ff.o(i.mem_set)
    mem_set                                  0x00002185   Thumb Code    14  ff.o(i.mem_set)
    i.memobj_op                              0x00002192   Section        0  nrf_memobj.o(i.memobj_op)
    memobj_op                                0x00002193   Thumb Code   126  nrf_memobj.o(i.memobj_op)
    i.module_idx_get                         0x00002210   Section        0  nrf_log_frontend.o(i.module_idx_get)
    module_idx_get                           0x00002211   Thumb Code    42  nrf_log_frontend.o(i.module_idx_get)
    i.move_window                            0x00002240   Section        0  ff.o(i.move_window)
    move_window                              0x00002241   Thumb Code    50  ff.o(i.move_window)
    i.nrf_atomic_flag_clear_fetch            0x00002272   Section        0  nrf_atomic.o(i.nrf_atomic_flag_clear_fetch)
    i.nrf_atomic_flag_set                    0x00002278   Section        0  nrf_atomic.o(i.nrf_atomic_flag_set)
    i.nrf_atomic_u32_add                     0x0000227e   Section        0  nrf_atomic.o(i.nrf_atomic_u32_add)
    i.nrf_atomic_u32_fetch_and               0x0000228a   Section        0  nrf_atomic.o(i.nrf_atomic_u32_fetch_and)
    i.nrf_atomic_u32_fetch_store             0x00002294   Section        0  nrf_atomic.o(i.nrf_atomic_u32_fetch_store)
    i.nrf_atomic_u32_or                      0x0000229e   Section        0  nrf_atomic.o(i.nrf_atomic_u32_or)
    i.nrf_atomic_u32_sub                     0x000022aa   Section        0  nrf_atomic.o(i.nrf_atomic_u32_sub)
    i.nrf_balloc_alloc                       0x000022b6   Section        0  nrf_balloc.o(i.nrf_balloc_alloc)
    i.nrf_balloc_free                        0x000022f4   Section        0  nrf_balloc.o(i.nrf_balloc_free)
    i.nrf_blk_dev_ioctl                      0x0000231e   Section        0  diskio_blkdev.o(i.nrf_blk_dev_ioctl)
    nrf_blk_dev_ioctl                        0x0000231f   Thumb Code     6  diskio_blkdev.o(i.nrf_blk_dev_ioctl)
    i.nrf_drv_spi_init                       0x00002324   Section        0  nrf_drv_spi.o(i.nrf_drv_spi_init)
    i.nrf_drv_spi_transfer                   0x00002394   Section        0  app_sdcard.o(i.nrf_drv_spi_transfer)
    nrf_drv_spi_transfer                     0x00002395   Thumb Code    22  app_sdcard.o(i.nrf_drv_spi_transfer)
    i.nrf_drv_uart_init                      0x000023ac   Section        0  nrf_drv_uart.o(i.nrf_drv_uart_init)
    i.nrf_fprintf                            0x000023ec   Section        0  nrf_fprintf.o(i.nrf_fprintf)
    i.nrf_fprintf_buffer_flush               0x00002406   Section        0  nrf_fprintf.o(i.nrf_fprintf_buffer_flush)
    i.nrf_fprintf_fmt                        0x0000241e   Section        0  nrf_fprintf_format.o(i.nrf_fprintf_fmt)
    i.nrf_gpio_cfg                           0x000025f8   Section        0  nrfx_spim.o(i.nrf_gpio_cfg)
    nrf_gpio_cfg                             0x000025f9   Thumb Code    36  nrfx_spim.o(i.nrf_gpio_cfg)
    i.nrf_gpio_cfg                           0x0000261c   Section        0  nrfx_uarte.o(i.nrf_gpio_cfg)
    nrf_gpio_cfg                             0x0000261d   Thumb Code    36  nrfx_uarte.o(i.nrf_gpio_cfg)
    i.nrf_gpio_cfg                           0x00002640   Section        0  nrfx_pdm.o(i.nrf_gpio_cfg)
    nrf_gpio_cfg                             0x00002641   Thumb Code    36  nrfx_pdm.o(i.nrf_gpio_cfg)
    i.nrf_gpio_cfg                           0x00002664   Section        0  app_sdcard.o(i.nrf_gpio_cfg)
    nrf_gpio_cfg                             0x00002665   Thumb Code    36  app_sdcard.o(i.nrf_gpio_cfg)
    i.nrf_gpio_cfg_default                   0x00002688   Section        0  nrfx_uarte.o(i.nrf_gpio_cfg_default)
    nrf_gpio_cfg_default                     0x00002689   Thumb Code    18  nrfx_uarte.o(i.nrf_gpio_cfg_default)
    i.nrf_gpio_cfg_input                     0x0000269a   Section        0  nrfx_uarte.o(i.nrf_gpio_cfg_input)
    nrf_gpio_cfg_input                       0x0000269b   Thumb Code    18  nrfx_uarte.o(i.nrf_gpio_cfg_input)
    i.nrf_gpio_cfg_output                    0x000026ac   Section        0  nrfx_spim.o(i.nrf_gpio_cfg_output)
    nrf_gpio_cfg_output                      0x000026ad   Thumb Code    20  nrfx_spim.o(i.nrf_gpio_cfg_output)
    i.nrf_gpio_cfg_output                    0x000026c0   Section        0  nrfx_uarte.o(i.nrf_gpio_cfg_output)
    nrf_gpio_cfg_output                      0x000026c1   Thumb Code    20  nrfx_uarte.o(i.nrf_gpio_cfg_output)
    i.nrf_gpio_pin_clear                     0x000026d4   Section        0  nrfx_spim.o(i.nrf_gpio_pin_clear)
    nrf_gpio_pin_clear                       0x000026d5   Thumb Code    14  nrfx_spim.o(i.nrf_gpio_pin_clear)
    i.nrf_gpio_pin_set                       0x000026e2   Section        0  nrfx_spim.o(i.nrf_gpio_pin_set)
    nrf_gpio_pin_set                         0x000026e3   Thumb Code    14  nrfx_spim.o(i.nrf_gpio_pin_set)
    i.nrf_gpio_pin_set                       0x000026f0   Section        0  app_sdcard.o(i.nrf_gpio_pin_set)
    nrf_gpio_pin_set                         0x000026f1   Thumb Code    14  app_sdcard.o(i.nrf_gpio_pin_set)
    i.nrf_log_backend_serial_put             0x000026fe   Section        0  nrf_log_backend_serial.o(i.nrf_log_backend_serial_put)
    i.nrf_log_backend_uart_flush             0x000027c6   Section        0  nrf_log_backend_uart.o(i.nrf_log_backend_uart_flush)
    nrf_log_backend_uart_flush               0x000027c7   Thumb Code     2  nrf_log_backend_uart.o(i.nrf_log_backend_uart_flush)
    i.nrf_log_backend_uart_panic_set         0x000027c8   Section        0  nrf_log_backend_uart.o(i.nrf_log_backend_uart_panic_set)
    nrf_log_backend_uart_panic_set           0x000027c9   Thumb Code    18  nrf_log_backend_uart.o(i.nrf_log_backend_uart_panic_set)
    i.nrf_log_backend_uart_put               0x000027e0   Section        0  nrf_log_backend_uart.o(i.nrf_log_backend_uart_put)
    nrf_log_backend_uart_put                 0x000027e1   Thumb Code    16  nrf_log_backend_uart.o(i.nrf_log_backend_uart_put)
    i.nrf_log_color_id_get                   0x000027f8   Section        0  nrf_log_frontend.o(i.nrf_log_color_id_get)
    i.nrf_log_frontend_dequeue               0x00002828   Section        0  nrf_log_frontend.o(i.nrf_log_frontend_dequeue)
    i.nrf_log_frontend_std_0                 0x00002a5c   Section        0  nrf_log_frontend.o(i.nrf_log_frontend_std_0)
    i.nrf_log_hexdump_entry_process          0x00002a64   Section        0  nrf_log_str_formatter.o(i.nrf_log_hexdump_entry_process)
    i.nrf_log_module_cnt_get                 0x00002b14   Section        0  nrf_log_frontend.o(i.nrf_log_module_cnt_get)
    i.nrf_log_module_name_get                0x00002b28   Section        0  nrf_log_frontend.o(i.nrf_log_module_name_get)
    i.nrf_log_panic                          0x00002b44   Section        0  nrf_log_frontend.o(i.nrf_log_panic)
    i.nrf_log_std_entry_process              0x00002b6c   Section        0  nrf_log_str_formatter.o(i.nrf_log_std_entry_process)
    i.nrf_memobj_alloc                       0x00002c22   Section        0  nrf_memobj.o(i.nrf_memobj_alloc)
    i.nrf_memobj_free                        0x00002c82   Section        0  nrf_memobj.o(i.nrf_memobj_free)
    i.nrf_memobj_get                         0x00002cb4   Section        0  nrf_memobj.o(i.nrf_memobj_get)
    i.nrf_memobj_put                         0x00002cbc   Section        0  nrf_memobj.o(i.nrf_memobj_put)
    i.nrf_memobj_read                        0x00002cda   Section        0  nrf_memobj.o(i.nrf_memobj_read)
    i.nrf_memobj_write                       0x00002cea   Section        0  nrf_memobj.o(i.nrf_memobj_write)
    i.nrf_pdm_event_check                    0x00002cfc   Section        0  nrfx_pdm.o(i.nrf_pdm_event_check)
    nrf_pdm_event_check                      0x00002cfd   Thumb Code    12  nrfx_pdm.o(i.nrf_pdm_event_check)
    i.nrf_pdm_event_clear                    0x00002d0c   Section        0  nrfx_pdm.o(i.nrf_pdm_event_clear)
    nrf_pdm_event_clear                      0x00002d0d   Thumb Code    16  nrfx_pdm.o(i.nrf_pdm_event_clear)
    i.nrf_spim_event_check                   0x00002d20   Section        0  nrfx_spim.o(i.nrf_spim_event_check)
    nrf_spim_event_check                     0x00002d21   Thumb Code    10  nrfx_spim.o(i.nrf_spim_event_check)
    i.nrf_uarte_event_check                  0x00002d2a   Section        0  nrfx_uarte.o(i.nrf_uarte_event_check)
    nrf_uarte_event_check                    0x00002d2b   Thumb Code    10  nrfx_uarte.o(i.nrf_uarte_event_check)
    i.nrf_uarte_event_clear                  0x00002d34   Section        0  nrfx_uarte.o(i.nrf_uarte_event_clear)
    nrf_uarte_event_clear                    0x00002d35   Thumb Code    12  nrfx_uarte.o(i.nrf_uarte_event_clear)
    i.nrfx_is_in_ram                         0x00002d40   Section        0  nrfx_spim.o(i.nrfx_is_in_ram)
    nrfx_is_in_ram                           0x00002d41   Thumb Code    16  nrfx_spim.o(i.nrfx_is_in_ram)
    i.nrfx_is_in_ram                         0x00002d50   Section        0  nrfx_uarte.o(i.nrfx_is_in_ram)
    nrfx_is_in_ram                           0x00002d51   Thumb Code    16  nrfx_uarte.o(i.nrfx_is_in_ram)
    i.nrfx_pdm_buffer_set                    0x00002d60   Section        0  nrfx_pdm.o(i.nrfx_pdm_buffer_set)
    i.nrfx_pdm_init                          0x00002df0   Section        0  nrfx_pdm.o(i.nrfx_pdm_init)
    i.nrfx_pdm_start                         0x00002ecc   Section        0  nrfx_pdm.o(i.nrfx_pdm_start)
    i.nrfx_prs_acquire                       0x00002efc   Section        0  nrfx_prs.o(i.nrfx_prs_acquire)
    i.nrfx_prs_release                       0x00002f00   Section        0  nrfx_prs.o(i.nrfx_prs_release)
    i.nrfx_spim_init                         0x00002f04   Section        0  nrfx_spim.o(i.nrfx_spim_init)
    i.nrfx_spim_uninit                       0x0000306c   Section        0  nrfx_spim.o(i.nrfx_spim_uninit)
    i.nrfx_spim_xfer                         0x000030f4   Section        0  nrfx_spim.o(i.nrfx_spim_xfer)
    i.nrfx_uarte_init                        0x00003158   Section        0  nrfx_uarte.o(i.nrfx_uarte_init)
    i.nrfx_uarte_tx                          0x000031c4   Section        0  nrfx_uarte.o(i.nrfx_uarte_tx)
    i.nrfx_uarte_tx_in_progress              0x00003270   Section        0  nrfx_uarte.o(i.nrfx_uarte_tx_in_progress)
    i.nrfx_uarte_uninit                      0x0000328c   Section        0  nrfx_uarte.o(i.nrfx_uarte_uninit)
    i.postfix_process                        0x00003388   Section        0  nrf_log_str_formatter.o(i.postfix_process)
    postfix_process                          0x00003389   Thumb Code    48  nrf_log_str_formatter.o(i.postfix_process)
    i.prefix_process                         0x000033c4   Section        0  nrf_log_str_formatter.o(i.prefix_process)
    prefix_process                           0x000033c5   Thumb Code    90  nrf_log_str_formatter.o(i.prefix_process)
    i.put_fat                                0x0000345c   Section        0  ff.o(i.put_fat)
    put_fat                                  0x0000345d   Thumb Code   234  ff.o(i.put_fat)
    i.remove_chain                           0x00003546   Section        0  ff.o(i.remove_chain)
    remove_chain                             0x00003547   Thumb Code   116  ff.o(i.remove_chain)
    i.rx_done_event                          0x000035ba   Section        0  nrfx_uarte.o(i.rx_done_event)
    rx_done_event                            0x000035bb   Thumb Code    22  nrfx_uarte.o(i.rx_done_event)
    i.sdc_cmd                                0x000035d0   Section        0  app_sdcard.o(i.sdc_cmd)
    sdc_cmd                                  0x000035d1   Thumb Code   178  app_sdcard.o(i.sdc_cmd)
    i.sdc_handler                            0x00003688   Section        0  nrf_block_dev_sdc.o(i.sdc_handler)
    sdc_handler                              0x00003689   Thumb Code   148  nrf_block_dev_sdc.o(i.sdc_handler)
    i.sdc_pt_identification                  0x00003724   Section        0  app_sdcard.o(i.sdc_pt_identification)
    sdc_pt_identification                    0x00003725   Thumb Code   662  app_sdcard.o(i.sdc_pt_identification)
    i.sdc_pt_read                            0x000039c0   Section        0  app_sdcard.o(i.sdc_pt_read)
    sdc_pt_read                              0x000039c1   Thumb Code   122  app_sdcard.o(i.sdc_pt_read)
    i.sdc_pt_sub_data_read                   0x00003a40   Section        0  app_sdcard.o(i.sdc_pt_sub_data_read)
    sdc_pt_sub_data_read                     0x00003a41   Thumb Code   348  app_sdcard.o(i.sdc_pt_sub_data_read)
    i.sdc_pt_write                           0x00003ba0   Section        0  app_sdcard.o(i.sdc_pt_write)
    sdc_pt_write                             0x00003ba1   Thumb Code   516  app_sdcard.o(i.sdc_pt_write)
    i.sdc_spi_transfer                       0x00003da8   Section        0  app_sdcard.o(i.sdc_spi_transfer)
    sdc_spi_transfer                         0x00003da9   Thumb Code    50  app_sdcard.o(i.sdc_spi_transfer)
    i.serial_tx                              0x00003de4   Section        0  nrf_log_backend_uart.o(i.serial_tx)
    serial_tx                                0x00003de5   Thumb Code    38  nrf_log_backend_uart.o(i.serial_tx)
    i.spi_handler                            0x00003e10   Section        0  app_sdcard.o(i.spi_handler)
    spi_handler                              0x00003e11   Thumb Code   436  app_sdcard.o(i.spi_handler)
    i.spim_evt_handler                       0x00003fc8   Section        0  nrf_drv_spi.o(i.spim_evt_handler)
    spim_evt_handler                         0x00003fc9   Thumb Code    52  nrf_drv_spi.o(i.spim_evt_handler)
    i.spim_xfer                              0x00004000   Section        0  nrfx_spim.o(i.spim_xfer)
    spim_xfer                                0x00004001   Thumb Code   188  nrfx_spim.o(i.spim_xfer)
    i.st_clust                               0x000040bc   Section        0  ff.o(i.st_clust)
    st_clust                                 0x000040bd   Thumb Code    40  ff.o(i.st_clust)
    i.st_dword                               0x000040e4   Section        0  ff.o(i.st_dword)
    st_dword                                 0x000040e5   Thumb Code    16  ff.o(i.st_dword)
    i.st_word                                0x000040f4   Section        0  ff.o(i.st_word)
    st_word                                  0x000040f5   Thumb Code     8  ff.o(i.st_word)
    i.std_n                                  0x000040fc   Section        0  nrf_log_frontend.o(i.std_n)
    std_n                                    0x000040fd   Thumb Code   140  nrf_log_frontend.o(i.std_n)
    i.sync_fs                                0x00004190   Section        0  ff.o(i.sync_fs)
    sync_fs                                  0x00004191   Thumb Code   126  ff.o(i.sync_fs)
    i.sync_window                            0x00004218   Section        0  ff.o(i.sync_window)
    sync_window                              0x00004219   Thumb Code    82  ff.o(i.sync_window)
    i.tx_done_event                          0x0000426a   Section        0  nrfx_uarte.o(i.tx_done_event)
    tx_done_event                            0x0000426b   Thumb Code    26  nrfx_uarte.o(i.tx_done_event)
    i.uart_evt_handler                       0x00004284   Section        0  nrf_log_backend_uart.o(i.uart_evt_handler)
    uart_evt_handler                         0x00004285   Thumb Code     8  nrf_log_backend_uart.o(i.uart_evt_handler)
    i.uart_init                              0x00004290   Section        0  nrf_log_backend_uart.o(i.uart_init)
    uart_init                                0x00004291   Thumb Code    66  nrf_log_backend_uart.o(i.uart_init)
    i.uarte_evt_handler                      0x000042e0   Section        0  nrf_drv_uart.o(i.uarte_evt_handler)
    uarte_evt_handler                        0x000042e1   Thumb Code    42  nrf_drv_uart.o(i.uarte_evt_handler)
    i.uarte_irq_handler                      0x00004310   Section        0  nrfx_uarte.o(i.uarte_irq_handler)
    uarte_irq_handler                        0x00004311   Thumb Code   274  nrfx_uarte.o(i.uarte_irq_handler)
    i.unsigned_print                         0x00004424   Section        0  nrf_fprintf_format.o(i.unsigned_print)
    unsigned_print                           0x00004425   Thumb Code   176  nrf_fprintf_format.o(i.unsigned_print)
    i.validate                               0x000044d8   Section        0  ff.o(i.validate)
    validate                                 0x000044d9   Thumb Code    50  ff.o(i.validate)
    locale$$code                             0x0000450c   Section       44  lc_ctype_c.o(locale$$code)
    .constdata                               0x00004538   Section       28  main.o(.constdata)
    m_block_dev_sdc                          0x00004538   Data          28  main.o(.constdata)
    .constdata                               0x00004554   Section       12  main.o(.constdata)
    .constdata                               0x00004560   Section       16  nrf_drv_spi.o(.constdata)
    .constdata                               0x00004570   Section        4  nrfx_spim.o(.constdata)
    irq_handlers                             0x00004570   Data           4  nrfx_spim.o(.constdata)
    .constdata                               0x00004574   Section        4  nrfx_uarte.o(.constdata)
    irq_handlers                             0x00004574   Data           4  nrfx_uarte.o(.constdata)
    .constdata                               0x00004578   Section       24  nrfx_pdm.o(.constdata)
    .constdata                               0x00004590   Section       32  app_sdcard.o(.constdata)
    m_spi                                    0x00004590   Data          16  app_sdcard.o(.constdata)
    .constdata                               0x000045b0   Section       24  nrf_block_dev_sdc.o(.constdata)
    .constdata                               0x000045c8   Section       72  nrf_block_dev_sdc.o(.constdata)
    .constdata                               0x00004610   Section       16  nrf_fprintf_format.o(.constdata)
    _aV2C                                    0x00004610   Data          16  nrf_fprintf_format.o(.constdata)
    .constdata                               0x00004620   Section       12  nrf_log_backend_uart.o(.constdata)
    .constdata                               0x0000462c   Section       32  nrf_log_backend_uart.o(.constdata)
    .conststring                             0x0000464c   Section       19  main.o(.conststring)
    .conststring                             0x00004660   Section      102  nrf_log_str_formatter.o(.conststring)
    .conststrlit                             0x000046c8   Section        4  nrfx_prs.o(.conststrlit)
    .conststrlit                             0x000046cc   Section        5  nrfx_spim.o(.conststrlit)
    .conststrlit                             0x000046d4   Section        6  nrfx_uarte.o(.conststrlit)
    .conststrlit                             0x000046dc   Section        4  nrfx_pdm.o(.conststrlit)
    .conststrlit                             0x000046e0   Section       17  nrf_log_default_backends.o(.conststrlit)
    .conststrlit                             0x000046f4   Section        4  nrf_log_frontend.o(.conststrlit)
    locale$$data                             0x00004718   Section      272  lc_ctype_c.o(locale$$data)
    __lcctype_c_name                         0x0000471c   Data           2  lc_ctype_c.o(locale$$data)
    __lcctype_c_start                        0x00004724   Data           0  lc_ctype_c.o(locale$$data)
    log_backends                             0x00004828   Section       16  nrf_log_default_backends.o(log_backends)
    __lcctype_c_end                          0x00004828   Data           0  lc_ctype_c.o(locale$$data)
    __tagsym$$used                           0x00004828   Number         0  nrf_log_default_backends.o(log_backends)
    uart_log_backend                         0x00004828   Data          16  nrf_log_default_backends.o(log_backends)
    log_const_data                           0x00004838   Section        8  nrfx_prs.o(log_const_data)
    __tagsym$$used                           0x00004838   Number         0  nrfx_prs.o(log_const_data)
    log_const_data                           0x00004840   Section        8  nrfx_spim.o(log_const_data)
    __tagsym$$used                           0x00004840   Number         0  nrfx_spim.o(log_const_data)
    log_const_data                           0x00004848   Section        8  nrfx_uarte.o(log_const_data)
    __tagsym$$used                           0x00004848   Number         0  nrfx_uarte.o(log_const_data)
    log_const_data                           0x00004850   Section        8  nrfx_pdm.o(log_const_data)
    __tagsym$$used                           0x00004850   Number         0  nrfx_pdm.o(log_const_data)
    log_const_data                           0x00004858   Section        8  nrf_log_frontend.o(log_const_data)
    __tagsym$$used                           0x00004858   Number         0  nrf_log_frontend.o(log_const_data)
    nrf_balloc                               0x00004860   Section       20  nrf_log_frontend.o(nrf_balloc)
    __tagsym$$used                           0x00004860   Number         0  nrf_log_frontend.o(nrf_balloc)
    .data                                    0x20000000   Section       16  main.o(.data)
    drives                                   0x20000004   Data          12  main.o(.data)
    .data                                    0x20000010   Section        8  diskio_blkdev.o(.data)
    m_drives_count                           0x20000010   Data           1  diskio_blkdev.o(.data)
    m_drives                                 0x20000014   Data           4  diskio_blkdev.o(.data)
    .data                                    0x20000018   Section        8  ff.o(.data)
    Fsid                                     0x20000018   Data           2  ff.o(.data)
    FatFs                                    0x2000001c   Data           4  ff.o(.data)
    .data                                    0x20000020   Section       16  nrf_drv_spi.o(.data)
    m_handlers                               0x20000020   Data           8  nrf_drv_spi.o(.data)
    m_contexts                               0x20000028   Data           8  nrf_drv_spi.o(.data)
    .data                                    0x20000030   Section        8  nrf_drv_uart.o(.data)
    m_handlers                               0x20000030   Data           4  nrf_drv_uart.o(.data)
    m_contexts                               0x20000034   Data           4  nrf_drv_uart.o(.data)
    .data                                    0x20000038   Section        4  app_util_platform.o(.data)
    m_in_critical_region                     0x20000038   Data           4  app_util_platform.o(.data)
    .data                                    0x2000003c   Section        8  nrf_block_dev_sdc.o(.data)
    m_last_result                            0x2000003c   Data           1  nrf_block_dev_sdc.o(.data)
    m_active_sdc_dev                         0x20000040   Data           4  nrf_block_dev_sdc.o(.data)
    .data                                    0x20000044   Section       16  nrf_log_backend_uart.o(.data)
    m_xfer_done                              0x20000044   Data           1  nrf_log_backend_uart.o(.data)
    m_async_mode                             0x20000045   Data           1  nrf_log_backend_uart.o(.data)
    .data                                    0x20000054   Section        8  nrf_log_default_backends.o(.data)
    log_backend_cb_uart_log_backend          0x20000054   Data           8  nrf_log_default_backends.o(.data)
    .data                                    0x2000005c   Section        4  nrf_log_frontend.o(.data)
    m_buffer_mask                            0x2000005c   Data           4  nrf_log_frontend.o(.data)
    .data                                    0x20000060   Section        8  nrf_log_frontend.o(.data)
    log_mempool_nrf_balloc_pool_stack        0x20000060   Data           8  nrf_log_frontend.o(.data)
    .data                                    0x20000068   Section        8  nrf_log_frontend.o(.data)
    log_mempool_nrf_balloc_cb                0x20000068   Data           8  nrf_log_frontend.o(.data)
    .data                                    0x20000070   Section       64  nrf_log_str_formatter.o(.data)
    m_freq                                   0x20000070   Data           4  nrf_log_str_formatter.o(.data)
    m_timestamp_div                          0x20000074   Data           4  nrf_log_str_formatter.o(.data)
    severity_names                           0x20000078   Data          20  nrf_log_str_formatter.o(.data)
    m_colors                                 0x2000008c   Data          36  nrf_log_str_formatter.o(.data)
    .data                                    0x200000b0   Section        4  system_nrf52811.o(.data)
    __tagsym$$used                           0x200000b0   Number         0  system_nrf52811.o(.data)
    .bss                                     0x200000b4   Section     5252  main.o(.bss)
    fs                                       0x200000b4   Data         560  main.o(.bss)
    dir                                      0x200002e4   Data          44  main.o(.bss)
    file                                     0x20000310   Data         552  main.o(.bss)
    .bss                                     0x20001538   Section       28  main.o(.bss)
    m_block_dev_sdc_work                     0x20001538   Data          28  main.o(.bss)
    .bss                                     0x20001554   Section       36  nrfx_spim.o(.bss)
    m_cb                                     0x20001554   Data          36  nrfx_spim.o(.bss)
    .bss                                     0x20001578   Section       36  nrfx_uarte.o(.bss)
    m_cb                                     0x20001578   Data          36  nrfx_uarte.o(.bss)
    .bss                                     0x2000159c   Section       24  nrfx_pdm.o(.bss)
    m_cb                                     0x2000159c   Data          24  nrfx_pdm.o(.bss)
    .bss                                     0x200015b4   Section       92  app_sdcard.o(.bss)
    m_cb                                     0x200015b4   Data          92  app_sdcard.o(.bss)
    .bss                                     0x20001610   Section       64  nrf_log_backend_uart.o(.bss)
    m_string_buff                            0x20001610   Data          64  nrf_log_backend_uart.o(.bss)
    .bss                                     0x20001650   Section      192  nrf_log_frontend.o(.bss)
    log_mempool_nrf_balloc_pool_mem          0x20001650   Data         192  nrf_log_frontend.o(.bss)
    .bss                                     0x20001710   Section     1056  nrf_log_frontend.o(.bss)
    m_log_data                               0x20001710   Data        1056  nrf_log_frontend.o(.bss)
    .bss                                     0x20001b30   Section       96  libspace.o(.bss)
    HEAP                                     0x20001b90   Section     8192  arm_startup_nrf52811.o(HEAP)
    Heap_Mem                                 0x20001b90   Data        8192  arm_startup_nrf52811.o(HEAP)
    STACK                                    0x20003b90   Section     8192  arm_startup_nrf52811.o(STACK)
    Stack_Mem                                0x20003b90   Data        8192  arm_startup_nrf52811.o(STACK)
    __initial_sp                             0x20005b90   Data           0  arm_startup_nrf52811.o(STACK)

    Global Symbols

    Symbol Name                              Value     Ov Type        Size  Object(Section)

    BuildAttributes$$THM_ISAv4$E$P$D$K$B$S$7EM$PE$A:L22UL41UL21$X:L11$S22US41US21$IEEE1$IW$USESV6$~STKCKD$USESV7$~SHL$OSPACE$ROPI$EBA8$UX$STANDARDLIB$REQ8$EABIv2 0x00000000   Number         0  anon$$obj.o ABSOLUTE
    __ARM_use_no_argv                        0x00000000   Number         0  main.o ABSOLUTE
    __Vectors                                0x00000000   Data           4  arm_startup_nrf52811.o(RESET)
    __ARM_exceptions_init                     - Undefined Weak Reference
    __alloca_initialize                       - Undefined Weak Reference
    __arm_preinit_                            - Undefined Weak Reference
    __cpp_initialize__aeabi_                  - Undefined Weak Reference
    __cxa_finalize                            - Undefined Weak Reference
    __sigvec_lookup                           - Undefined Weak Reference
    _atexit_init                              - Undefined Weak Reference
    _call_atexit_fns                          - Undefined Weak Reference
    _clock_init                               - Undefined Weak Reference
    _fp_trap_init                             - Undefined Weak Reference
    _fp_trap_shutdown                         - Undefined Weak Reference
    _get_lc_collate                           - Undefined Weak Reference
    _get_lc_monetary                          - Undefined Weak Reference
    _get_lc_numeric                           - Undefined Weak Reference
    _get_lc_time                              - Undefined Weak Reference
    _getenv_init                              - Undefined Weak Reference
    _handle_redirection                       - Undefined Weak Reference
    _init_alloc                               - Undefined Weak Reference
    _init_user_alloc                          - Undefined Weak Reference
    _initio                                   - Undefined Weak Reference
    _rand_init                                - Undefined Weak Reference
    _signal_finish                            - Undefined Weak Reference
    _signal_init                              - Undefined Weak Reference
    _terminate_alloc                          - Undefined Weak Reference
    _terminate_user_alloc                     - Undefined Weak Reference
    _terminateio                              - Undefined Weak Reference
    log_dynamic_data$$Base                    - Undefined Reference
    __Vectors_End                            0x00000200   Data           0  arm_startup_nrf52811.o(RESET)
    __Vectors_Size                           0x00000200   Number         0  arm_startup_nrf52811.o ABSOLUTE
    __main                                   0x00000201   Thumb Code     8  __main.o(!!!main)
    __scatterload                            0x00000209   Thumb Code     0  __scatter.o(!!!scatter)
    __scatterload_rt2                        0x00000209   Thumb Code    44  __scatter.o(!!!scatter)
    __scatterload_rt2_thumb_only             0x00000209   Thumb Code     0  __scatter.o(!!!scatter)
    __scatterload_null                       0x00000217   Thumb Code     0  __scatter.o(!!!scatter)
    __scatterload_copy                       0x0000023d   Thumb Code    26  __scatter_copy.o(!!handler_copy)
    __scatterload_zeroinit                   0x00000259   Thumb Code    28  __scatter_zi.o(!!handler_zi)
    __rt_lib_init                            0x00000275   Thumb Code     0  libinit.o(.ARM.Collect$$libinit$$00000000)
    __rt_lib_init_fp_1                       0x00000277   Thumb Code     0  libinit2.o(.ARM.Collect$$libinit$$00000002)
    __rt_lib_init_heap_1                     0x00000277   Thumb Code     0  libinit2.o(.ARM.Collect$$libinit$$0000000A)
    __rt_lib_init_lc_common                  0x00000277   Thumb Code     0  libinit2.o(.ARM.Collect$$libinit$$0000000F)
    __rt_lib_init_preinit_1                  0x00000277   Thumb Code     0  libinit2.o(.ARM.Collect$$libinit$$00000004)
    __rt_lib_init_rand_1                     0x00000277   Thumb Code     0  libinit2.o(.ARM.Collect$$libinit$$0000000E)
    __rt_lib_init_user_alloc_1               0x00000277   Thumb Code     0  libinit2.o(.ARM.Collect$$libinit$$0000000C)
    __rt_lib_init_lc_collate_1               0x0000027d   Thumb Code     0  libinit2.o(.ARM.Collect$$libinit$$00000011)
    __rt_lib_init_lc_ctype_2                 0x0000027d   Thumb Code     0  libinit2.o(.ARM.Collect$$libinit$$00000012)
    __rt_lib_init_alloca_1                   0x00000289   Thumb Code     0  libinit2.o(.ARM.Collect$$libinit$$0000002E)
    __rt_lib_init_argv_1                     0x00000289   Thumb Code     0  libinit2.o(.ARM.Collect$$libinit$$0000002C)
    __rt_lib_init_atexit_1                   0x00000289   Thumb Code     0  libinit2.o(.ARM.Collect$$libinit$$0000001B)
    __rt_lib_init_clock_1                    0x00000289   Thumb Code     0  libinit2.o(.ARM.Collect$$libinit$$00000021)
    __rt_lib_init_cpp_1                      0x00000289   Thumb Code     0  libinit2.o(.ARM.Collect$$libinit$$00000032)
    __rt_lib_init_exceptions_1               0x00000289   Thumb Code     0  libinit2.o(.ARM.Collect$$libinit$$00000030)
    __rt_lib_init_fp_trap_1                  0x00000289   Thumb Code     0  libinit2.o(.ARM.Collect$$libinit$$0000001F)
    __rt_lib_init_getenv_1                   0x00000289   Thumb Code     0  libinit2.o(.ARM.Collect$$libinit$$00000023)
    __rt_lib_init_lc_ctype_1                 0x00000289   Thumb Code     0  libinit2.o(.ARM.Collect$$libinit$$00000013)
    __rt_lib_init_lc_monetary_1              0x00000289   Thumb Code     0  libinit2.o(.ARM.Collect$$libinit$$00000015)
    __rt_lib_init_lc_numeric_1               0x00000289   Thumb Code     0  libinit2.o(.ARM.Collect$$libinit$$00000017)
    __rt_lib_init_lc_time_1                  0x00000289   Thumb Code     0  libinit2.o(.ARM.Collect$$libinit$$00000019)
    __rt_lib_init_return                     0x00000289   Thumb Code     0  libinit2.o(.ARM.Collect$$libinit$$00000033)
    __rt_lib_init_signal_1                   0x00000289   Thumb Code     0  libinit2.o(.ARM.Collect$$libinit$$0000001D)
    __rt_lib_init_stdio_1                    0x00000289   Thumb Code     0  libinit2.o(.ARM.Collect$$libinit$$00000025)
    __rt_lib_shutdown                        0x0000028b   Thumb Code     0  libshutdown.o(.ARM.Collect$$libshutdown$$00000000)
    __rt_lib_shutdown_cpp_1                  0x0000028d   Thumb Code     0  libshutdown2.o(.ARM.Collect$$libshutdown$$00000002)
    __rt_lib_shutdown_fp_trap_1              0x0000028d   Thumb Code     0  libshutdown2.o(.ARM.Collect$$libshutdown$$00000007)
    __rt_lib_shutdown_heap_1                 0x0000028d   Thumb Code     0  libshutdown2.o(.ARM.Collect$$libshutdown$$0000000F)
    __rt_lib_shutdown_return                 0x0000028d   Thumb Code     0  libshutdown2.o(.ARM.Collect$$libshutdown$$00000010)
    __rt_lib_shutdown_signal_1               0x0000028d   Thumb Code     0  libshutdown2.o(.ARM.Collect$$libshutdown$$0000000A)
    __rt_lib_shutdown_stdio_1                0x0000028d   Thumb Code     0  libshutdown2.o(.ARM.Collect$$libshutdown$$00000004)
    __rt_lib_shutdown_user_alloc_1           0x0000028d   Thumb Code     0  libshutdown2.o(.ARM.Collect$$libshutdown$$0000000C)
    __rt_entry                               0x0000028f   Thumb Code     0  __rtentry.o(.ARM.Collect$$rtentry$$00000000)
    __rt_entry_presh_1                       0x0000028f   Thumb Code     0  __rtentry2.o(.ARM.Collect$$rtentry$$00000002)
    __rt_entry_sh                            0x0000028f   Thumb Code     0  __rtentry4.o(.ARM.Collect$$rtentry$$00000004)
    __rt_entry_li                            0x00000295   Thumb Code     0  __rtentry2.o(.ARM.Collect$$rtentry$$0000000A)
    __rt_entry_postsh_1                      0x00000295   Thumb Code     0  __rtentry2.o(.ARM.Collect$$rtentry$$00000009)
    __rt_entry_main                          0x00000299   Thumb Code     0  __rtentry2.o(.ARM.Collect$$rtentry$$0000000D)
    __rt_entry_postli_1                      0x00000299   Thumb Code     0  __rtentry2.o(.ARM.Collect$$rtentry$$0000000C)
    __rt_exit                                0x000002a1   Thumb Code     0  rtexit.o(.ARM.Collect$$rtexit$$00000000)
    __rt_exit_ls                             0x000002a3   Thumb Code     0  rtexit2.o(.ARM.Collect$$rtexit$$00000003)
    __rt_exit_prels_1                        0x000002a3   Thumb Code     0  rtexit2.o(.ARM.Collect$$rtexit$$00000002)
    __rt_exit_exit                           0x000002a7   Thumb Code     0  rtexit2.o(.ARM.Collect$$rtexit$$00000004)
    __asm___12_nrf_atomic_c_85ca2469__nrf_atomic_internal_mov 0x000002ad   Thumb Code    24  nrf_atomic.o(.emb_text)
    __asm___12_nrf_atomic_c_85ca2469__nrf_atomic_internal_orr 0x000002c5   Thumb Code    26  nrf_atomic.o(.emb_text)
    __asm___12_nrf_atomic_c_85ca2469__nrf_atomic_internal_and 0x000002df   Thumb Code    26  nrf_atomic.o(.emb_text)
    __asm___12_nrf_atomic_c_85ca2469__nrf_atomic_internal_eor 0x000002f9   Thumb Code    26  nrf_atomic.o(.emb_text)
    __asm___12_nrf_atomic_c_85ca2469__nrf_atomic_internal_add 0x00000313   Thumb Code    26  nrf_atomic.o(.emb_text)
    __asm___12_nrf_atomic_c_85ca2469__nrf_atomic_internal_sub 0x0000032d   Thumb Code    26  nrf_atomic.o(.emb_text)
    __asm___12_nrf_atomic_c_85ca2469__nrf_atomic_internal_cmp_exch 0x00000347   Thumb Code    42  nrf_atomic.o(.emb_text)
    __asm___12_nrf_atomic_c_85ca2469__nrf_atomic_internal_sub_hs 0x00000371   Thumb Code    30  nrf_atomic.o(.emb_text)
    Reset_Handler                            0x00000391   Thumb Code     8  arm_startup_nrf52811.o(.text)
    NMI_Handler                              0x00000399   Thumb Code     2  arm_startup_nrf52811.o(.text)
    HardFault_Handler                        0x0000039b   Thumb Code     2  arm_startup_nrf52811.o(.text)
    MemoryManagement_Handler                 0x0000039d   Thumb Code     2  arm_startup_nrf52811.o(.text)
    BusFault_Handler                         0x0000039f   Thumb Code     2  arm_startup_nrf52811.o(.text)
    UsageFault_Handler                       0x000003a1   Thumb Code     2  arm_startup_nrf52811.o(.text)
    SVC_Handler                              0x000003a3   Thumb Code     2  arm_startup_nrf52811.o(.text)
    DebugMon_Handler                         0x000003a5   Thumb Code     2  arm_startup_nrf52811.o(.text)
    PendSV_Handler                           0x000003a7   Thumb Code     2  arm_startup_nrf52811.o(.text)
    SysTick_Handler                          0x000003a9   Thumb Code     2  arm_startup_nrf52811.o(.text)
    CCM_AAR_IRQHandler                       0x000003ab   Thumb Code     0  arm_startup_nrf52811.o(.text)
    COMP_IRQHandler                          0x000003ab   Thumb Code     0  arm_startup_nrf52811.o(.text)
    ECB_IRQHandler                           0x000003ab   Thumb Code     0  arm_startup_nrf52811.o(.text)
    GPIOTE_IRQHandler                        0x000003ab   Thumb Code     0  arm_startup_nrf52811.o(.text)
    POWER_CLOCK_IRQHandler                   0x000003ab   Thumb Code     0  arm_startup_nrf52811.o(.text)
    PWM0_IRQHandler                          0x000003ab   Thumb Code     0  arm_startup_nrf52811.o(.text)
    QDEC_IRQHandler                          0x000003ab   Thumb Code     0  arm_startup_nrf52811.o(.text)
    RADIO_IRQHandler                         0x000003ab   Thumb Code     0  arm_startup_nrf52811.o(.text)
    RNG_IRQHandler                           0x000003ab   Thumb Code     0  arm_startup_nrf52811.o(.text)
    RTC0_IRQHandler                          0x000003ab   Thumb Code     0  arm_startup_nrf52811.o(.text)
    RTC1_IRQHandler                          0x000003ab   Thumb Code     0  arm_startup_nrf52811.o(.text)
    SAADC_IRQHandler                         0x000003ab   Thumb Code     0  arm_startup_nrf52811.o(.text)
    SWI0_EGU0_IRQHandler                     0x000003ab   Thumb Code     0  arm_startup_nrf52811.o(.text)
    SWI1_EGU1_IRQHandler                     0x000003ab   Thumb Code     0  arm_startup_nrf52811.o(.text)
    SWI2_IRQHandler                          0x000003ab   Thumb Code     0  arm_startup_nrf52811.o(.text)
    SWI3_IRQHandler                          0x000003ab   Thumb Code     0  arm_startup_nrf52811.o(.text)
    SWI4_IRQHandler                          0x000003ab   Thumb Code     0  arm_startup_nrf52811.o(.text)
    SWI5_IRQHandler                          0x000003ab   Thumb Code     0  arm_startup_nrf52811.o(.text)
    TEMP_IRQHandler                          0x000003ab   Thumb Code     0  arm_startup_nrf52811.o(.text)
    TIMER0_IRQHandler                        0x000003ab   Thumb Code     0  arm_startup_nrf52811.o(.text)
    TIMER1_IRQHandler                        0x000003ab   Thumb Code     0  arm_startup_nrf52811.o(.text)
    TIMER2_IRQHandler                        0x000003ab   Thumb Code     0  arm_startup_nrf52811.o(.text)
    TWIM0_TWIS0_TWI0_SPIM1_SPIS1_SPI1_IRQHandler 0x000003ab   Thumb Code     0  arm_startup_nrf52811.o(.text)
    WDT_IRQHandler                           0x000003ab   Thumb Code     0  arm_startup_nrf52811.o(.text)
    __user_initial_stackheap                 0x000003ad   Thumb Code    10  arm_startup_nrf52811.o(.text)
    __rt_ctype_table                         0x000003d1   Thumb Code    16  rt_ctype_table.o(.text)
    strlen                                   0x000003e1   Thumb Code    62  strlen.o(.text)
    __aeabi_memcpy                           0x0000041f   Thumb Code     0  rt_memcpy_v6.o(.text)
    __rt_memcpy                              0x0000041f   Thumb Code   138  rt_memcpy_v6.o(.text)
    _memcpy_lastbytes                        0x00000485   Thumb Code     0  rt_memcpy_v6.o(.text)
    __aeabi_memcpy4                          0x000004a9   Thumb Code     0  rt_memcpy_w.o(.text)
    __aeabi_memcpy8                          0x000004a9   Thumb Code     0  rt_memcpy_w.o(.text)
    __rt_memcpy_w                            0x000004a9   Thumb Code   100  rt_memcpy_w.o(.text)
    _memcpy_lastbytes_aligned                0x000004f1   Thumb Code     0  rt_memcpy_w.o(.text)
    __aeabi_memclr4                          0x0000050d   Thumb Code     0  rt_memclr_w.o(.text)
    __aeabi_memclr8                          0x0000050d   Thumb Code     0  rt_memclr_w.o(.text)
    __rt_memclr_w                            0x0000050d   Thumb Code    78  rt_memclr_w.o(.text)
    _memset_w                                0x00000511   Thumb Code     0  rt_memclr_w.o(.text)
    __use_two_region_memory                  0x0000055b   Thumb Code     2  heapauxi.o(.text)
    __rt_heap_escrow$2region                 0x0000055d   Thumb Code     2  heapauxi.o(.text)
    __rt_heap_expand$2region                 0x0000055f   Thumb Code     2  heapauxi.o(.text)
    __rt_locale                              0x00000561   Thumb Code     8  rt_locale_intlibspace.o(.text)
    __user_libspace                          0x00000569   Thumb Code     8  libspace.o(.text)
    __user_perproc_libspace                  0x00000569   Thumb Code     0  libspace.o(.text)
    __user_perthread_libspace                0x00000569   Thumb Code     0  libspace.o(.text)
    strcmp                                   0x00000571   Thumb Code   128  strcmpv7m.o(.text)
    __user_setup_stackheap                   0x000005f1   Thumb Code    74  sys_stackheap_outer.o(.text)
    exit                                     0x0000063b   Thumb Code    18  exit.o(.text)
    _sys_exit                                0x0000064d   Thumb Code     8  sys_exit.o(.text)
    __I$use$semihosting                      0x00000659   Thumb Code     0  use_no_semi.o(.text)
    __use_no_semihosting_swi                 0x00000659   Thumb Code     2  use_no_semi.o(.text)
    __semihosting_library_function           0x0000065b   Thumb Code     0  indicate_semi.o(.text)
    PDM_IRQHandler                           0x0000065d   Thumb Code   224  nrfx_pdm.o(i.PDM_IRQHandler)
    SPIM0_SPIS0_SPI0_IRQHandler              0x00000749   Thumb Code    78  nrfx_spim.o(i.SPIM0_SPIS0_SPI0_IRQHandler)
    SystemInit                               0x0000079d   Thumb Code   240  system_nrf52811.o(i.SystemInit)
    UARTE0_UART0_IRQHandler                  0x000008a9   Thumb Code     8  nrfx_uarte.o(i.UARTE0_UART0_IRQHandler)
    app_error_fault_handler                  0x000008d1   Thumb Code    74  app_error_weak.o(i.app_error_fault_handler)
    app_error_handler_bare                   0x00000949   Thumb Code    22  app_error.o(i.app_error_handler_bare)
    app_sdc_block_read                       0x00000961   Thumb Code    84  app_sdcard.o(i.app_sdc_block_read)
    app_sdc_block_write                      0x000009b9   Thumb Code   104  app_sdcard.o(i.app_sdc_block_write)
    app_sdc_busy_check                       0x00000a25   Thumb Code    24  app_sdcard.o(i.app_sdc_busy_check)
    app_sdc_info_get                         0x00000a41   Thumb Code    18  app_sdcard.o(i.app_sdc_info_get)
    app_sdc_init                             0x00000a59   Thumb Code   190  app_sdcard.o(i.app_sdc_init)
    app_sdc_uninit                           0x00000b25   Thumb Code    62  app_sdcard.o(i.app_sdc_uninit)
    app_util_critical_region_enter           0x00000b6d   Thumb Code     4  app_util_platform.o(i.app_util_critical_region_enter)
    app_util_critical_region_exit            0x00000b71   Thumb Code     4  app_util_platform.o(i.app_util_critical_region_exit)
    app_util_disable_irq                     0x00000b75   Thumb Code    12  app_util_platform.o(i.app_util_disable_irq)
    app_util_enable_irq                      0x00000b85   Thumb Code    14  app_util_platform.o(i.app_util_enable_irq)
    buffer_is_empty                          0x00000eed   Thumb Code    18  nrf_log_frontend.o(i.buffer_is_empty)
    disk_initialize                          0x00001359   Thumb Code   114  diskio_blkdev.o(i.disk_initialize)
    disk_ioctl                               0x000013d9   Thumb Code   118  diskio_blkdev.o(i.disk_ioctl)
    disk_read                                0x00001455   Thumb Code   120  diskio_blkdev.o(i.disk_read)
    disk_status                              0x000014d1   Thumb Code    26  diskio_blkdev.o(i.disk_status)
    disk_write                               0x000014f1   Thumb Code   130  diskio_blkdev.o(i.disk_write)
    diskio_blockdev_register                 0x00001579   Thumb Code     8  diskio_blkdev.o(i.diskio_blockdev_register)
    f_close                                  0x000015d1   Thumb Code    30  ff.o(i.f_close)
    f_mount                                  0x000015f1   Thumb Code    72  ff.o(i.f_mount)
    f_open                                   0x0000163d   Thumb Code   432  ff.o(i.f_open)
    f_opendir                                0x000017f1   Thumb Code    98  ff.o(i.f_opendir)
    f_sync                                   0x00001855   Thumb Code   138  ff.o(i.f_sync)
    f_write                                  0x000018e5   Thumb Code   382  ff.o(i.f_write)
    main                                     0x00002141   Thumb Code    36  main.o(i.main)
    nrf_atomic_flag_clear_fetch              0x00002273   Thumb Code     6  nrf_atomic.o(i.nrf_atomic_flag_clear_fetch)
    nrf_atomic_flag_set                      0x00002279   Thumb Code     6  nrf_atomic.o(i.nrf_atomic_flag_set)
    nrf_atomic_u32_add                       0x0000227f   Thumb Code    12  nrf_atomic.o(i.nrf_atomic_u32_add)
    nrf_atomic_u32_fetch_and                 0x0000228b   Thumb Code    10  nrf_atomic.o(i.nrf_atomic_u32_fetch_and)
    nrf_atomic_u32_fetch_store               0x00002295   Thumb Code    10  nrf_atomic.o(i.nrf_atomic_u32_fetch_store)
    nrf_atomic_u32_or                        0x0000229f   Thumb Code    12  nrf_atomic.o(i.nrf_atomic_u32_or)
    nrf_atomic_u32_sub                       0x000022ab   Thumb Code    12  nrf_atomic.o(i.nrf_atomic_u32_sub)
    nrf_balloc_alloc                         0x000022b7   Thumb Code    62  nrf_balloc.o(i.nrf_balloc_alloc)
    nrf_balloc_free                          0x000022f5   Thumb Code    42  nrf_balloc.o(i.nrf_balloc_free)
    nrf_drv_spi_init                         0x00002325   Thumb Code    98  nrf_drv_spi.o(i.nrf_drv_spi_init)
    nrf_drv_uart_init                        0x000023ad   Thumb Code    56  nrf_drv_uart.o(i.nrf_drv_uart_init)
    nrf_fprintf                              0x000023ed   Thumb Code    26  nrf_fprintf.o(i.nrf_fprintf)
    nrf_fprintf_buffer_flush                 0x00002407   Thumb Code    24  nrf_fprintf.o(i.nrf_fprintf_buffer_flush)
    nrf_fprintf_fmt                          0x0000241f   Thumb Code   474  nrf_fprintf_format.o(i.nrf_fprintf_fmt)
    nrf_log_backend_serial_put               0x000026ff   Thumb Code   200  nrf_log_backend_serial.o(i.nrf_log_backend_serial_put)
    nrf_log_color_id_get                     0x000027f9   Thumb Code    42  nrf_log_frontend.o(i.nrf_log_color_id_get)
    nrf_log_frontend_dequeue                 0x00002829   Thumb Code   522  nrf_log_frontend.o(i.nrf_log_frontend_dequeue)
    nrf_log_frontend_std_0                   0x00002a5d   Thumb Code     8  nrf_log_frontend.o(i.nrf_log_frontend_std_0)
    nrf_log_hexdump_entry_process            0x00002a65   Thumb Code   150  nrf_log_str_formatter.o(i.nrf_log_hexdump_entry_process)
    nrf_log_module_cnt_get                   0x00002b15   Thumb Code    10  nrf_log_frontend.o(i.nrf_log_module_cnt_get)
    nrf_log_module_name_get                  0x00002b29   Thumb Code    24  nrf_log_frontend.o(i.nrf_log_module_name_get)
    nrf_log_panic                            0x00002b45   Thumb Code    36  nrf_log_frontend.o(i.nrf_log_panic)
    nrf_log_std_entry_process                0x00002b6d   Thumb Code   182  nrf_log_str_formatter.o(i.nrf_log_std_entry_process)
    nrf_memobj_alloc                         0x00002c23   Thumb Code    96  nrf_memobj.o(i.nrf_memobj_alloc)
    nrf_memobj_free                          0x00002c83   Thumb Code    50  nrf_memobj.o(i.nrf_memobj_free)
    nrf_memobj_get                           0x00002cb5   Thumb Code     8  nrf_memobj.o(i.nrf_memobj_get)
    nrf_memobj_put                           0x00002cbd   Thumb Code    30  nrf_memobj.o(i.nrf_memobj_put)
    nrf_memobj_read                          0x00002cdb   Thumb Code    16  nrf_memobj.o(i.nrf_memobj_read)
    nrf_memobj_write                         0x00002ceb   Thumb Code    16  nrf_memobj.o(i.nrf_memobj_write)
    nrfx_pdm_buffer_set                      0x00002d61   Thumb Code   130  nrfx_pdm.o(i.nrfx_pdm_buffer_set)
    nrfx_pdm_init                            0x00002df1   Thumb Code   204  nrfx_pdm.o(i.nrfx_pdm_init)
    nrfx_pdm_start                           0x00002ecd   Thumb Code    42  nrfx_pdm.o(i.nrfx_pdm_start)
    nrfx_prs_acquire                         0x00002efd   Thumb Code     4  nrfx_prs.o(i.nrfx_prs_acquire)
    nrfx_prs_release                         0x00002f01   Thumb Code     2  nrfx_prs.o(i.nrfx_prs_release)
    nrfx_spim_init                           0x00002f05   Thumb Code   352  nrfx_spim.o(i.nrfx_spim_init)
    nrfx_spim_uninit                         0x0000306d   Thumb Code   126  nrfx_spim.o(i.nrfx_spim_uninit)
    nrfx_spim_xfer                           0x000030f5   Thumb Code    94  nrfx_spim.o(i.nrfx_spim_xfer)
    nrfx_uarte_init                          0x00003159   Thumb Code   100  nrfx_uarte.o(i.nrfx_uarte_init)
    nrfx_uarte_tx                            0x000031c5   Thumb Code   166  nrfx_uarte.o(i.nrfx_uarte_tx)
    nrfx_uarte_tx_in_progress                0x00003271   Thumb Code    22  nrfx_uarte.o(i.nrfx_uarte_tx_in_progress)
    nrfx_uarte_uninit                        0x0000328d   Thumb Code   242  nrfx_uarte.o(i.nrfx_uarte_uninit)
    _get_lc_ctype                            0x0000450d   Thumb Code    44  lc_ctype_c.o(locale$$code)
    nrf_block_device_sdc_ops                 0x000045b0   Data          24  nrf_block_dev_sdc.o(.constdata)
    nrf_log_backend_uart_api                 0x00004620   Data          12  nrf_log_backend_uart.o(.constdata)
    Region$$Table$$Base                      0x000046f8   Number         0  anon$$obj.o(Region$$Table)
    Region$$Table$$Limit                     0x00004718   Number         0  anon$$obj.o(Region$$Table)
    __ctype                                  0x00004725   Data           0  lc_ctype_c.o(locale$$data)
    log_const_data$$Base                     0x00004838   Number         0  nrfx_prs.o(log_const_data)
    m_nrf_log_PRS_logs_data_const            0x00004838   Data           8  nrfx_prs.o(log_const_data)
    m_nrf_log_SPIM_logs_data_const           0x00004840   Data           8  nrfx_spim.o(log_const_data)
    m_nrf_log_UARTE_logs_data_const          0x00004848   Data           8  nrfx_uarte.o(log_const_data)
    m_nrf_log_PDM_logs_data_const            0x00004850   Data           8  nrfx_pdm.o(log_const_data)
    m_nrf_log_app_logs_data_const            0x00004858   Data           8  nrf_log_frontend.o(log_const_data)
    log_const_data$$Limit                    0x00004860   Number         0  nrf_log_frontend.o(log_const_data)
    log_mempool                              0x00004860   Data          20  nrf_log_frontend.o(nrf_balloc)
    flag                                     0x20000000   Data           1  main.o(.data)
    WriteFlag                                0x20000001   Data           1  main.o(.data)
    m_uart                                   0x20000048   Data          12  nrf_log_backend_uart.o(.data)
    SystemCoreClock                          0x200000b0   Data           4  system_nrf52811.o(.data)
    buff1                                    0x20000538   Data        2048  main.o(.bss)
    buff2                                    0x20000d38   Data        2048  main.o(.bss)
    __libspace_start                         0x20001b30   Data          96  libspace.o(.bss)
    __temporary_stack_top$libspace           0x20001b90   Data           0  libspace.o(.bss)



==============================================================================

Memory Map of the image

  Image Entry point : 0x00000201

  Load Region LR_IROM1 (Base: 0x00000000, Size: 0x00004928, Max: 0x00030000, ABSOLUTE)

    Execution Region ER_IROM1 (Exec base: 0x00000000, Load base: 0x00000000, Size: 0x00004874, Max: 0x00030000, ABSOLUTE)

    Exec Addr    Load Addr    Size         Type   Attr      Idx    E Section Name        Object

    0x00000000   0x00000000   0x00000200   Data   RO         2820    RESET               arm_startup_nrf52811.o
    0x00000200   0x00000200   0x00000008   Code   RO         2875  * !!!main             c_w.l(__main.o)
    0x00000208   0x00000208   0x00000034   Code   RO         3042    !!!scatter          c_w.l(__scatter.o)
    0x0000023c   0x0000023c   0x0000001a   Code   RO         3044    !!handler_copy      c_w.l(__scatter_copy.o)
    0x00000256   0x00000256   0x00000002   PAD
    0x00000258   0x00000258   0x0000001c   Code   RO         3046    !!handler_zi        c_w.l(__scatter_zi.o)
    0x00000274   0x00000274   0x00000002   Code   RO         2962    .ARM.Collect$$libinit$$00000000  c_w.l(libinit.o)
    0x00000276   0x00000276   0x00000000   Code   RO         2907    .ARM.Collect$$libinit$$00000002  c_w.l(libinit2.o)
    0x00000276   0x00000276   0x00000000   Code   RO         2909    .ARM.Collect$$libinit$$00000004  c_w.l(libinit2.o)
    0x00000276   0x00000276   0x00000000   Code   RO         2912    .ARM.Collect$$libinit$$0000000A  c_w.l(libinit2.o)
    0x00000276   0x00000276   0x00000000   Code   RO         2914    .ARM.Collect$$libinit$$0000000C  c_w.l(libinit2.o)
    0x00000276   0x00000276   0x00000000   Code   RO         2916    .ARM.Collect$$libinit$$0000000E  c_w.l(libinit2.o)
    0x00000276   0x00000276   0x00000006   Code   RO         2917    .ARM.Collect$$libinit$$0000000F  c_w.l(libinit2.o)
    0x0000027c   0x0000027c   0x00000000   Code   RO         2919    .ARM.Collect$$libinit$$00000011  c_w.l(libinit2.o)
    0x0000027c   0x0000027c   0x0000000c   Code   RO         2920    .ARM.Collect$$libinit$$00000012  c_w.l(libinit2.o)
    0x00000288   0x00000288   0x00000000   Code   RO         2921    .ARM.Collect$$libinit$$00000013  c_w.l(libinit2.o)
    0x00000288   0x00000288   0x00000000   Code   RO         2923    .ARM.Collect$$libinit$$00000015  c_w.l(libinit2.o)
    0x00000288   0x00000288   0x00000000   Code   RO         2925    .ARM.Collect$$libinit$$00000017  c_w.l(libinit2.o)
    0x00000288   0x00000288   0x00000000   Code   RO         2927    .ARM.Collect$$libinit$$00000019  c_w.l(libinit2.o)
    0x00000288   0x00000288   0x00000000   Code   RO         2929    .ARM.Collect$$libinit$$0000001B  c_w.l(libinit2.o)
    0x00000288   0x00000288   0x00000000   Code   RO         2931    .ARM.Collect$$libinit$$0000001D  c_w.l(libinit2.o)
    0x00000288   0x00000288   0x00000000   Code   RO         2933    .ARM.Collect$$libinit$$0000001F  c_w.l(libinit2.o)
    0x00000288   0x00000288   0x00000000   Code   RO         2935    .ARM.Collect$$libinit$$00000021  c_w.l(libinit2.o)
    0x00000288   0x00000288   0x00000000   Code   RO         2937    .ARM.Collect$$libinit$$00000023  c_w.l(libinit2.o)
    0x00000288   0x00000288   0x00000000   Code   RO         2939    .ARM.Collect$$libinit$$00000025  c_w.l(libinit2.o)
    0x00000288   0x00000288   0x00000000   Code   RO         2943    .ARM.Collect$$libinit$$0000002C  c_w.l(libinit2.o)
    0x00000288   0x00000288   0x00000000   Code   RO         2945    .ARM.Collect$$libinit$$0000002E  c_w.l(libinit2.o)
    0x00000288   0x00000288   0x00000000   Code   RO         2947    .ARM.Collect$$libinit$$00000030  c_w.l(libinit2.o)
    0x00000288   0x00000288   0x00000000   Code   RO         2949    .ARM.Collect$$libinit$$00000032  c_w.l(libinit2.o)
    0x00000288   0x00000288   0x00000002   Code   RO         2950    .ARM.Collect$$libinit$$00000033  c_w.l(libinit2.o)
    0x0000028a   0x0000028a   0x00000002   Code   RO         2999    .ARM.Collect$$libshutdown$$00000000  c_w.l(libshutdown.o)
    0x0000028c   0x0000028c   0x00000000   Code   RO         3005    .ARM.Collect$$libshutdown$$00000002  c_w.l(libshutdown2.o)
    0x0000028c   0x0000028c   0x00000000   Code   RO         3007    .ARM.Collect$$libshutdown$$00000004  c_w.l(libshutdown2.o)
    0x0000028c   0x0000028c   0x00000000   Code   RO         3010    .ARM.Collect$$libshutdown$$00000007  c_w.l(libshutdown2.o)
    0x0000028c   0x0000028c   0x00000000   Code   RO         3013    .ARM.Collect$$libshutdown$$0000000A  c_w.l(libshutdown2.o)
    0x0000028c   0x0000028c   0x00000000   Code   RO         3015    .ARM.Collect$$libshutdown$$0000000C  c_w.l(libshutdown2.o)
    0x0000028c   0x0000028c   0x00000000   Code   RO         3018    .ARM.Collect$$libshutdown$$0000000F  c_w.l(libshutdown2.o)
    0x0000028c   0x0000028c   0x00000002   Code   RO         3019    .ARM.Collect$$libshutdown$$00000010  c_w.l(libshutdown2.o)
    0x0000028e   0x0000028e   0x00000000   Code   RO         2877    .ARM.Collect$$rtentry$$00000000  c_w.l(__rtentry.o)
    0x0000028e   0x0000028e   0x00000000   Code   RO         2890    .ARM.Collect$$rtentry$$00000002  c_w.l(__rtentry2.o)
    0x0000028e   0x0000028e   0x00000006   Code   RO         2902    .ARM.Collect$$rtentry$$00000004  c_w.l(__rtentry4.o)
    0x00000294   0x00000294   0x00000000   Code   RO         2892    .ARM.Collect$$rtentry$$00000009  c_w.l(__rtentry2.o)
    0x00000294   0x00000294   0x00000004   Code   RO         2893    .ARM.Collect$$rtentry$$0000000A  c_w.l(__rtentry2.o)
    0x00000298   0x00000298   0x00000000   Code   RO         2895    .ARM.Collect$$rtentry$$0000000C  c_w.l(__rtentry2.o)
    0x00000298   0x00000298   0x00000008   Code   RO         2896    .ARM.Collect$$rtentry$$0000000D  c_w.l(__rtentry2.o)
    0x000002a0   0x000002a0   0x00000002   Code   RO         2965    .ARM.Collect$$rtexit$$00000000  c_w.l(rtexit.o)
    0x000002a2   0x000002a2   0x00000000   Code   RO         2974    .ARM.Collect$$rtexit$$00000002  c_w.l(rtexit2.o)
    0x000002a2   0x000002a2   0x00000004   Code   RO         2975    .ARM.Collect$$rtexit$$00000003  c_w.l(rtexit2.o)
    0x000002a6   0x000002a6   0x00000006   Code   RO         2976    .ARM.Collect$$rtexit$$00000004  c_w.l(rtexit2.o)
    0x000002ac   0x000002ac   0x000000e2   Code   RO         1929    .emb_text           nrf_atomic.o
    0x0000038e   0x0000038e   0x00000002   PAD
    0x00000390   0x00000390   0x00000040   Code   RO         2821    .text               arm_startup_nrf52811.o
    0x000003d0   0x000003d0   0x00000010   Code   RO         2863    .text               c_w.l(rt_ctype_table.o)
    0x000003e0   0x000003e0   0x0000003e   Code   RO         2865    .text               c_w.l(strlen.o)
    0x0000041e   0x0000041e   0x0000008a   Code   RO         2867    .text               c_w.l(rt_memcpy_v6.o)
    0x000004a8   0x000004a8   0x00000064   Code   RO         2869    .text               c_w.l(rt_memcpy_w.o)
    0x0000050c   0x0000050c   0x0000004e   Code   RO         2871    .text               c_w.l(rt_memclr_w.o)
    0x0000055a   0x0000055a   0x00000006   Code   RO         2873    .text               c_w.l(heapauxi.o)
    0x00000560   0x00000560   0x00000008   Code   RO         2881    .text               c_w.l(rt_locale_intlibspace.o)
    0x00000568   0x00000568   0x00000008   Code   RO         2886    .text               c_w.l(libspace.o)
    0x00000570   0x00000570   0x00000080   Code   RO         2904    .text               c_w.l(strcmpv7m.o)
    0x000005f0   0x000005f0   0x0000004a   Code   RO         2951    .text               c_w.l(sys_stackheap_outer.o)
    0x0000063a   0x0000063a   0x00000012   Code   RO         2953    .text               c_w.l(exit.o)
    0x0000064c   0x0000064c   0x0000000c   Code   RO         2986    .text               c_w.l(sys_exit.o)
    0x00000658   0x00000658   0x00000002   Code   RO         2988    .text               c_w.l(use_no_semi.o)
    0x0000065a   0x0000065a   0x00000000   Code   RO         2990    .text               c_w.l(indicate_semi.o)
    0x0000065a   0x0000065a   0x00000002   PAD
    0x0000065c   0x0000065c   0x000000ec   Code   RO         1344    i.PDM_IRQHandler    nrfx_pdm.o
    0x00000748   0x00000748   0x00000054   Code   RO         1036    i.SPIM0_SPIS0_SPI0_IRQHandler  nrfx_spim.o
    0x0000079c   0x0000079c   0x0000010c   Code   RO         2829    i.SystemInit        system_nrf52811.o
    0x000008a8   0x000008a8   0x00000010   Code   RO         1166    i.UARTE0_UART0_IRQHandler  nrfx_uarte.o
    0x000008b8   0x000008b8   0x00000016   Code   RO         1345    i._NRFX_IRQ_ENABLE  nrfx_pdm.o
    0x000008ce   0x000008ce   0x00000002   PAD
    0x000008d0   0x000008d0   0x00000078   Code   RO         1511    i.app_error_fault_handler  app_error_weak.o
    0x00000948   0x00000948   0x00000016   Code   RO         1447    i.app_error_handler_bare  app_error.o
    0x0000095e   0x0000095e   0x00000002   PAD
    0x00000960   0x00000960   0x00000058   Code   RO         1624    i.app_sdc_block_read  app_sdcard.o
    0x000009b8   0x000009b8   0x0000006c   Code   RO         1625    i.app_sdc_block_write  app_sdcard.o
    0x00000a24   0x00000a24   0x0000001c   Code   RO         1626    i.app_sdc_busy_check  app_sdcard.o
    0x00000a40   0x00000a40   0x00000018   Code   RO         1627    i.app_sdc_info_get  app_sdcard.o
    0x00000a58   0x00000a58   0x000000cc   Code   RO         1628    i.app_sdc_init      app_sdcard.o
    0x00000b24   0x00000b24   0x00000048   Code   RO         1629    i.app_sdc_uninit    app_sdcard.o
    0x00000b6c   0x00000b6c   0x00000004   Code   RO         1840    i.app_util_critical_region_enter  app_util_platform.o
    0x00000b70   0x00000b70   0x00000004   Code   RO         1841    i.app_util_critical_region_exit  app_util_platform.o
    0x00000b74   0x00000b74   0x00000010   Code   RO         1842    i.app_util_disable_irq  app_util_platform.o
    0x00000b84   0x00000b84   0x00000014   Code   RO         1843    i.app_util_enable_irq  app_util_platform.o
    0x00000b98   0x00000b98   0x00000088   Code   RO         1167    i.apply_config      nrfx_uarte.o
    0x00000c20   0x00000c20   0x0000002c   Code   RO          391    i.block_dev_handler  diskio_blkdev.o
    0x00000c4c   0x00000c4c   0x00000004   Code   RO         2105    i.block_dev_sdc_geometry  nrf_block_dev_sdc.o
    0x00000c50   0x00000c50   0x00000074   Code   RO         2106    i.block_dev_sdc_init  nrf_block_dev_sdc.o
    0x00000cc4   0x00000cc4   0x00000020   Code   RO         2107    i.block_dev_sdc_ioctl  nrf_block_dev_sdc.o
    0x00000ce4   0x00000ce4   0x0000007c   Code   RO         2108    i.block_dev_sdc_read_req  nrf_block_dev_sdc.o
    0x00000d60   0x00000d60   0x00000054   Code   RO         2109    i.block_dev_sdc_uninit  nrf_block_dev_sdc.o
    0x00000db4   0x00000db4   0x0000007c   Code   RO         2110    i.block_dev_sdc_write_req  nrf_block_dev_sdc.o
    0x00000e30   0x00000e30   0x0000008c   Code   RO         2582    i.buf_prealloc      nrf_log_frontend.o
    0x00000ebc   0x00000ebc   0x0000002e   Code   RO         2208    i.buffer_add        nrf_fprintf_format.o
    0x00000eea   0x00000eea   0x00000002   PAD
    0x00000eec   0x00000eec   0x00000018   Code   RO         2583    i.buffer_is_empty   nrf_log_frontend.o
    0x00000f04   0x00000f04   0x00000070   Code   RO          480    i.check_fs          ff.o
    0x00000f74   0x00000f74   0x00000018   Code   RO          481    i.clust2sect        ff.o
    0x00000f8c   0x00000f8c   0x000000a4   Code   RO          482    i.create_chain      ff.o
    0x00001030   0x00001030   0x000000e4   Code   RO          483    i.create_name       ff.o
    0x00001114   0x00001114   0x00000004   Code   RO          392    i.default_wait_func  diskio_blkdev.o
    0x00001118   0x00001118   0x00000064   Code   RO          484    i.dir_find          ff.o
    0x0000117c   0x0000117c   0x000000f4   Code   RO          485    i.dir_next          ff.o
    0x00001270   0x00001270   0x00000066   Code   RO          487    i.dir_register      ff.o
    0x000012d6   0x000012d6   0x00000082   Code   RO          489    i.dir_sdi           ff.o
    0x00001358   0x00001358   0x00000080   Code   RO          393    i.disk_initialize   diskio_blkdev.o
    0x000013d8   0x000013d8   0x0000007c   Code   RO          394    i.disk_ioctl        diskio_blkdev.o
    0x00001454   0x00001454   0x0000007c   Code   RO          395    i.disk_read         diskio_blkdev.o
    0x000014d0   0x000014d0   0x00000020   Code   RO          396    i.disk_status       diskio_blkdev.o
    0x000014f0   0x000014f0   0x00000088   Code   RO          398    i.disk_write        diskio_blkdev.o
    0x00001578   0x00001578   0x0000000c   Code   RO          399    i.diskio_blockdev_register  diskio_blkdev.o
    0x00001584   0x00001584   0x00000014   Code   RO         2584    i.dropped_sat16_get  nrf_log_frontend.o
    0x00001598   0x00001598   0x00000038   Code   RO            4    i.drv_pdm_hand      main.o
    0x000015d0   0x000015d0   0x0000001e   Code   RO          490    i.f_close           ff.o
    0x000015ee   0x000015ee   0x00000002   PAD
    0x000015f0   0x000015f0   0x0000004c   Code   RO          496    i.f_mount           ff.o
    0x0000163c   0x0000163c   0x000001b4   Code   RO          497    i.f_open            ff.o
    0x000017f0   0x000017f0   0x00000062   Code   RO          498    i.f_opendir         ff.o
    0x00001852   0x00001852   0x00000002   PAD
    0x00001854   0x00001854   0x00000090   Code   RO          503    i.f_sync            ff.o
    0x000018e4   0x000018e4   0x0000017e   Code   RO          506    i.f_write           ff.o
    0x00001a62   0x00001a62   0x00000002   PAD
    0x00001a64   0x00001a64   0x000000d4   Code   RO            5    i.fatfs_example     main.o
    0x00001b38   0x00001b38   0x0000024c   Code   RO          507    i.find_volume       ff.o
    0x00001d84   0x00001d84   0x00000074   Code   RO          508    i.follow_path       ff.o
    0x00001df8   0x00001df8   0x000000be   Code   RO          509    i.get_fat           ff.o
    0x00001eb6   0x00001eb6   0x0000003c   Code   RO          511    i.get_ldnumber      ff.o
    0x00001ef2   0x00001ef2   0x00000002   PAD
    0x00001ef4   0x00001ef4   0x000000a6   Code   RO         2209    i.int_print         nrf_fprintf_format.o
    0x00001f9a   0x00001f9a   0x00000002   PAD
    0x00001f9c   0x00001f9c   0x00000084   Code   RO         1168    i.interrupts_enable  nrfx_uarte.o
    0x00002020   0x00002020   0x00000034   Code   RO         2585    i.invalid_packets_omit  nrf_log_frontend.o
    0x00002054   0x00002054   0x00000026   Code   RO          512    i.ld_clust          ff.o
    0x0000207a   0x0000207a   0x00000016   Code   RO          513    i.ld_dword          ff.o
    0x00002090   0x00002090   0x0000000a   Code   RO          514    i.ld_word           ff.o
    0x0000209a   0x0000209a   0x00000002   PAD
    0x0000209c   0x0000209c   0x000000a4   Code   RO         2586    i.log_skip          nrf_log_frontend.o
    0x00002140   0x00002140   0x00000030   Code   RO            6    i.main              main.o
    0x00002170   0x00002170   0x00000012   Code   RO          515    i.mem_cpy           ff.o
    0x00002182   0x00002182   0x00000002   PAD
    0x00002184   0x00002184   0x0000000e   Code   RO          516    i.mem_set           ff.o
    0x00002192   0x00002192   0x0000007e   Code   RO         2248    i.memobj_op         nrf_memobj.o
    0x00002210   0x00002210   0x00000030   Code   RO         2587    i.module_idx_get    nrf_log_frontend.o
    0x00002240   0x00002240   0x00000032   Code   RO          517    i.move_window       ff.o
    0x00002272   0x00002272   0x00000006   Code   RO         1931    i.nrf_atomic_flag_clear_fetch  nrf_atomic.o
    0x00002278   0x00002278   0x00000006   Code   RO         1932    i.nrf_atomic_flag_set  nrf_atomic.o
    0x0000227e   0x0000227e   0x0000000c   Code   RO         1934    i.nrf_atomic_u32_add  nrf_atomic.o
    0x0000228a   0x0000228a   0x0000000a   Code   RO         1938    i.nrf_atomic_u32_fetch_and  nrf_atomic.o
    0x00002294   0x00002294   0x0000000a   Code   RO         1940    i.nrf_atomic_u32_fetch_store  nrf_atomic.o
    0x0000229e   0x0000229e   0x0000000c   Code   RO         1944    i.nrf_atomic_u32_or  nrf_atomic.o
    0x000022aa   0x000022aa   0x0000000c   Code   RO         1946    i.nrf_atomic_u32_sub  nrf_atomic.o
    0x000022b6   0x000022b6   0x0000003e   Code   RO         2068    i.nrf_balloc_alloc  nrf_balloc.o
    0x000022f4   0x000022f4   0x0000002a   Code   RO         2069    i.nrf_balloc_free   nrf_balloc.o
    0x0000231e   0x0000231e   0x00000006   Code   RO          400    i.nrf_blk_dev_ioctl  diskio_blkdev.o
    0x00002324   0x00002324   0x00000070   Code   RO          742    i.nrf_drv_spi_init  nrf_drv_spi.o
    0x00002394   0x00002394   0x00000016   Code   RO         1630    i.nrf_drv_spi_transfer  app_sdcard.o
    0x000023aa   0x000023aa   0x00000002   PAD
    0x000023ac   0x000023ac   0x00000040   Code   RO          789    i.nrf_drv_uart_init  nrf_drv_uart.o
    0x000023ec   0x000023ec   0x0000001a   Code   RO         2169    i.nrf_fprintf       nrf_fprintf.o
    0x00002406   0x00002406   0x00000018   Code   RO         2170    i.nrf_fprintf_buffer_flush  nrf_fprintf.o
    0x0000241e   0x0000241e   0x000001da   Code   RO         2210    i.nrf_fprintf_fmt   nrf_fprintf_format.o
    0x000025f8   0x000025f8   0x00000024   Code   RO         1037    i.nrf_gpio_cfg      nrfx_spim.o
    0x0000261c   0x0000261c   0x00000024   Code   RO         1169    i.nrf_gpio_cfg      nrfx_uarte.o
    0x00002640   0x00002640   0x00000024   Code   RO         1346    i.nrf_gpio_cfg      nrfx_pdm.o
    0x00002664   0x00002664   0x00000024   Code   RO         1631    i.nrf_gpio_cfg      app_sdcard.o
    0x00002688   0x00002688   0x00000012   Code   RO         1170    i.nrf_gpio_cfg_default  nrfx_uarte.o
    0x0000269a   0x0000269a   0x00000012   Code   RO         1171    i.nrf_gpio_cfg_input  nrfx_uarte.o
    0x000026ac   0x000026ac   0x00000014   Code   RO         1038    i.nrf_gpio_cfg_output  nrfx_spim.o
    0x000026c0   0x000026c0   0x00000014   Code   RO         1172    i.nrf_gpio_cfg_output  nrfx_uarte.o
    0x000026d4   0x000026d4   0x0000000e   Code   RO         1039    i.nrf_gpio_pin_clear  nrfx_spim.o
    0x000026e2   0x000026e2   0x0000000e   Code   RO         1040    i.nrf_gpio_pin_set  nrfx_spim.o
    0x000026f0   0x000026f0   0x0000000e   Code   RO         1632    i.nrf_gpio_pin_set  app_sdcard.o
    0x000026fe   0x000026fe   0x000000c8   Code   RO         2440    i.nrf_log_backend_serial_put  nrf_log_backend_serial.o
    0x000027c6   0x000027c6   0x00000002   Code   RO         2480    i.nrf_log_backend_uart_flush  nrf_log_backend_uart.o
    0x000027c8   0x000027c8   0x00000018   Code   RO         2482    i.nrf_log_backend_uart_panic_set  nrf_log_backend_uart.o
    0x000027e0   0x000027e0   0x00000018   Code   RO         2483    i.nrf_log_backend_uart_put  nrf_log_backend_uart.o
    0x000027f8   0x000027f8   0x00000030   Code   RO         2590    i.nrf_log_color_id_get  nrf_log_frontend.o
    0x00002828   0x00002828   0x00000234   Code   RO         2591    i.nrf_log_frontend_dequeue  nrf_log_frontend.o
    0x00002a5c   0x00002a5c   0x00000008   Code   RO         2593    i.nrf_log_frontend_std_0  nrf_log_frontend.o
    0x00002a64   0x00002a64   0x000000b0   Code   RO         2769    i.nrf_log_hexdump_entry_process  nrf_log_str_formatter.o
    0x00002b14   0x00002b14   0x00000014   Code   RO         2601    i.nrf_log_module_cnt_get  nrf_log_frontend.o
    0x00002b28   0x00002b28   0x0000001c   Code   RO         2604    i.nrf_log_module_name_get  nrf_log_frontend.o
    0x00002b44   0x00002b44   0x00000028   Code   RO         2605    i.nrf_log_panic     nrf_log_frontend.o
    0x00002b6c   0x00002b6c   0x000000b6   Code   RO         2770    i.nrf_log_std_entry_process  nrf_log_str_formatter.o
    0x00002c22   0x00002c22   0x00000060   Code   RO         2249    i.nrf_memobj_alloc  nrf_memobj.o
    0x00002c82   0x00002c82   0x00000032   Code   RO         2250    i.nrf_memobj_free   nrf_memobj.o
    0x00002cb4   0x00002cb4   0x00000008   Code   RO         2251    i.nrf_memobj_get    nrf_memobj.o
    0x00002cbc   0x00002cbc   0x0000001e   Code   RO         2253    i.nrf_memobj_put    nrf_memobj.o
    0x00002cda   0x00002cda   0x00000010   Code   RO         2254    i.nrf_memobj_read   nrf_memobj.o
    0x00002cea   0x00002cea   0x00000010   Code   RO         2255    i.nrf_memobj_write  nrf_memobj.o
    0x00002cfa   0x00002cfa   0x00000002   PAD
    0x00002cfc   0x00002cfc   0x00000010   Code   RO         1347    i.nrf_pdm_event_check  nrfx_pdm.o
    0x00002d0c   0x00002d0c   0x00000014   Code   RO         1348    i.nrf_pdm_event_clear  nrfx_pdm.o
    0x00002d20   0x00002d20   0x0000000a   Code   RO         1041    i.nrf_spim_event_check  nrfx_spim.o
    0x00002d2a   0x00002d2a   0x0000000a   Code   RO         1173    i.nrf_uarte_event_check  nrfx_uarte.o
    0x00002d34   0x00002d34   0x0000000c   Code   RO         1174    i.nrf_uarte_event_clear  nrfx_uarte.o
    0x00002d40   0x00002d40   0x00000010   Code   RO         1042    i.nrfx_is_in_ram    nrfx_spim.o
    0x00002d50   0x00002d50   0x00000010   Code   RO         1175    i.nrfx_is_in_ram    nrfx_uarte.o
    0x00002d60   0x00002d60   0x00000090   Code   RO         1349    i.nrfx_pdm_buffer_set  nrfx_pdm.o
    0x00002df0   0x00002df0   0x000000dc   Code   RO         1350    i.nrfx_pdm_init     nrfx_pdm.o
    0x00002ecc   0x00002ecc   0x00000030   Code   RO         1351    i.nrfx_pdm_start    nrfx_pdm.o
    0x00002efc   0x00002efc   0x00000004   Code   RO          970    i.nrfx_prs_acquire  nrfx_prs.o
    0x00002f00   0x00002f00   0x00000002   Code   RO          971    i.nrfx_prs_release  nrfx_prs.o
    0x00002f02   0x00002f02   0x00000002   PAD
    0x00002f04   0x00002f04   0x00000168   Code   RO         1045    i.nrfx_spim_init    nrfx_spim.o
    0x0000306c   0x0000306c   0x00000088   Code   RO         1047    i.nrfx_spim_uninit  nrfx_spim.o
    0x000030f4   0x000030f4   0x00000064   Code   RO         1048    i.nrfx_spim_xfer    nrfx_spim.o
    0x00003158   0x00003158   0x0000006c   Code   RO         1177    i.nrfx_uarte_init   nrfx_uarte.o
    0x000031c4   0x000031c4   0x000000ac   Code   RO         1181    i.nrfx_uarte_tx     nrfx_uarte.o
    0x00003270   0x00003270   0x0000001c   Code   RO         1183    i.nrfx_uarte_tx_in_progress  nrfx_uarte.o
    0x0000328c   0x0000328c   0x000000fc   Code   RO         1184    i.nrfx_uarte_uninit  nrfx_uarte.o
    0x00003388   0x00003388   0x0000003c   Code   RO         2772    i.postfix_process   nrf_log_str_formatter.o
    0x000033c4   0x000033c4   0x00000098   Code   RO         2773    i.prefix_process    nrf_log_str_formatter.o
    0x0000345c   0x0000345c   0x000000ea   Code   RO          518    i.put_fat           ff.o
    0x00003546   0x00003546   0x00000074   Code   RO          519    i.remove_chain      ff.o
    0x000035ba   0x000035ba   0x00000016   Code   RO         1185    i.rx_done_event     nrfx_uarte.o
    0x000035d0   0x000035d0   0x000000b8   Code   RO         1633    i.sdc_cmd           app_sdcard.o
    0x00003688   0x00003688   0x0000009c   Code   RO         2111    i.sdc_handler       nrf_block_dev_sdc.o
    0x00003724   0x00003724   0x0000029c   Code   RO         1634    i.sdc_pt_identification  app_sdcard.o
    0x000039c0   0x000039c0   0x00000080   Code   RO         1635    i.sdc_pt_read       app_sdcard.o
    0x00003a40   0x00003a40   0x00000160   Code   RO         1636    i.sdc_pt_sub_data_read  app_sdcard.o
    0x00003ba0   0x00003ba0   0x00000208   Code   RO         1637    i.sdc_pt_write      app_sdcard.o
    0x00003da8   0x00003da8   0x0000003c   Code   RO         1638    i.sdc_spi_transfer  app_sdcard.o
    0x00003de4   0x00003de4   0x0000002c   Code   RO         2484    i.serial_tx         nrf_log_backend_uart.o
    0x00003e10   0x00003e10   0x000001b8   Code   RO         1639    i.spi_handler       app_sdcard.o
    0x00003fc8   0x00003fc8   0x00000038   Code   RO          743    i.spim_evt_handler  nrf_drv_spi.o
    0x00004000   0x00004000   0x000000bc   Code   RO         1049    i.spim_xfer         nrfx_spim.o
    0x000040bc   0x000040bc   0x00000028   Code   RO          520    i.st_clust          ff.o
    0x000040e4   0x000040e4   0x00000010   Code   RO          521    i.st_dword          ff.o
    0x000040f4   0x000040f4   0x00000008   Code   RO          522    i.st_word           ff.o
    0x000040fc   0x000040fc   0x00000094   Code   RO         2607    i.std_n             nrf_log_frontend.o
    0x00004190   0x00004190   0x00000088   Code   RO          523    i.sync_fs           ff.o
    0x00004218   0x00004218   0x00000052   Code   RO          524    i.sync_window       ff.o
    0x0000426a   0x0000426a   0x0000001a   Code   RO         1186    i.tx_done_event     nrfx_uarte.o
    0x00004284   0x00004284   0x0000000c   Code   RO         2485    i.uart_evt_handler  nrf_log_backend_uart.o
    0x00004290   0x00004290   0x00000050   Code   RO         2486    i.uart_init         nrf_log_backend_uart.o
    0x000042e0   0x000042e0   0x00000030   Code   RO          790    i.uarte_evt_handler  nrf_drv_uart.o
    0x00004310   0x00004310   0x00000112   Code   RO         1187    i.uarte_irq_handler  nrfx_uarte.o
    0x00004422   0x00004422   0x00000002   PAD
    0x00004424   0x00004424   0x000000b4   Code   RO         2211    i.unsigned_print    nrf_fprintf_format.o
    0x000044d8   0x000044d8   0x00000032   Code   RO          525    i.validate          ff.o
    0x0000450a   0x0000450a   0x00000002   PAD
    0x0000450c   0x0000450c   0x0000002c   Code   RO         2884    locale$$code        c_w.l(lc_ctype_c.o)
    0x00004538   0x00004538   0x0000001c   Data   RO            9    .constdata          main.o
    0x00004554   0x00004554   0x0000000c   Data   RO           10    .constdata          main.o
    0x00004560   0x00004560   0x00000010   Data   RO          744    .constdata          nrf_drv_spi.o
    0x00004570   0x00004570   0x00000004   Data   RO         1052    .constdata          nrfx_spim.o
    0x00004574   0x00004574   0x00000004   Data   RO         1190    .constdata          nrfx_uarte.o
    0x00004578   0x00004578   0x00000018   Data   RO         1355    .constdata          nrfx_pdm.o
    0x00004590   0x00004590   0x00000020   Data   RO         1641    .constdata          app_sdcard.o
    0x000045b0   0x000045b0   0x00000018   Data   RO         2112    .constdata          nrf_block_dev_sdc.o
    0x000045c8   0x000045c8   0x00000048   Data   RO         2113    .constdata          nrf_block_dev_sdc.o
    0x00004610   0x00004610   0x00000010   Data   RO         2212    .constdata          nrf_fprintf_format.o
    0x00004620   0x00004620   0x0000000c   Data   RO         2488    .constdata          nrf_log_backend_uart.o
    0x0000462c   0x0000462c   0x00000020   Data   RO         2489    .constdata          nrf_log_backend_uart.o
    0x0000464c   0x0000464c   0x00000013   Data   RO           11    .conststring        main.o
    0x0000465f   0x0000465f   0x00000001   PAD
    0x00004660   0x00004660   0x00000066   Data   RO         2774    .conststring        nrf_log_str_formatter.o
    0x000046c6   0x000046c6   0x00000002   PAD
    0x000046c8   0x000046c8   0x00000004   Data   RO          973    .conststrlit        nrfx_prs.o
    0x000046cc   0x000046cc   0x00000005   Data   RO         1055    .conststrlit        nrfx_spim.o
    0x000046d1   0x000046d1   0x00000003   PAD
    0x000046d4   0x000046d4   0x00000006   Data   RO         1193    .conststrlit        nrfx_uarte.o
    0x000046da   0x000046da   0x00000002   PAD
    0x000046dc   0x000046dc   0x00000004   Data   RO         1359    .conststrlit        nrfx_pdm.o
    0x000046e0   0x000046e0   0x00000011   Data   RO         2547    .conststrlit        nrf_log_default_backends.o
    0x000046f1   0x000046f1   0x00000003   PAD
    0x000046f4   0x000046f4   0x00000004   Data   RO         2613    .conststrlit        nrf_log_frontend.o
    0x000046f8   0x000046f8   0x00000020   Data   RO         3040    Region$$Table       anon$$obj.o
    0x00004718   0x00004718   0x00000110   Data   RO         2883    locale$$data        c_w.l(lc_ctype_c.o)
    0x00004828   0x00004828   0x00000010   Data   RO         2549    log_backends        nrf_log_default_backends.o
    0x00004838   0x00004838   0x00000008   Data   RO          974    log_const_data      nrfx_prs.o
    0x00004840   0x00004840   0x00000008   Data   RO         1056    log_const_data      nrfx_spim.o
    0x00004848   0x00004848   0x00000008   Data   RO         1194    log_const_data      nrfx_uarte.o
    0x00004850   0x00004850   0x00000008   Data   RO         1360    log_const_data      nrfx_pdm.o
    0x00004858   0x00004858   0x00000008   Data   RO         2617    log_const_data      nrf_log_frontend.o
    0x00004860   0x00004860   0x00000014   Data   RO         2618    nrf_balloc          nrf_log_frontend.o


    Execution Region RW_IRAM1 (Exec base: 0x20000000, Load base: 0x00004874, Size: 0x00005b90, Max: 0x00006000, ABSOLUTE)

    Exec Addr    Load Addr    Size         Type   Attr      Idx    E Section Name        Object

    0x20000000   0x00004874   0x00000010   Data   RW           12    .data               main.o
    0x20000010   0x00004884   0x00000008   Data   RW          401    .data               diskio_blkdev.o
    0x20000018   0x0000488c   0x00000008   Data   RW          527    .data               ff.o
    0x20000020   0x00004894   0x00000010   Data   RW          745    .data               nrf_drv_spi.o
    0x20000030   0x000048a4   0x00000008   Data   RW          791    .data               nrf_drv_uart.o
    0x20000038   0x000048ac   0x00000004   Data   RW         1846    .data               app_util_platform.o
    0x2000003c   0x000048b0   0x00000008   Data   RW         2114    .data               nrf_block_dev_sdc.o
    0x20000044   0x000048b8   0x00000010   Data   RW         2490    .data               nrf_log_backend_uart.o
    0x20000054   0x000048c8   0x00000008   Data   RW         2548    .data               nrf_log_default_backends.o
    0x2000005c   0x000048d0   0x00000004   Data   RW         2614    .data               nrf_log_frontend.o
    0x20000060   0x000048d4   0x00000008   Data   RW         2615    .data               nrf_log_frontend.o
    0x20000068   0x000048dc   0x00000008   Data   RW         2616    .data               nrf_log_frontend.o
    0x20000070   0x000048e4   0x00000040   Data   RW         2775    .data               nrf_log_str_formatter.o
    0x200000b0   0x00004924   0x00000004   Data   RW         2830    .data               system_nrf52811.o
    0x200000b4        -       0x00001484   Zero   RW            7    .bss                main.o
    0x20001538        -       0x0000001c   Zero   RW            8    .bss                main.o
    0x20001554        -       0x00000024   Zero   RW         1050    .bss                nrfx_spim.o
    0x20001578        -       0x00000024   Zero   RW         1188    .bss                nrfx_uarte.o
    0x2000159c        -       0x00000018   Zero   RW         1354    .bss                nrfx_pdm.o
    0x200015b4        -       0x0000005c   Zero   RW         1640    .bss                app_sdcard.o
    0x20001610        -       0x00000040   Zero   RW         2487    .bss                nrf_log_backend_uart.o
    0x20001650        -       0x000000c0   Zero   RW         2608    .bss                nrf_log_frontend.o
    0x20001710        -       0x00000420   Zero   RW         2611    .bss                nrf_log_frontend.o
    0x20001b30        -       0x00000060   Zero   RW         2887    .bss                c_w.l(libspace.o)
    0x20001b90        -       0x00002000   Zero   RW         2819    HEAP                arm_startup_nrf52811.o
    0x20003b90        -       0x00002000   Zero   RW         2818    STACK               arm_startup_nrf52811.o


==============================================================================

Image component sizes


      Code (inc. data)   RO Data    RW Data    ZI Data      Debug   Object Name

        22          0          0          0          0       3605   app_error.o
       120         46          0          0          0      24917   app_error_weak.o
      2948         82         32          0         92      40635   app_sdcard.o
         0          0          0          0          0       5900   app_uart_fifo.o
        44         10          0          4          0       3068   app_util_platform.o
        64         26        512          0      16384        932   arm_startup_nrf52811.o
         0          0          0          0          0      29884   boards.o
       610         44          0          8          0      11833   diskio_blkdev.o
      4058         64          0          8          0      33448   ff.o
       316        100         59         16       5280      57825   main.o
       294          0          0          0          0       7347   nrf_atomic.o
       104          0          0          0          0       2638   nrf_balloc.o
       640         46         96          8          0      11855   nrf_block_dev_sdc.o
       168         18         16         16          0      15383   nrf_drv_spi.o
       112         14          0          8          0      13376   nrf_drv_uart.o
        50          0          0          0          0       3381   nrf_fprintf.o
       866          4         16          0          0       6290   nrf_fprintf_format.o
       200          0          0          0          0      11433   nrf_log_backend_serial.o
       186         38         44         16         64      10338   nrf_log_backend_uart.o
         0          0         33          8          0       2497   nrf_log_default_backends.o
      1304        112         32         20       1248      25047   nrf_log_frontend.o
       570        108        102         64          0       5380   nrf_log_str_formatter.o
       342          0          0          0          0       8452   nrf_memobj.o
         0          0          0          0          0       1076   nrf_ringbuf.o
       742         56         36          0         24      43555   nrfx_pdm.o
         6          0         12          0          0       4026   nrfx_prs.o
       978         30         17          0         36      51603   nrfx_spim.o
      1296         42         18          0         36      26498   nrfx_uarte.o
       268         28          0          4          0       1755   system_nrf52811.o

    ----------------------------------------------------------------------
     16340        868       1068        180      23164     463977   Object Totals
         0          0         32          0          0          0   (incl. Generated)
        32          0         11          0          0          0   (incl. Padding)

    ----------------------------------------------------------------------

      Code (inc. data)   RO Data    RW Data    ZI Data      Debug   Library Member Name

         8          0          0          0          0         68   __main.o
         0          0          0          0          0          0   __rtentry.o
        12          0          0          0          0          0   __rtentry2.o
         6          0          0          0          0          0   __rtentry4.o
        52          8          0          0          0          0   __scatter.o
        26          0          0          0          0          0   __scatter_copy.o
        28          0          0          0          0          0   __scatter_zi.o
        18          0          0          0          0         80   exit.o
         6          0          0          0          0        152   heapauxi.o
         0          0          0          0          0          0   indicate_semi.o
        44         10        272          0          0         76   lc_ctype_c.o
         2          0          0          0          0          0   libinit.o
        20          0          0          0          0          0   libinit2.o
         2          0          0          0          0          0   libshutdown.o
         2          0          0          0          0          0   libshutdown2.o
         8          4          0          0         96         68   libspace.o
        16          4          0          0          0         76   rt_ctype_table.o
         8          4          0          0          0         68   rt_locale_intlibspace.o
        78          0          0          0          0         80   rt_memclr_w.o
       138          0          0          0          0         68   rt_memcpy_v6.o
       100          0          0          0          0         80   rt_memcpy_w.o
         2          0          0          0          0          0   rtexit.o
        10          0          0          0          0          0   rtexit2.o
       128          0          0          0          0         68   strcmpv7m.o
        62          0          0          0          0         76   strlen.o
        12          4          0          0          0         68   sys_exit.o
        74          0          0          0          0         80   sys_stackheap_outer.o
         2          0          0          0          0         68   use_no_semi.o

    ----------------------------------------------------------------------
       868         34        272          0         96       1176   Library Totals
         4          0          0          0          0          0   (incl. Padding)

    ----------------------------------------------------------------------

      Code (inc. data)   RO Data    RW Data    ZI Data      Debug   Library Name

       864         34        272          0         96       1176   c_w.l

    ----------------------------------------------------------------------
       868         34        272          0         96       1176   Library Totals

    ----------------------------------------------------------------------

==============================================================================


      Code (inc. data)   RO Data    RW Data    ZI Data      Debug   

     17208        902       1340        180      23260     456361   Grand Totals
     17208        902       1340        180      23260     456361   ELF Image Totals
     17208        902       1340        180          0          0   ROM Totals

==============================================================================

    Total RO  Size (Code + RO Data)                18548 (  18.11kB)
    Total RW  Size (RW Data + ZI Data)             23440 (  22.89kB)
    Total ROM Size (Code + RO Data + RW Data)      18728 (  18.29kB)

==============================================================================

