<html>
<body>
<pre>
<h1>µVision Build Log</h1>
<h2>Tool Versions:</h2>
IDE-Version: µVision V5.29.0.0
Copyright (C) 2019 ARM Ltd and ARM Germany GmbH. All rights reserved.
License Information: naska bertla, student, LIC=8VRDY-I84PX-KNNAC-79V48-C3LTW-S8M2A
 
Tool Versions:
Toolchain:       MDK-ARM Plus  Version: 5.29.0.0
Toolchain Path:  C:\Keil_v5\ARM\ARMCC\Bin
C Compiler:      Armcc.exe V5.06 update 6 (build 750)
Assembler:       Armasm.exe V5.06 update 6 (build 750)
Linker/Locator:  ArmLink.exe V5.06 update 6 (build 750)
Library Manager: ArmAr.exe V5.06 update 6 (build 750)
Hex Converter:   FromElf.exe V5.06 update 6 (build 750)
CPU DLL:         SARMCM3.DLL V5.29.0.0
Dialog DLL:      DCM.DLL V1.17.3.0
Target DLL:      Segger\JL2CM3.dll V2.99.36.0
Dialog DLL:      TCM.DLL V1.36.5.0
 
<h2>Project:</h2>
C:\Users\blaz\Desktop\nRF5_SDK_17.0.0_9d13099\examples\peripheral\fatfs\pca10056\blank\arm5_no_packs\fatfs_pca10056.uvprojx
Project File Date:  07/07/2020

<h2>Output:</h2>
*** Using Compiler 'V5.06 update 6 (build 750)', folder: 'C:\Keil_v5\ARM\ARMCC\Bin'
Build target 'nrf52840_xxaa'
compiling main.c...
..\..\..\main.c(106): warning:  #177-D: variable "fno"  was declared but never referenced
      static FILINFO fno;
..\..\..\main.c(231): warning:  #550-D: variable "error"  was set but never used
  		uint32_t error = 0;
..\..\..\main.c: 2 warnings, 0 errors
linking...
Program Size: Code=17208 RO-data=1340 RW-data=180 ZI-data=23260  
FromELF: creating hex file...
".\_build\nrf52811_xxaa.axf" - 0 Error(s), 2 Warning(s).

<h2>Software Packages used:</h2>

Package Vendor: ARM
                http://www.keil.com/pack/ARM.CMSIS.4.5.0.pack
                ARM.CMSIS.4.5.0
                CMSIS (Cortex Microcontroller Software Interface Standard)
   * Component: CORE Version: 4.3.0

Package Vendor: NordicSemiconductor
                http://developer.nordicsemi.com/nRF5_SDK/pieces/nRF_DeviceFamilyPack/NordicSemiconductor.nRF_DeviceFamilyPack_NordicLicense.8.27.0.pack
                NordicSemiconductor.nRF_DeviceFamilyPack_NordicLicense.8.27.0
                Nordic Semiconductor nRF ARM devices Device Family Pack with Nordic license.
   * Component: Startup Version: 8.27.0

<h2>Collection of Component include folders:</h2>
  .\RTE\_nrf52840_xxaa
  C:\Users\blaz\Documents\armPacks\ARM\CMSIS\4.5.0\CMSIS\Include
  C:\Users\blaz\Documents\armPacks\NordicSemiconductor\nRF_DeviceFamilyPack_NordicLicense\8.27.0\Device\Include

<h2>Collection of Component Files used:</h2>

   * Component: ARM::CMSIS:CORE:4.3.0

   * Component: NordicSemiconductor::Device:Startup:8.27.0
      Include file:  Device\Include\system_nrf.h
      Source file:   Device\Source\arm\arm_startup_nrf52811.s
      Include file:  Device\Include\system_nrf52811.h
      Source file:   Device\Source\system_nrf52811.c
Build Time Elapsed:  00:00:01
</pre>
</body>
</html>
