Archive member included to satisfy reference by file (symbol)

app/libapp.a(main.c.obj)      (--whole-archive)
zephyr/libzephyr.a(cbprintf.c.obj)
                              (--whole-archive)
zephyr/libzephyr.a(cbprintf_packaged.c.obj)
                              (--whole-archive)
zephyr/libzephyr.a(crc32c_sw.c.obj)
                              (--whole-archive)
zephyr/libzephyr.a(crc32_sw.c.obj)
                              (--whole-archive)
zephyr/libzephyr.a(crc16_sw.c.obj)
                              (--whole-archive)
zephyr/libzephyr.a(crc8_sw.c.obj)
                              (--whole-archive)
zephyr/libzephyr.a(crc7_sw.c.obj)
                              (--whole-archive)
zephyr/libzephyr.a(dec.c.obj)
                              (--whole-archive)
zephyr/libzephyr.a(fdtable.c.obj)
                              (--whole-archive)
zephyr/libzephyr.a(hex.c.obj)
                              (--whole-archive)
zephyr/libzephyr.a(notify.c.obj)
                              (--whole-archive)
zephyr/libzephyr.a(printk.c.obj)
                              (--whole-archive)
zephyr/libzephyr.a(onoff.c.obj)
                              (--whole-archive)
zephyr/libzephyr.a(rb.c.obj)  (--whole-archive)
zephyr/libzephyr.a(sem.c.obj)
                              (--whole-archive)
zephyr/libzephyr.a(thread_entry.c.obj)
                              (--whole-archive)
zephyr/libzephyr.a(timeutil.c.obj)
                              (--whole-archive)
zephyr/libzephyr.a(heap.c.obj)
                              (--whole-archive)
zephyr/libzephyr.a(heap-validate.c.obj)
                              (--whole-archive)
zephyr/libzephyr.a(bitarray.c.obj)
                              (--whole-archive)
zephyr/libzephyr.a(cbprintf_complete.c.obj)
                              (--whole-archive)
zephyr/libzephyr.a(reboot.c.obj)
                              (--whole-archive)
zephyr/libzephyr.a(configs.c.obj)
                              (--whole-archive)
zephyr/libzephyr.a(soc_nrf_common.S.obj)
                              (--whole-archive)
zephyr/libzephyr.a(validate_base_addresses.c.obj)
                              (--whole-archive)
zephyr/libzephyr.a(validate_enabled_instances.c.obj)
                              (--whole-archive)
zephyr/libzephyr.a(power.c.obj)
                              (--whole-archive)
zephyr/libzephyr.a(pm_ctrl.c.obj)
                              (--whole-archive)
zephyr/libzephyr.a(policy_residency.c.obj)
                              (--whole-archive)
zephyr/libzephyr.a(tracing_none.c.obj)
                              (--whole-archive)
zephyr/libzephyr.a(uart_console.c.obj)
                              (--whole-archive)
zephyr/libzephyr.a(clock_control_nrf.c.obj)
                              (--whole-archive)
zephyr/libzephyr.a(sys_clock_init.c.obj)
                              (--whole-archive)
zephyr/libzephyr.a(nrf_rtc_timer.c.obj)
                              (--whole-archive)
zephyr/libzephyr.a(nrf_cc3xx_platform_abort_zephyr.c.obj)
                              (--whole-archive)
zephyr/libzephyr.a(nrf_cc3xx_platform_mutex_zephyr.c.obj)
                              (--whole-archive)
zephyr/arch/common/libarch__common.a(sw_isr_common.c.obj)
                              (--whole-archive)
zephyr/arch/arch/arm/core/aarch32/libarch__arm__core__aarch32.a(swap.c.obj)
                              (--whole-archive)
zephyr/arch/arch/arm/core/aarch32/libarch__arm__core__aarch32.a(swap_helper.S.obj)
                              (--whole-archive)
zephyr/arch/arch/arm/core/aarch32/libarch__arm__core__aarch32.a(irq_manage.c.obj)
                              (--whole-archive)
zephyr/arch/arch/arm/core/aarch32/libarch__arm__core__aarch32.a(thread.c.obj)
                              (--whole-archive)
zephyr/arch/arch/arm/core/aarch32/libarch__arm__core__aarch32.a(cpu_idle.S.obj)
                              (--whole-archive)
zephyr/arch/arch/arm/core/aarch32/libarch__arm__core__aarch32.a(fatal.c.obj)
                              (--whole-archive)
zephyr/arch/arch/arm/core/aarch32/libarch__arm__core__aarch32.a(nmi.c.obj)
                              (--whole-archive)
zephyr/arch/arch/arm/core/aarch32/libarch__arm__core__aarch32.a(nmi_on_reset.S.obj)
                              (--whole-archive)
zephyr/arch/arch/arm/core/aarch32/libarch__arm__core__aarch32.a(prep_c.c.obj)
                              (--whole-archive)
zephyr/arch/arch/arm/core/aarch32/libarch__arm__core__aarch32.a(isr_wrapper.S.obj)
                              (--whole-archive)
zephyr/arch/arch/arm/core/aarch32/cortex_m/libarch__arm__core__aarch32__cortex_m.a(vector_table.S.obj)
                              (--whole-archive)
zephyr/arch/arch/arm/core/aarch32/cortex_m/libarch__arm__core__aarch32__cortex_m.a(reset.S.obj)
                              (--whole-archive)
zephyr/arch/arch/arm/core/aarch32/cortex_m/libarch__arm__core__aarch32__cortex_m.a(fault_s.S.obj)
                              (--whole-archive)
[...]
Memory Configuration

Name             Origin             Length             Attributes
FLASH            0x00000000         0x00100000         xr
SRAM             0x20000000         0x00040000         xw
IDT_LIST         0x20040000         0x00000800         xw
*default*        0x00000000         0xffffffff

Linker script and memory map

LOAD zephyr/CMakeFiles/zephyr_prebuilt.dir/misc/empty_file.c.obj
                0x00000020                _region_min_align = 0x20

.rel.plt        0x00000000        0x0
 *(SORT_BY_ALIGNMENT(.rel.plt))
                [!provide]                PROVIDE (__rel_iplt_start = .)
 *(SORT_BY_ALIGNMENT(.rel.iplt))
 .rel.iplt      0x00000000        0x0 app/libapp.a(main.c.obj)
                [!provide]                PROVIDE (__rel_iplt_end = .)

.rela.plt       0x00000000        0x0
 *(SORT_BY_ALIGNMENT(.rela.plt))
                [!provide]                PROVIDE (__rela_iplt_start = .)
 *(SORT_BY_ALIGNMENT(.rela.iplt))
                [!provide]                PROVIDE (__rela_iplt_end = .)

.rel.dyn
 *(SORT_BY_ALIGNMENT(.rel.*))

.rela.dyn
 *(SORT_BY_ALIGNMENT(.rela.*))

/DISCARD/
 *(SORT_BY_ALIGNMENT(.plt))
 *(SORT_BY_ALIGNMENT(.iplt))
 *(SORT_BY_ALIGNMENT(.got.plt))
 *(SORT_BY_ALIGNMENT(.igot.plt))
 *(SORT_BY_ALIGNMENT(.got))
 *(SORT_BY_ALIGNMENT(.igot))
 *(SORT_BY_ALIGNMENT(.note.GNU-stack))
                0x00000000                _image_rom_start = 0x0

rom_start       0x00000000      0x100
                0x00000000                . = 0x0
                0x00000000                . = ALIGN (0x4)
                0x00000000                . = ALIGN (0x80)
                0x00000000                . = ALIGN (0x100)
                0x00000000                _vector_start = .
 *(SORT_BY_ALIGNMENT(.exc_vector_table))
 *(SORT_BY_ALIGNMENT(.exc_vector_table.*))
 .exc_vector_table._vector_table_section
                0x00000000       0x40 zephyr/arch/arch/arm/core/aarch32/cortex_m/libarch__arm__core__aarch32__cortex_m.a(vector_table.S.obj)
                0x00000000                _vector_table
 *(SORT_BY_ALIGNMENT(.gnu.linkonce.irq_vector_table*))
 .gnu.linkonce.irq_vector_table
                0x00000040       0xc0 zephyr/arch/common/libisr_tables.a(isr_tables.c.obj)
                0x00000040                _irq_vector_table
 *(SORT_BY_ALIGNMENT(.vectors))
                0x00000100                _vector_end = .

text            0x00000100     0x4738
                0x00000100                _image_text_start = .
 *(SORT_BY_ALIGNMENT(.text))
 .text          0x00000100       0x30 c:/users/benja/ncs/v1.7.0/toolchain/opt/bin/../lib/gcc/arm-none-eabi/9.2.1/thumb/v7e-m/nofp\libgcc.a(_aeabi_uldivmod.o)
                0x00000100                __aeabi_uldivmod
 .text          0x00000130      0x2c0 c:/users/benja/ncs/v1.7.0/toolchain/opt/bin/../lib/gcc/arm-none-eabi/9.2.1/thumb/v7e-m/nofp\libgcc.a(_udivmoddi4.o)
                0x00000130                __udivmoddi4
 .text          0x000003f0        0x4 c:/users/benja/ncs/v1.7.0/toolchain/opt/bin/../lib/gcc/arm-none-eabi/9.2.1/thumb/v7e-m/nofp\libgcc.a(_dvmd_tls.o)
                0x000003f0                __aeabi_idiv0
                0x000003f0                __aeabi_ldiv0
 *(SORT_BY_ALIGNMENT(.text.*))
 .text.drv_pdm_hand
                0x000003f4       0x18 app/libapp.a(main.c.obj)
 .text.main     0x0000040c       0x88 app/libapp.a(main.c.obj)
                0x0000040c                main
 .text.char_out
                0x00000494       0x10 zephyr/libzephyr.a(printk.c.obj)
 .text.__printk_hook_install
                0x000004a4        0xc zephyr/libzephyr.a(printk.c.obj)
                0x000004a4                __printk_hook_install
 .text.vprintk  0x000004b0       0x1c zephyr/libzephyr.a(printk.c.obj)
                0x000004b0                vprintk
 .text.process_event
                0x000004cc      0x1cc zephyr/libzephyr.a(onoff.c.obj)
 .text.cbvprintf
                0x00000698      0x780 zephyr/libzephyr.a(cbprintf_complete.c.obj)
                0x00000698                cbvprintf
 .text.sys_reboot
                0x00000e18       0x30 zephyr/libzephyr.a(reboot.c.obj)
                0x00000e18                sys_reboot
 .text.pm_state_notify
                0x00000e48       0x4c zephyr/libzephyr.a(power.c.obj)
 .text.pm_system_resume
                0x00000e94       0x4c zephyr/libzephyr.a(power.c.obj)
                0x00000e94                pm_system_resume
 .text.pm_system_suspend
                0x00000ee0       0x88 zephyr/libzephyr.a(power.c.obj)
                0x00000ee0                pm_system_suspend
 .text.uart_console_init
                0x00000f68       0x2c zephyr/libzephyr.a(uart_console.c.obj)
 .text.console_out
                0x00000f94       0x28 zephyr/libzephyr.a(uart_console.c.obj)
 .text.onoff_stop
                0x00000fbc       0x48 zephyr/libzephyr.a(clock_control_nrf.c.obj)
 .text.onoff_start
                0x00001004       0x58 zephyr/libzephyr.a(clock_control_nrf.c.obj)
 .text.clk_init
                0x0000105c       0x60 zephyr/libzephyr.a(clock_control_nrf.c.obj)
 .text.clkstarted_handle.constprop.0
                0x000010bc       0x34 zephyr/libzephyr.a(clock_control_nrf.c.obj)
 .text.clock_event_handler
                0x000010f0       0x1c zephyr/libzephyr.a(clock_control_nrf.c.obj)
 .text.generic_hfclk_start
                0x0000110c       0x64 zephyr/libzephyr.a(clock_control_nrf.c.obj)
 .text.generic_hfclk_stop
                0x00001170       0x2c zephyr/libzephyr.a(clock_control_nrf.c.obj)
 .text.api_blocking_start
                0x0000119c       0x34 zephyr/libzephyr.a(clock_control_nrf.c.obj)
 .text.z_nrf_clock_control_lf_on
                0x000011d0      0x10c zephyr/libzephyr.a(clock_control_nrf.c.obj)
                0x000011d0                z_nrf_clock_control_lf_on
 .text.sys_clock_timeout_handler
                0x000012dc       0x18 zephyr/libzephyr.a(nrf_rtc_timer.c.obj)
 .text.set_absolute_alarm
                0x000012f4       0x98 zephyr/libzephyr.a(nrf_rtc_timer.c.obj)
 .text.rtc_nrf_isr
                0x0000138c       0x64 zephyr/libzephyr.a(nrf_rtc_timer.c.obj)
                0x0000138c                rtc_nrf_isr
 .text.sys_clock_driver_init
                0x000013f0       0x54 zephyr/libzephyr.a(nrf_rtc_timer.c.obj)
                0x000013f0                sys_clock_driver_init
 .text.sys_clock_set_timeout
                0x00001444       0x64 zephyr/libzephyr.a(nrf_rtc_timer.c.obj)
                0x00001444                sys_clock_set_timeout
 .text.sys_clock_elapsed
                0x000014a8       0x1c zephyr/libzephyr.a(nrf_rtc_timer.c.obj)
                0x000014a8                sys_clock_elapsed
 .text.nrf_cc3xx_platform_abort_init
                0x000014c4        0xc zephyr/libzephyr.a(nrf_cc3xx_platform_abort_zephyr.c.obj)
                0x000014c4                nrf_cc3xx_platform_abort_init
 .text.mutex_unlock_platform
                0x000014d0       0x4c zephyr/libzephyr.a(nrf_cc3xx_platform_mutex_zephyr.c.obj)
 .text.mutex_free_platform
                0x0000151c       0x48 zephyr/libzephyr.a(nrf_cc3xx_platform_mutex_zephyr.c.obj)
 .text.mutex_init_platform
                0x00001564       0x70 zephyr/libzephyr.a(nrf_cc3xx_platform_mutex_zephyr.c.obj)
 .text.mutex_lock_platform
                0x000015d4       0x58 zephyr/libzephyr.a(nrf_cc3xx_platform_mutex_zephyr.c.obj)
 .text.nrf_cc3xx_platform_mutex_init
                0x0000162c       0x2c zephyr/libzephyr.a(nrf_cc3xx_platform_mutex_zephyr.c.obj)
                0x0000162c                nrf_cc3xx_platform_mutex_init
 .text.arch_swap
                0x00001658       0x34 zephyr/arch/arch/arm/core/aarch32/libarch__arm__core__aarch32.a(swap.c.obj)
                0x00001658                arch_swap
 .text.z_arm_pendsv
                0x0000168c       0x54 zephyr/arch/arch/arm/core/aarch32/libarch__arm__core__aarch32.a(swap_helper.S.obj)
                0x0000168c                z_arm_pendsv
 .text.z_arm_svc
                0x000016e0       0x20 zephyr/arch/arch/arm/core/aarch32/libarch__arm__core__aarch32.a(swap_helper.S.obj)
                0x000016e0                z_arm_svc
 .text.arch_irq_enable
                0x00001700       0x20 zephyr/arch/arch/arm/core/aarch32/libarch__arm__core__aarch32.a(irq_manage.c.obj)
                0x00001700                arch_irq_enable
 .text.arch_irq_is_enabled
                0x00001720       0x1c zephyr/arch/arch/arm/core/aarch32/libarch__arm__core__aarch32.a(irq_manage.c.obj)
                0x00001720                arch_irq_is_enabled
 .text.z_arm_irq_priority_set
                0x0000173c       0x30 zephyr/arch/arch/arm/core/aarch32/libarch__arm__core__aarch32.a(irq_manage.c.obj)
                0x0000173c                z_arm_irq_priority_set
 .text.arch_new_thread
                0x0000176c       0x38 zephyr/arch/arch/arm/core/aarch32/libarch__arm__core__aarch32.a(thread.c.obj)
                0x0000176c                arch_new_thread
 .text.z_check_thread_stack_fail
                0x000017a4       0x34 zephyr/arch/arch/arm/core/aarch32/libarch__arm__core__aarch32.a(thread.c.obj)
                0x000017a4                z_check_thread_stack_fail
 .text.arch_switch_to_main_thread
                0x000017d8       0x2c zephyr/arch/arch/arm/core/aarch32/libarch__arm__core__aarch32.a(thread.c.obj)
                0x000017d8                arch_switch_to_main_thread
 .text.z_arm_cpu_idle_init
                0x00001804        0xc zephyr/arch/arch/arm/core/aarch32/libarch__arm__core__aarch32.a(cpu_idle.S.obj)
                0x00001804                z_arm_cpu_idle_init
 .text.arch_cpu_idle
                0x00001810       0x1c zephyr/arch/arch/arm/core/aarch32/libarch__arm__core__aarch32.a(cpu_idle.S.obj)
                0x00001810                arch_cpu_idle
 .text.arch_cpu_atomic_idle
                0x0000182c       0x14 zephyr/arch/arch/arm/core/aarch32/libarch__arm__core__aarch32.a(cpu_idle.S.obj)
                0x0000182c                arch_cpu_atomic_idle
 .text.z_SysNmiOnReset
                0x00001840        0x8 zephyr/arch/arch/arm/core/aarch32/libarch__arm__core__aarch32.a(nmi_on_reset.S.obj)
                0x00001840                z_SysNmiOnReset
 .text.z_arm_prep_c
                0x00001848       0x38 zephyr/arch/arch/arm/core/aarch32/libarch__arm__core__aarch32.a(prep_c.c.obj)
                0x00001848                z_arm_prep_c
 .text._isr_wrapper
                0x00001880       0x40 zephyr/arch/arch/arm/core/aarch32/libarch__arm__core__aarch32.a(isr_wrapper.S.obj)
                0x00001880                _isr_wrapper
 .text._reset_section
                0x000018c0       0x54 zephyr/arch/arch/arm/core/aarch32/cortex_m/libarch__arm__core__aarch32__cortex_m.a(reset.S.obj)
                0x000018c0                __start
                0x000018c0                z_arm_reset
 .text.__fault  0x00001914       0x14 zephyr/arch/arch/arm/core/aarch32/cortex_m/libarch__arm__core__aarch32__cortex_m.a(fault_s.S.obj)
                0x00001914                z_arm_usage_fault
                0x00001914                z_arm_mpu_fault
                0x00001914                z_arm_exc_spurious
                0x00001914                z_arm_debug_monitor
                0x00001914                z_arm_hard_fault
                0x00001914                z_arm_bus_fault
 .text.mem_manage_fault
                0x00001928       0x6c zephyr/arch/arch/arm/core/aarch32/cortex_m/libarch__arm__core__aarch32__cortex_m.a(fault.c.obj)
 .text.bus_fault.isra.0
                0x00001994       0x3c zephyr/arch/arch/arm/core/aarch32/cortex_m/libarch__arm__core__aarch32__cortex_m.a(fault.c.obj)
 .text.usage_fault.isra.0
                0x000019d0       0x24 zephyr/arch/arch/arm/core/aarch32/cortex_m/libarch__arm__core__aarch32__cortex_m.a(fault.c.obj)
 .text.z_arm_fault
                0x000019f4       0xec zephyr/arch/arch/arm/core/aarch32/cortex_m/libarch__arm__core__aarch32__cortex_m.a(fault.c.obj)
                0x000019f4                z_arm_fault
 .text.z_arm_fault_init
                0x00001ae0       0x10 zephyr/arch/arch/arm/core/aarch32/cortex_m/libarch__arm__core__aarch32__cortex_m.a(fault.c.obj)
                0x00001ae0                z_arm_fault_init
 .text._HandlerModeExit
                0x00001af0       0x1c zephyr/arch/arch/arm/core/aarch32/cortex_m/libarch__arm__core__aarch32__cortex_m.a(exc_exit.S.obj)
                0x00001af0                z_arm_int_exit
                0x00001af0                z_arm_exc_exit
 .text.z_arm_clear_arm_mpu_config
                0x00001b0c       0x20 zephyr/arch/arch/arm/core/aarch32/cortex_m/libarch__arm__core__aarch32__cortex_m.a(scb.c.obj)
                0x00001b0c                z_arm_clear_arm_mpu_config
 .text.z_arm_init_arch_hw_at_boot
                0x00001b2c       0x64 zephyr/arch/arch/arm/core/aarch32/cortex_m/libarch__arm__core__aarch32__cortex_m.a(scb.c.obj)
                0x00001b2c                z_arm_init_arch_hw_at_boot
 .text.z_arm_interrupt_init
                0x00001b90       0x18 zephyr/arch/arch/arm/core/aarch32/cortex_m/libarch__arm__core__aarch32__cortex_m.a(irq_init.c.obj)
                0x00001b90                z_arm_interrupt_init
 .text.z_impl_k_thread_abort
                0x00001ba8       0x24 zephyr/arch/arch/arm/core/aarch32/cortex_m/libarch__arm__core__aarch32__cortex_m.a(thread_abort.c.obj)
                0x00001ba8                z_impl_k_thread_abort
 .text.z_arm_configure_static_mpu_regions
                0x00001bcc       0x18 zephyr/arch/arch/arm/core/aarch32/mpu/libarch__arm__core__aarch32__mpu.a(arm_core_mpu.c.obj)
                0x00001bcc                z_arm_configure_static_mpu_regions
 .text.z_arm_configure_dynamic_mpu_regions
                0x00001be4       0x20 zephyr/arch/arch/arm/core/aarch32/mpu/libarch__arm__core__aarch32__mpu.a(arm_core_mpu.c.obj)
                0x00001be4                z_arm_configure_dynamic_mpu_regions
 .text.mpu_configure_regions
                0x00001c04       0x80 zephyr/arch/arch/arm/core/aarch32/mpu/libarch__arm__core__aarch32__mpu.a(arm_mpu.c.obj)
 .text.arm_core_mpu_enable
                0x00001c84       0x14 zephyr/arch/arch/arm/core/aarch32/mpu/libarch__arm__core__aarch32__mpu.a(arm_mpu.c.obj)
                0x00001c84                arm_core_mpu_enable
 .text.arm_core_mpu_disable
                0x00001c98       0x10 zephyr/arch/arch/arm/core/aarch32/mpu/libarch__arm__core__aarch32__mpu.a(arm_mpu.c.obj)
                0x00001c98                arm_core_mpu_disable
 .text.arm_core_mpu_configure_static_mpu_regions
                0x00001ca8       0x14 zephyr/arch/arch/arm/core/aarch32/mpu/libarch__arm__core__aarch32__mpu.a(arm_mpu.c.obj)
                0x00001ca8                arm_core_mpu_configure_static_mpu_regions
 .text.arm_core_mpu_configure_dynamic_mpu_regions
                0x00001cbc       0x2c zephyr/arch/arch/arm/core/aarch32/mpu/libarch__arm__core__aarch32__mpu.a(arm_mpu.c.obj)
                0x00001cbc                arm_core_mpu_configure_dynamic_mpu_regions
 .text.z_arm_mpu_init
                0x00001ce8       0x5c zephyr/arch/arch/arm/core/aarch32/mpu/libarch__arm__core__aarch32__mpu.a(arm_mpu.c.obj)
                0x00001ce8                z_arm_mpu_init
 .text.__stdout_hook_install
                0x00001d44        0xc zephyr/lib/libc/minimal/liblib__libc__minimal.a(stdout_console.c.obj)
                0x00001d44                __stdout_hook_install
 .text.nordicsemi_nrf52_init
                0x00001d50       0x30 zephyr/soc/arm/nordic_nrf/nrf52/libsoc__arm__nordic_nrf__nrf52.a(soc.c.obj)
 .text.sys_arch_reboot
                0x00001d80       0x2c zephyr/soc/arm/nordic_nrf/nrf52/libsoc__arm__nordic_nrf__nrf52.a(soc.c.obj)
                0x00001d80                sys_arch_reboot
 .text.arch_busy_wait
                0x00001dac       0x14 zephyr/soc/arm/nordic_nrf/nrf52/libsoc__arm__nordic_nrf__nrf52.a(soc.c.obj)
                0x00001dac                arch_busy_wait
 .text.gpio_nrfx_init
                0x00001dc0       0x30 zephyr/drivers/gpio/libdrivers__gpio.a(gpio_nrfx.c.obj)
 .text.gpio_nrfx_config
                0x00001df0       0xc0 zephyr/drivers/gpio/libdrivers__gpio.a(gpio_nrfx.c.obj)
 .text.nrf_gpio_cfg_sense_set
                0x00001eb0       0x2c zephyr/drivers/gpio/libdrivers__gpio.a(gpio_nrfx.c.obj)
 .text.check_level_trigger_pins
                0x00001edc       0x90 zephyr/drivers/gpio/libdrivers__gpio.a(gpio_nrfx.c.obj)
 .text.gpio_nrfx_pin_interrupt_configure
                0x00001f6c      0x1a4 zephyr/drivers/gpio/libdrivers__gpio.a(gpio_nrfx.c.obj)
 .text.gpiote_event_handler
                0x00002110       0xc0 zephyr/drivers/gpio/libdrivers__gpio.a(gpio_nrfx.c.obj)
 .text.uarte_nrfx_configure
                0x000021d0      0x16c zephyr/drivers/serial/libdrivers__serial.a(uart_nrfx_uarte.c.obj)
 .text.uarte_nrfx_poll_out
                0x0000233c       0xc4 zephyr/drivers/serial/libdrivers__serial.a(uart_nrfx_uarte.c.obj)
 .text.nrf_gpio_cfg_output
                0x00002400       0x20 zephyr/drivers/serial/libdrivers__serial.a(uart_nrfx_uarte.c.obj)
 .text.nrf_gpio_pin_set
                0x00002420       0x20 zephyr/drivers/serial/libdrivers__serial.a(uart_nrfx_uarte.c.obj)
 .text.uarte_instance_init.isra.0
                0x00002440      0x140 zephyr/drivers/serial/libdrivers__serial.a(uart_nrfx_uarte.c.obj)
 .text.uarte_0_init
                0x00002580       0x30 zephyr/drivers/serial/libdrivers__serial.a(uart_nrfx_uarte.c.obj)
 .text.uarte_1_init
                0x000025b0       0x30 zephyr/drivers/serial/libdrivers__serial.a(uart_nrfx_uarte.c.obj)
 .text.nrf52_errata_36
                0x000025e0       0x14 modules/hal_nordic/nrfx/libmodules__hal_nordic__nrfx.a(system_nrf52840.c.obj)
 .text.nrf52_errata_98
                0x000025f4       0x28 modules/hal_nordic/nrfx/libmodules__hal_nordic__nrfx.a(system_nrf52840.c.obj)
 .text.nvmc_wait
                0x0000261c       0x10 modules/hal_nordic/nrfx/libmodules__hal_nordic__nrfx.a(system_nrf52840.c.obj)
                0x0000261c                nvmc_wait
 .text.SystemInit
                0x0000262c      0x1d0 modules/hal_nordic/nrfx/libmodules__hal_nordic__nrfx.a(system_nrf52840.c.obj)
                0x0000262c                SystemInit
 .text.nrfx_clock_init
                0x000027fc       0x20 modules/hal_nordic/nrfx/libmodules__hal_nordic__nrfx.a(nrfx_clock.c.obj)
                0x000027fc                nrfx_clock_init
 .text.nrfx_clock_start
                0x0000281c       0x64 modules/hal_nordic/nrfx/libmodules__hal_nordic__nrfx.a(nrfx_clock.c.obj)
                0x0000281c                nrfx_clock_start
 .text.nrfx_clock_stop
                0x00002880       0x8c modules/hal_nordic/nrfx/libmodules__hal_nordic__nrfx.a(nrfx_clock.c.obj)
                0x00002880                nrfx_clock_stop
 .text.nrfx_power_clock_irq_handler
                0x0000290c       0x68 modules/hal_nordic/nrfx/libmodules__hal_nordic__nrfx.a(nrfx_clock.c.obj)
                0x0000290c                nrfx_power_clock_irq_handler
 .text.nrfx_gpiote_channel_free
                0x00002974       0x44 modules/hal_nordic/nrfx/libmodules__hal_nordic__nrfx.a(nrfx_gpiote.c.obj)
                0x00002974                nrfx_gpiote_channel_free
 .text.nrfx_gpiote_channel_alloc
                0x000029b8       0x70 modules/hal_nordic/nrfx/libmodules__hal_nordic__nrfx.a(nrfx_gpiote.c.obj)
                0x000029b8                nrfx_gpiote_channel_alloc
 .text.nrfx_ppi_channel_alloc
                0x00002a28       0x68 modules/hal_nordic/nrfx/libmodules__hal_nordic__nrfx.a(nrfx_ppi.c.obj)
                0x00002a28                nrfx_ppi_channel_alloc
 .text._DoInit  0x00002a90       0x6c modules/segger/libmodules__segger.a(SEGGER_RTT.c.obj)
 .text.z_sys_init_run_level
                0x00002afc       0x40 zephyr/kernel/libkernel.a(device.c.obj)
                0x00002afc                z_sys_init_run_level
 .text.z_impl_device_get_binding
                0x00002b3c       0x58 zephyr/kernel/libkernel.a(device.c.obj)
                0x00002b3c                z_impl_device_get_binding
 .text.z_bss_zero
                0x00002b94       0x14 zephyr/kernel/libkernel.a(init.c.obj)
                0x00002b94                z_bss_zero
 .text.bg_thread_main
                0x00002ba8       0x34 zephyr/kernel/libkernel.a(init.c.obj)
 .text.z_cstart
                0x00002bdc      0x110 zephyr/kernel/libkernel.a(init.c.obj)
                0x00002bdc                z_cstart
 .text.init_mem_slab_module
                0x00002cec       0x44 zephyr/kernel/libkernel.a(mem_slab.c.obj)
 .text.k_mem_slab_alloc
                0x00002d30       0x60 zephyr/kernel/libkernel.a(mem_slab.c.obj)
                0x00002d30                k_mem_slab_alloc
 .text.z_setup_new_thread
                0x00002d90       0x64 zephyr/kernel/libkernel.a(thread.c.obj)
                0x00002d90                z_setup_new_thread
 .text.z_init_static_threads
                0x00002df4       0xbc zephyr/kernel/libkernel.a(thread.c.obj)
                0x00002df4                z_init_static_threads
 .text.idle     0x00002eb0       0x2c zephyr/kernel/libkernel.a(idle.c.obj)
                0x00002eb0                idle
 .text.z_impl_k_mutex_lock
                0x00002edc       0xfc zephyr/kernel/libkernel.a(mutex.c.obj)
                0x00002edc                z_impl_k_mutex_lock
 .text.z_impl_k_mutex_unlock
                0x00002fd8       0x8c zephyr/kernel/libkernel.a(mutex.c.obj)
                0x00002fd8                z_impl_k_mutex_unlock
 .text.z_impl_k_sem_give
                0x00003064       0x40 zephyr/kernel/libkernel.a(sem.c.obj)
                0x00003064                z_impl_k_sem_give
 .text.z_impl_k_sem_take
                0x000030a4       0x54 zephyr/kernel/libkernel.a(sem.c.obj)
                0x000030a4                z_impl_k_sem_take
 .text.z_reset_time_slice
                0x000030f8       0x2c zephyr/kernel/libkernel.a(sched.c.obj)
                0x000030f8                z_reset_time_slice
 .text.k_sched_time_slice_set
                0x00003124       0x64 zephyr/kernel/libkernel.a(sched.c.obj)
                0x00003124                k_sched_time_slice_set
 .text.z_reschedule
                0x00003188       0x24 zephyr/kernel/libkernel.a(sched.c.obj)
                0x00003188                z_reschedule
 .text.k_sched_lock
                0x000031ac       0x28 zephyr/kernel/libkernel.a(sched.c.obj)
                0x000031ac                k_sched_lock
 .text.update_cache
                0x000031d4       0x40 zephyr/kernel/libkernel.a(sched.c.obj)
 .text.unready_thread
                0x00003214       0x30 zephyr/kernel/libkernel.a(sched.c.obj)
 .text.pend     0x00003244       0x4c zephyr/kernel/libkernel.a(sched.c.obj)
 .text.z_pend_curr
                0x00003290       0x28 zephyr/kernel/libkernel.a(sched.c.obj)
                0x00003290                z_pend_curr
 .text.z_impl_k_thread_suspend
                0x000032b8       0x64 zephyr/kernel/libkernel.a(sched.c.obj)
                0x000032b8                z_impl_k_thread_suspend
 .text.k_sched_unlock
                0x0000331c       0x38 zephyr/kernel/libkernel.a(sched.c.obj)
                0x0000331c                k_sched_unlock
 .text.move_thread_to_end_of_prio_q
                0x00003354       0x7c zephyr/kernel/libkernel.a(sched.c.obj)
 .text.z_time_slice
                0x000033d0       0x84 zephyr/kernel/libkernel.a(sched.c.obj)
                0x000033d0                z_time_slice
 .text.ready_thread
                0x00003454       0x70 zephyr/kernel/libkernel.a(sched.c.obj)
 .text.z_sched_start
                0x000034c4       0x3c zephyr/kernel/libkernel.a(sched.c.obj)
                0x000034c4                z_sched_start
 .text.z_set_prio
                0x00003500       0x98 zephyr/kernel/libkernel.a(sched.c.obj)
                0x00003500                z_set_prio
 .text.z_sched_init
                0x00003598       0x18 zephyr/kernel/libkernel.a(sched.c.obj)
                0x00003598                z_sched_init
 .text.z_impl_k_yield
                0x000035b0       0x84 zephyr/kernel/libkernel.a(sched.c.obj)
                0x000035b0                z_impl_k_yield
 .text.z_tick_sleep
                0x00003634       0x98 zephyr/kernel/libkernel.a(sched.c.obj)
 .text.z_impl_k_sleep
                0x000036cc       0x34 zephyr/kernel/libkernel.a(sched.c.obj)
                0x000036cc                z_impl_k_sleep
 .text.z_impl_k_current_get
                0x00003700        0xc zephyr/kernel/libkernel.a(sched.c.obj)
                0x00003700                z_impl_k_current_get
 .text.z_thread_abort
                0x0000370c       0xa4 zephyr/kernel/libkernel.a(sched.c.obj)
                0x0000370c                z_thread_abort
 .text.z_data_copy
                0x000037b0       0x34 zephyr/kernel/libkernel.a(xip.c.obj)
                0x000037b0                z_data_copy
 .text.elapsed  0x000037e4       0x14 zephyr/kernel/libkernel.a(timeout.c.obj)
 .text.remove_timeout
                0x000037f8       0x34 zephyr/kernel/libkernel.a(timeout.c.obj)
 .text.next_timeout
                0x0000382c       0x58 zephyr/kernel/libkernel.a(timeout.c.obj)
 .text.z_add_timeout
                0x00003884      0x110 zephyr/kernel/libkernel.a(timeout.c.obj)
                0x00003884                z_add_timeout
 .text.sys_clock_announce
                0x00003994       0xd8 zephyr/kernel/libkernel.a(timeout.c.obj)
                0x00003994                sys_clock_announce
 .text.sys_clock_tick_get
                0x00003a6c       0x34 zephyr/kernel/libkernel.a(timeout.c.obj)
                0x00003a6c                sys_clock_tick_get
 .text.boot_banner
                0x00003aa0       0x18 zephyr/kernel/libkernel.a(banner.c.obj)
                0x00003aa0                boot_banner
 .text.nrf_cc3xx_platform_init_no_rng
                0x00003ab8       0x38 C:/Users/benja/ncs/v1.7.0/nrfxlib/crypto/nrf_cc310_platform/lib/cortex-m4/soft-float/no-interrupts/libnrf_cc310_platform_0.9.11.a(nrf_cc3xx_platform.c.obj)
                0x00003ab8                nrf_cc3xx_platform_init_no_rng
 .text.nrf_cc3xx_platform_abort
                0x00003af0       0x24 C:/Users/benja/ncs/v1.7.0/nrfxlib/crypto/nrf_cc310_platform/lib/cortex-m4/soft-float/no-interrupts/libnrf_cc310_platform_0.9.11.a(nrf_cc3xx_platform_abort.c.obj)
 .text.CC_PalAbort
                0x00003b14       0x40 C:/Users/benja/ncs/v1.7.0/nrfxlib/crypto/nrf_cc310_platform/lib/cortex-m4/soft-float/no-interrupts/libnrf_cc310_platform_0.9.11.a(nrf_cc3xx_platform_abort.c.obj)
                0x00003b14                CC_PalAbort
 .text.nrf_cc3xx_platform_set_abort
                0x00003b54       0x10 C:/Users/benja/ncs/v1.7.0/nrfxlib/crypto/nrf_cc310_platform/lib/cortex-m4/soft-float/no-interrupts/libnrf_cc310_platform_0.9.11.a(nrf_cc3xx_platform_abort.c.obj)
                0x00003b54                nrf_cc3xx_platform_set_abort
 .text.mutex_free
                0x00003b64       0x28 C:/Users/benja/ncs/v1.7.0/nrfxlib/crypto/nrf_cc310_platform/lib/cortex-m4/soft-float/no-interrupts/libnrf_cc310_platform_0.9.11.a(nrf_cc3xx_platform_mutex.c.obj)
 .text.mutex_unlock
                0x00003b8c       0x2c C:/Users/benja/ncs/v1.7.0/nrfxlib/crypto/nrf_cc310_platform/lib/cortex-m4/soft-float/no-interrupts/libnrf_cc310_platform_0.9.11.a(nrf_cc3xx_platform_mutex.c.obj)
 .text.mutex_init
                0x00003bb8       0x1c C:/Users/benja/ncs/v1.7.0/nrfxlib/crypto/nrf_cc310_platform/lib/cortex-m4/soft-float/no-interrupts/libnrf_cc310_platform_0.9.11.a(nrf_cc3xx_platform_mutex.c.obj)
 .text.mutex_lock
                0x00003bd4       0x44 C:/Users/benja/ncs/v1.7.0/nrfxlib/crypto/nrf_cc310_platform/lib/cortex-m4/soft-float/no-interrupts/libnrf_cc310_platform_0.9.11.a(nrf_cc3xx_platform_mutex.c.obj)
 .text.nrf_cc3xx_platform_set_mutexes
                0x00003c18       0x60 C:/Users/benja/ncs/v1.7.0/nrfxlib/crypto/nrf_cc310_platform/lib/cortex-m4/soft-float/no-interrupts/libnrf_cc310_platform_0.9.11.a(nrf_cc3xx_platform_mutex.c.obj)
                0x00003c18                nrf_cc3xx_platform_set_mutexes
 .text.CC_LibInitNoRng
                0x00003c78       0x6c C:/Users/benja/ncs/v1.7.0/nrfxlib/crypto/nrf_cc310_platform/lib/cortex-m4/soft-float/no-interrupts/libnrf_cc310_platform_0.9.11.a(cc_lib.c.obj)
                0x00003c78                CC_LibInitNoRng
 .text.CC_HalInit
                0x00003ce4        0x4 C:/Users/benja/ncs/v1.7.0/nrfxlib/crypto/nrf_cc310_platform/lib/cortex-m4/soft-float/no-interrupts/libnrf_cc310_platform_0.9.11.a(cc_hal.c.obj)
                0x00003ce4                CC_HalInit
 .text.CC_HalTerminate
                0x00003ce8        0x4 C:/Users/benja/ncs/v1.7.0/nrfxlib/crypto/nrf_cc310_platform/lib/cortex-m4/soft-float/no-interrupts/libnrf_cc310_platform_0.9.11.a(cc_hal.c.obj)
                0x00003ce8                CC_HalTerminate
 .text.CC_HalMaskInterrupt
                0x00003cec        0xc C:/Users/benja/ncs/v1.7.0/nrfxlib/crypto/nrf_cc310_platform/lib/cortex-m4/soft-float/no-interrupts/libnrf_cc310_platform_0.9.11.a(cc_hal.c.obj)
                0x00003cec                CC_HalMaskInterrupt
 .text.CC_PalInit
                0x00003cf8       0x5c C:/Users/benja/ncs/v1.7.0/nrfxlib/crypto/nrf_cc310_platform/lib/cortex-m4/soft-float/no-interrupts/libnrf_cc310_platform_0.9.11.a(cc_pal.c.obj)
                0x00003cf8                CC_PalInit
 .text.CC_PalTerminate
                0x00003d54       0x34 C:/Users/benja/ncs/v1.7.0/nrfxlib/crypto/nrf_cc310_platform/lib/cortex-m4/soft-float/no-interrupts/libnrf_cc310_platform_0.9.11.a(cc_pal.c.obj)
                0x00003d54                CC_PalTerminate
 .text.CC_PalDmaInit
                0x00003d88        0x4 C:/Users/benja/ncs/v1.7.0/nrfxlib/crypto/nrf_cc310_platform/lib/cortex-m4/soft-float/no-interrupts/libnrf_cc310_platform_0.9.11.a(cc_pal_dma.c.obj)
                0x00003d88                CC_PalDmaInit
 .text.CC_PalDmaTerminate
                0x00003d8c        0x4 C:/Users/benja/ncs/v1.7.0/nrfxlib/crypto/nrf_cc310_platform/lib/cortex-m4/soft-float/no-interrupts/libnrf_cc310_platform_0.9.11.a(cc_pal_dma.c.obj)
                0x00003d8c                CC_PalDmaTerminate
 .text.CC_PalMutexCreate
                0x00003d90       0x14 C:/Users/benja/ncs/v1.7.0/nrfxlib/crypto/nrf_cc310_platform/lib/cortex-m4/soft-float/no-interrupts/libnrf_cc310_platform_0.9.11.a(cc_pal_mutex.c.obj)
                0x00003d90                CC_PalMutexCreate
 .text.CC_PalMutexDestroy
                0x00003da4       0x14 C:/Users/benja/ncs/v1.7.0/nrfxlib/crypto/nrf_cc310_platform/lib/cortex-m4/soft-float/no-interrupts/libnrf_cc310_platform_0.9.11.a(cc_pal_mutex.c.obj)
                0x00003da4                CC_PalMutexDestroy
 .text.CC_PalPowerSaveModeInit
                0x00003db8       0x3c C:/Users/benja/ncs/v1.7.0/nrfxlib/crypto/nrf_cc310_platform/lib/cortex-m4/soft-float/no-interrupts/libnrf_cc310_platform_0.9.11.a(cc_pal_pm.c.obj)
                0x00003db8                CC_PalPowerSaveModeInit
 .text.CC_PalPowerSaveModeSelect
                0x00003df4       0x84 C:/Users/benja/ncs/v1.7.0/nrfxlib/crypto/nrf_cc310_platform/lib/cortex-m4/soft-float/no-interrupts/libnrf_cc310_platform_0.9.11.a(cc_pal_pm.c.obj)
                0x00003df4                CC_PalPowerSaveModeSelect
 .text.sys_notify_validate
                0x00003e78       0x22 zephyr/libzephyr.a(notify.c.obj)
                0x00003e78                sys_notify_validate
 .text.sys_notify_finalize
                0x00003e9a       0x1a zephyr/libzephyr.a(notify.c.obj)
                0x00003e9a                sys_notify_finalize
 .text.arch_printk_char_out
                0x00003eb4        0x4 zephyr/libzephyr.a(printk.c.obj)
                0x00003eb4                arch_printk_char_out
 .text.printk   0x00003eb8       0x1a zephyr/libzephyr.a(printk.c.obj)
                0x00003eb8                printk
 .text.process_recheck
                0x00003ed2       0x38 zephyr/libzephyr.a(onoff.c.obj)
 .text.notify_one
                0x00003f0a       0x2c zephyr/libzephyr.a(onoff.c.obj)
 .text.transition_complete
                0x00003f36       0x1c zephyr/libzephyr.a(onoff.c.obj)
 .text.validate_args
                0x00003f52       0x1e zephyr/libzephyr.a(onoff.c.obj)
 .text.onoff_manager_init
                0x00003f70       0x26 zephyr/libzephyr.a(onoff.c.obj)
                0x00003f70                onoff_manager_init
 .text.onoff_request
                0x00003f96       0x92 zephyr/libzephyr.a(onoff.c.obj)
                0x00003f96                onoff_request
 .text.z_thread_entry
                0x00004028       0x14 zephyr/libzephyr.a(thread_entry.c.obj)
                0x00004028                z_thread_entry
 .text.encode_uint
                0x0000403c       0x96 zephyr/libzephyr.a(cbprintf_complete.c.obj)
 .text.outs     0x000040d2       0x2c zephyr/libzephyr.a(cbprintf_complete.c.obj)
 .text._ConfigAbsSyms
                0x000040fe        0x2 zephyr/libzephyr.a(configs.c.obj)
                0x000040fe                _ConfigAbsSyms
 .text.pm_policy_next_state
                0x00004100        0xa zephyr/libzephyr.a(policy_residency.c.obj)
                0x00004100                pm_policy_next_state
 .text.get_status
                0x0000410a       0x12 zephyr/libzephyr.a(clock_control_nrf.c.obj)
 .text.set_off_state
                0x0000411c       0x32 zephyr/libzephyr.a(clock_control_nrf.c.obj)
 .text.set_starting_state
                0x0000414e       0x3c zephyr/libzephyr.a(clock_control_nrf.c.obj)
 .text.set_on_state
                0x0000418a       0x26 zephyr/libzephyr.a(clock_control_nrf.c.obj)
 .text.onoff_started_callback
                0x000041b0       0x12 zephyr/libzephyr.a(clock_control_nrf.c.obj)
 .text.lfclk_start
                0x000041c2        0x6 zephyr/libzephyr.a(clock_control_nrf.c.obj)
 .text.lfclk_stop
                0x000041c8        0x6 zephyr/libzephyr.a(clock_control_nrf.c.obj)
 .text.blocking_start_callback
                0x000041ce        0x6 zephyr/libzephyr.a(clock_control_nrf.c.obj)
 .text.api_stop
                0x000041d4       0x28 zephyr/libzephyr.a(clock_control_nrf.c.obj)
 .text.api_start
                0x000041fc       0x36 zephyr/libzephyr.a(clock_control_nrf.c.obj)
 .text.sys_clock_isr
                0x00004232        0x2 zephyr/libzephyr.a(sys_clock_init.c.obj)
                0x00004232                sys_clock_isr
 .text.sys_clock_idle_exit
                0x00004234        0x2 zephyr/libzephyr.a(sys_clock_init.c.obj)
                0x00004234                sys_clock_idle_exit
 .text.sys_clock_disable
                0x00004236        0x2 zephyr/libzephyr.a(sys_clock_init.c.obj)
                0x00004236                sys_clock_disable
 .text.abort_function
                0x00004238        0x6 zephyr/libzephyr.a(nrf_cc3xx_platform_abort_zephyr.c.obj)
 .text.z_irq_spurious
                0x0000423e        0x8 zephyr/arch/arch/arm/core/aarch32/libarch__arm__core__aarch32.a(irq_manage.c.obj)
                0x0000423e                z_irq_spurious
 .text.z_arm_fatal_error
                0x00004246        0x4 zephyr/arch/arch/arm/core/aarch32/libarch__arm__core__aarch32.a(fatal.c.obj)
                0x00004246                z_arm_fatal_error
 .text.z_do_kernel_oops
                0x0000424a        0x8 zephyr/arch/arch/arm/core/aarch32/libarch__arm__core__aarch32.a(fatal.c.obj)
                0x0000424a                z_do_kernel_oops
 .text.z_arm_nmi
                0x00004252        0xe zephyr/arch/arch/arm/core/aarch32/libarch__arm__core__aarch32.a(nmi.c.obj)
                0x00004252                z_arm_nmi
 .text.strcpy   0x00004260       0x14 zephyr/lib/libc/minimal/liblib__libc__minimal.a(string.c.obj)
                0x00004260                strcpy
 .text.strlen   0x00004274        0xe zephyr/lib/libc/minimal/liblib__libc__minimal.a(string.c.obj)
                0x00004274                strlen
 .text.strnlen  0x00004282       0x12 zephyr/lib/libc/minimal/liblib__libc__minimal.a(string.c.obj)
                0x00004282                strnlen
 .text.strcmp   0x00004294       0x18 zephyr/lib/libc/minimal/liblib__libc__minimal.a(string.c.obj)
                0x00004294                strcmp
 .text.memcpy   0x000042ac       0x16 zephyr/lib/libc/minimal/liblib__libc__minimal.a(string.c.obj)
                0x000042ac                memcpy
 .text.memset   0x000042c2       0x12 zephyr/lib/libc/minimal/liblib__libc__minimal.a(string.c.obj)
                0x000042c2                memset
 .text._stdout_hook_default
                0x000042d4        0x6 zephyr/lib/libc/minimal/liblib__libc__minimal.a(stdout_console.c.obj)
 .text.pm_power_state_set
                0x000042da       0x26 zephyr/soc/arm/nordic_nrf/nrf52/libsoc__arm__nordic_nrf__nrf52.a(power.c.obj)
                0x000042da                pm_power_state_set
 .text.pm_power_state_exit_post_ops
                0x00004300       0x16 zephyr/soc/arm/nordic_nrf/nrf52/libsoc__arm__nordic_nrf__nrf52.a(power.c.obj)
                0x00004300                pm_power_state_exit_post_ops
 .text.gpio_fire_callbacks
                0x00004316       0x30 zephyr/drivers/gpio/libdrivers__gpio.a(gpio_nrfx.c.obj)
 .text.gpio_nrfx_port_get_raw
                0x00004346        0xe zephyr/drivers/gpio/libdrivers__gpio.a(gpio_nrfx.c.obj)
 .text.gpio_nrfx_port_set_masked_raw
                0x00004354       0x16 zephyr/drivers/gpio/libdrivers__gpio.a(gpio_nrfx.c.obj)
 .text.gpio_nrfx_port_set_bits_raw
                0x0000436a        0xc zephyr/drivers/gpio/libdrivers__gpio.a(gpio_nrfx.c.obj)
 .text.gpio_nrfx_port_clear_bits_raw
                0x00004376        0xc zephyr/drivers/gpio/libdrivers__gpio.a(gpio_nrfx.c.obj)
 .text.gpio_nrfx_port_toggle_bits
                0x00004382       0x12 zephyr/drivers/gpio/libdrivers__gpio.a(gpio_nrfx.c.obj)
 .text.gpio_nrfx_manage_callback
                0x00004394       0x56 zephyr/drivers/gpio/libdrivers__gpio.a(gpio_nrfx.c.obj)
 .text.cfg_level_pins
                0x000043ea       0x4c zephyr/drivers/gpio/libdrivers__gpio.a(gpio_nrfx.c.obj)
 .text.uarte_nrfx_isr_int
                0x00004436       0x74 zephyr/drivers/serial/libdrivers__serial.a(uart_nrfx_uarte.c.obj)
 .text.uarte_nrfx_config_get
                0x000044aa       0x10 zephyr/drivers/serial/libdrivers__serial.a(uart_nrfx_uarte.c.obj)
 .text.uarte_nrfx_err_check
                0x000044ba        0xe zephyr/drivers/serial/libdrivers__serial.a(uart_nrfx_uarte.c.obj)
 .text.is_tx_ready
                0x000044c8       0x20 zephyr/drivers/serial/libdrivers__serial.a(uart_nrfx_uarte.c.obj)
 .text.uarte_nrfx_poll_in
                0x000044e8       0x26 zephyr/drivers/serial/libdrivers__serial.a(uart_nrfx_uarte.c.obj)
 .text.k_sys_fatal_error_handler
                0x0000450e        0x8 modules/nrf/lib/fatal_error/lib..__nrf__lib__fatal_error.a(fatal_error.c.obj)
                0x0000450e                k_sys_fatal_error_handler
 .text.hw_cc3xx_init_internal
                0x00004516        0x4 modules/nrf/drivers/hw_cc310/lib..__nrf__drivers__hw_cc310.a(hw_cc310.c.obj)
 .text.hw_cc3xx_init
                0x0000451a       0x12 modules/nrf/drivers/hw_cc310/lib..__nrf__drivers__hw_cc310.a(hw_cc310.c.obj)
 .text.nrfx_isr
                0x0000452c        0x2 modules/hal_nordic/nrfx/libmodules__hal_nordic__nrfx.a(nrfx_glue.c.obj)
                0x0000452c                nrfx_isr
 .text.nrfx_busy_wait
                0x0000452e        0x4 modules/hal_nordic/nrfx/libmodules__hal_nordic__nrfx.a(nrfx_glue.c.obj)
                0x0000452e                nrfx_busy_wait
 .text.nrfx_clock_enable
                0x00004532       0x14 modules/hal_nordic/nrfx/libmodules__hal_nordic__nrfx.a(nrfx_clock.c.obj)
                0x00004532                nrfx_clock_enable
 .text.SEGGER_RTT_Init
                0x00004546        0x4 modules/segger/libmodules__segger.a(SEGGER_RTT.c.obj)
                0x00004546                SEGGER_RTT_Init
 .text.rtt_init
                0x0000454a        0xa modules/segger/libmodules__segger.a(SEGGER_RTT_zephyr.c.obj)
 .text.z_device_state_init
                0x00004554        0x2 zephyr/kernel/libkernel.a(device.c.obj)
                0x00004554                z_device_state_init
 .text.z_device_ready
                0x00004556       0x14 zephyr/kernel/libkernel.a(device.c.obj)
                0x00004556                z_device_ready
 .text.z_fatal_error
                0x0000456a       0x36 zephyr/kernel/libkernel.a(fatal.c.obj)
                0x0000456a                z_fatal_error
 .text.k_mem_slab_init
                0x000045a0       0x36 zephyr/kernel/libkernel.a(mem_slab.c.obj)
                0x000045a0                k_mem_slab_init
 .text.k_mem_slab_free
                0x000045d6       0x52 zephyr/kernel/libkernel.a(mem_slab.c.obj)
                0x000045d6                k_mem_slab_free
 .text.k_is_in_isr
                0x00004628        0xc zephyr/kernel/libkernel.a(thread.c.obj)
                0x00004628                k_is_in_isr
 .text.z_pm_save_idle_exit
                0x00004634        0xe zephyr/kernel/libkernel.a(idle.c.obj)
                0x00004634                z_pm_save_idle_exit
 .text.z_impl_k_mutex_init
                0x00004642        0xe zephyr/kernel/libkernel.a(mutex.c.obj)
                0x00004642                z_impl_k_mutex_init
 .text.sys_dlist_remove
                0x00004650       0x10 zephyr/kernel/libkernel.a(sched.c.obj)
 .text.unpend_thread_no_timeout
                0x00004660       0x14 zephyr/kernel/libkernel.a(sched.c.obj)
 .text.z_reschedule_irqlock
                0x00004674       0x18 zephyr/kernel/libkernel.a(sched.c.obj)
                0x00004674                z_reschedule_irqlock
 .text.z_reschedule_unlocked
                0x0000468c       0x14 zephyr/kernel/libkernel.a(sched.c.obj)
 .text.z_priq_dumb_best
                0x000046a0       0x14 zephyr/kernel/libkernel.a(sched.c.obj)
                0x000046a0                z_priq_dumb_best
 .text.add_to_waitq_locked
                0x000046b4       0x5a zephyr/kernel/libkernel.a(sched.c.obj)
 .text.z_ready_thread
                0x0000470e       0x20 zephyr/kernel/libkernel.a(sched.c.obj)
                0x0000470e                z_ready_thread
 .text.z_thread_timeout
                0x0000472e       0x44 zephyr/kernel/libkernel.a(sched.c.obj)
                0x0000472e                z_thread_timeout
 .text.z_unpend_first_thread
                0x00004772       0x30 zephyr/kernel/libkernel.a(sched.c.obj)
                0x00004772                z_unpend_first_thread
 .text.z_abort_timeout
                0x000047a2       0x2c zephyr/kernel/libkernel.a(timeout.c.obj)
                0x000047a2                z_abort_timeout
 .text.z_get_next_timeout_expiry
                0x000047ce       0x20 zephyr/kernel/libkernel.a(timeout.c.obj)
                0x000047ce                z_get_next_timeout_expiry
 .text.z_set_timeout_expiry
                0x000047ee       0x34 zephyr/kernel/libkernel.a(timeout.c.obj)
                0x000047ee                z_set_timeout_expiry
 .text.sys_clock_tick_get_32
                0x00004822        0x8 zephyr/kernel/libkernel.a(timeout.c.obj)
                0x00004822                sys_clock_tick_get_32
 .text.z_impl_k_busy_wait
                0x0000482a        0x8 zephyr/kernel/libkernel.a(timeout.c.obj)
                0x0000482a                z_impl_k_busy_wait
 .text._OffsetAbsSyms
                0x00004832        0x2 zephyr/CMakeFiles/offsets.dir/./arch/arm/core/offsets/offsets.c.obj
                0x00004832                _OffsetAbsSyms
 *(SORT_BY_ALIGNMENT(.TEXT.*))
 .TEXT.z_platform_init
                0x00004834        0x4 zephyr/libzephyr.a(soc_nrf_common.S.obj)
                0x00004834                z_platform_init
 *(SORT_BY_ALIGNMENT(.gnu.linkonce.t.*))
 *(SORT_BY_ALIGNMENT(.glue_7t))
 .glue_7t       0x00004838        0x0 linker stubs
 *(SORT_BY_ALIGNMENT(.glue_7))
 .glue_7        0x00004838        0x0 linker stubs
 *(SORT_BY_ALIGNMENT(.vfp11_veneer))
 .vfp11_veneer  0x00004838        0x0 linker stubs
 *(SORT_BY_ALIGNMENT(.v4_bx))
 .v4_bx         0x00004838        0x0 linker stubs
                0x00004838                _image_text_end = .

.ARM.exidx      0x00004838        0x8
                0x00004838                __exidx_start = .
 *(SORT_BY_ALIGNMENT(.ARM.exidx*) SORT_BY_ALIGNMENT(gnu.linkonce.armexidx.*))
 .ARM.exidx     0x00004838        0x8 c:/users/benja/ncs/v1.7.0/toolchain/opt/bin/../lib/gcc/arm-none-eabi/9.2.1/thumb/v7e-m/nofp\libgcc.a(_udivmoddi4.o)
                0x00004840                __exidx_end = .
                0x00004840                _image_rodata_start = .

initlevel       0x00004840       0x60
                0x00004840                __init_start = .
                0x00004840                __init_PRE_KERNEL_1_start = .
 *(SORT_BY_NAME(SORT_BY_ALIGNMENT(.z_init_PRE_KERNEL_1[0-9]_*)))
 .z_init_PRE_KERNEL_10_
                0x00004840        0x8 zephyr/soc/arm/nordic_nrf/nrf52/libsoc__arm__nordic_nrf__nrf52.a(soc.c.obj)
 *(SORT_BY_NAME(SORT_BY_ALIGNMENT(.z_init_PRE_KERNEL_1[1-9][0-9]_*)))
 .z_init_PRE_KERNEL_130_
                0x00004848        0x8 modules/segger/libmodules__segger.a(SEGGER_RTT_zephyr.c.obj)
 .z_init_PRE_KERNEL_130_
                0x00004850        0x8 zephyr/kernel/libkernel.a(mem_slab.c.obj)
 .z_init_PRE_KERNEL_140_
                0x00004858        0x8 modules/nrf/drivers/hw_cc310/lib..__nrf__drivers__hw_cc310.a(hw_cc310.c.obj)
 .z_init_PRE_KERNEL_150_
                0x00004860        0x8 zephyr/libzephyr.a(clock_control_nrf.c.obj)
 .z_init_PRE_KERNEL_150_
                0x00004868       0x10 zephyr/drivers/serial/libdrivers__serial.a(uart_nrfx_uarte.c.obj)
 .z_init_PRE_KERNEL_160_
                0x00004878        0x8 zephyr/libzephyr.a(uart_console.c.obj)
                0x00004880                __init_PRE_KERNEL_2_start = .
 *(SORT_BY_NAME(SORT_BY_ALIGNMENT(.z_init_PRE_KERNEL_2[0-9]_*)))
 .z_init_PRE_KERNEL_20_
                0x00004880        0x8 zephyr/libzephyr.a(sys_clock_init.c.obj)
 *(SORT_BY_NAME(SORT_BY_ALIGNMENT(.z_init_PRE_KERNEL_2[1-9][0-9]_*)))
                0x00004888                __init_POST_KERNEL_start = .
 *(SORT_BY_NAME(SORT_BY_ALIGNMENT(.z_init_POST_KERNEL[0-9]_*)))
 *(SORT_BY_NAME(SORT_BY_ALIGNMENT(.z_init_POST_KERNEL[1-9][0-9]_*)))
 .z_init_POST_KERNEL40_
                0x00004888       0x10 zephyr/drivers/gpio/libdrivers__gpio.a(gpio_nrfx.c.obj)
 .z_init_POST_KERNEL40_
                0x00004898        0x8 modules/nrf/drivers/hw_cc310/lib..__nrf__drivers__hw_cc310.a(hw_cc310.c.obj)
                0x000048a0                __init_APPLICATION_start = .
 *(SORT_BY_NAME(SORT_BY_ALIGNMENT(.z_init_APPLICATION[0-9]_*)))
 *(SORT_BY_NAME(SORT_BY_ALIGNMENT(.z_init_APPLICATION[1-9][0-9]_*)))
                0x000048a0                __init_SMP_start = .
 *(SORT_BY_NAME(SORT_BY_ALIGNMENT(.z_init_SMP[0-9]_*)))
 *(SORT_BY_NAME(SORT_BY_ALIGNMENT(.z_init_SMP[1-9][0-9]_*)))
                0x000048a0                __init_end = .

devices         0x000048a0       0x90
                0x000048a0                __device_start = .
                0x000048a0                __device_PRE_KERNEL_1_start = .
 *(SORT_BY_NAME(SORT_BY_ALIGNMENT(.z_device_PRE_KERNEL_1[0-9]_*)))
 *(SORT_BY_NAME(SORT_BY_ALIGNMENT(.z_device_PRE_KERNEL_1[1-9][0-9]_*)))
 .z_device_PRE_KERNEL_150_
                0x000048a0       0x18 zephyr/libzephyr.a(clock_control_nrf.c.obj)
                0x000048a0                __device_dts_ord_26
 .z_device_PRE_KERNEL_150_
                0x000048b8       0x30 zephyr/drivers/serial/libdrivers__serial.a(uart_nrfx_uarte.c.obj)
                0x000048b8                __device_dts_ord_53
                0x000048d0                __device_dts_ord_52
                0x000048e8                __device_PRE_KERNEL_2_start = .
 *(SORT_BY_NAME(SORT_BY_ALIGNMENT(.z_device_PRE_KERNEL_2[0-9]_*)))
 .z_device_PRE_KERNEL_20_
                0x000048e8       0x18 zephyr/libzephyr.a(sys_clock_init.c.obj)
 *(SORT_BY_NAME(SORT_BY_ALIGNMENT(.z_device_PRE_KERNEL_2[1-9][0-9]_*)))
                0x00004900                __device_POST_KERNEL_start = .
 *(SORT_BY_NAME(SORT_BY_ALIGNMENT(.z_device_POST_KERNEL[0-9]_*)))
 *(SORT_BY_NAME(SORT_BY_ALIGNMENT(.z_device_POST_KERNEL[1-9][0-9]_*)))
 .z_device_POST_KERNEL40_
                0x00004900       0x30 zephyr/drivers/gpio/libdrivers__gpio.a(gpio_nrfx.c.obj)
                0x00004900                __device_dts_ord_10
                0x00004918                __device_dts_ord_44
                0x00004930                __device_APPLICATION_start = .
 *(SORT_BY_NAME(SORT_BY_ALIGNMENT(.z_device_APPLICATION[0-9]_*)))
 *(SORT_BY_NAME(SORT_BY_ALIGNMENT(.z_device_APPLICATION[1-9][0-9]_*)))
                0x00004930                __device_SMP_start = .
 *(SORT_BY_NAME(SORT_BY_ALIGNMENT(.z_device_SMP[0-9]_*)))
 *(SORT_BY_NAME(SORT_BY_ALIGNMENT(.z_device_SMP[1-9][0-9]_*)))
                0x00004930                __device_end = .

sw_isr_table    0x00004930      0x180
                0x00004930                . = ALIGN (0x0)
 *(SORT_BY_ALIGNMENT(.gnu.linkonce.sw_isr_table*))
 .gnu.linkonce.sw_isr_table
                0x00004930      0x180 zephyr/arch/common/libisr_tables.a(isr_tables.c.obj)
                0x00004930                _sw_isr_table

initlevel_error
                0x00004840        0x0
 *(SORT_BY_NAME(SORT_BY_ALIGNMENT(.z_init_[_A-Z0-9]*)))
                0x00000001                ASSERT ((SIZEOF (initlevel_error) == 0x0), Undefined initialization levels used.)

app_shmem_regions
                0x00004ab0        0x0
                0x00004ab0                __app_shmem_regions_start = .
 *(SORT_BY_NAME(SORT_BY_ALIGNMENT(.app_regions.*)))
                0x00004ab0                __app_shmem_regions_end = .

bt_l2cap_fixed_chan_area
                0x00004ab0        0x0
                0x00004ab0                _bt_l2cap_fixed_chan_list_start = .
 *(SORT_BY_NAME(SORT_BY_ALIGNMENT(._bt_l2cap_fixed_chan.static.*)))
                0x00004ab0                _bt_l2cap_fixed_chan_list_end = .

bt_gatt_service_static_area
                0x00004ab0        0x0
                0x00004ab0                _bt_gatt_service_static_list_start = .
 *(SORT_BY_NAME(SORT_BY_ALIGNMENT(._bt_gatt_service_static.static.*)))
                0x00004ab0                _bt_gatt_service_static_list_end = .

k_p4wq_initparam_area
                0x00004ab0        0x0
                0x00004ab0                _k_p4wq_initparam_list_start = .
 *(SORT_BY_NAME(SORT_BY_ALIGNMENT(._k_p4wq_initparam.static.*)))
                0x00004ab0                _k_p4wq_initparam_list_end = .

log_strings_sections
                0x00004ab0        0x0
                0x00004ab0                __log_strings_start = .
 *(SORT_BY_NAME(SORT_BY_ALIGNMENT(.log_strings*)))
                0x00004ab0                __log_strings_end = .

log_const_sections
                0x00004ab0        0x0
                0x00004ab0                __log_const_start = .
 *(SORT_BY_NAME(SORT_BY_ALIGNMENT(.log_const_*)))
                0x00004ab0                __log_const_end = .

log_backends_sections
                0x00004ab0        0x0
                0x00004ab0                __log_backends_start = .
 *(SORT_BY_ALIGNMENT(._log_backend.*))
                0x00004ab0                __log_backends_end = .

shell_area      0x00004ab0        0x0
                0x00004ab0                _shell_list_start = .
 *(SORT_BY_NAME(SORT_BY_ALIGNMENT(._shell.static.*)))
                0x00004ab0                _shell_list_end = .

shell_root_cmds_sections
                0x00004ab0        0x0
                0x00004ab0                __shell_root_cmds_start = .
 *(SORT_BY_NAME(SORT_BY_ALIGNMENT(.shell_root_cmd_*)))
                0x00004ab0                __shell_root_cmds_end = .

font_entry_sections
                0x00004ab0        0x0
                0x00004ab0                __font_entry_start = .
 *(SORT_BY_NAME(SORT_BY_ALIGNMENT(._cfb_font.*)))
                0x00004ab0                __font_entry_end = .

tracing_backend_area
                0x00004ab0        0x0
                0x00004ab0                _tracing_backend_list_start = .
 *(SORT_BY_NAME(SORT_BY_ALIGNMENT(._tracing_backend.static.*)))
                0x00004ab0                _tracing_backend_list_end = .

zephyr_dbg_info
 *(SORT_BY_ALIGNMENT(.dbg_thread_info))

device_handles  0x00004ab0       0x34
                0x00004ab0                __device_handles_start = .
 *(SORT_BY_NAME(SORT_BY_ALIGNMENT(.__device_handles_pass1*)))
 .__device_handles_pass1
                0x00004ab0        0xa zephyr/libzephyr.a(clock_control_nrf.c.obj)
                0x00004ab0                __devicehdl_DT_N_S_soc_S_clock_40000000
 .__device_handles_pass1
                0x00004aba        0x6 zephyr/libzephyr.a(sys_clock_init.c.obj)
                0x00004aba                __devicehdl_sys_init_sys_clock_driver_init0
 .__device_handles_pass1
                0x00004ac0       0x10 zephyr/drivers/gpio/libdrivers__gpio.a(gpio_nrfx.c.obj)
                0x00004ac0                __devicehdl_DT_N_S_soc_S_gpio_50000300
                0x00004ac8                __devicehdl_DT_N_S_soc_S_gpio_50000000
 .__device_handles_pass1
                0x00004ad0       0x14 zephyr/drivers/serial/libdrivers__serial.a(uart_nrfx_uarte.c.obj)
                0x00004ad0                __devicehdl_DT_N_S_soc_S_uart_40028000
                0x00004ada                __devicehdl_DT_N_S_soc_S_uart_40002000
                0x00004ae4                __device_handles_end = .

rodata          0x00004af0      0x2d8
 *(SORT_BY_ALIGNMENT(.rodata))
 .rodata        0x00004af0        0xc app/libapp.a(main.c.obj)
 .rodata        0x00004afc       0x20 zephyr/drivers/serial/libdrivers__serial.a(uart_nrfx_uarte.c.obj)
 *(SORT_BY_ALIGNMENT(.rodata.*))
 *fill*         0x00004b1c        0x4 
 .rodata.delay_machine_code.12152
                0x00004b20        0x6 zephyr/soc/arm/nordic_nrf/nrf52/libsoc__arm__nordic_nrf__nrf52.a(soc.c.obj)
 *fill*         0x00004b26        0x2 
 .rodata.clock_control_api
                0x00004b28       0x14 zephyr/libzephyr.a(clock_control_nrf.c.obj)
 .rodata.config
                0x00004b3c       0x10 zephyr/libzephyr.a(clock_control_nrf.c.obj)
 .rodata.transitions.11004
                0x00004b4c        0xc zephyr/libzephyr.a(clock_control_nrf.c.obj)
 .rodata.apis   0x00004b58        0x8 zephyr/libzephyr.a(nrf_cc3xx_platform_abort_zephyr.c.obj)
 .rodata.mutex_apis
                0x00004b60       0x10 zephyr/libzephyr.a(nrf_cc3xx_platform_mutex_zephyr.c.obj)
 .rodata.mutexes
                0x00004b70       0x14 zephyr/libzephyr.a(nrf_cc3xx_platform_mutex_zephyr.c.obj)
 .rodata.static_regions
                0x00004b84        0xc zephyr/arch/arch/arm/core/aarch32/mpu/libarch__arm__core__aarch32__mpu.a(arm_core_mpu.c.obj)
 .rodata.mpu_config
                0x00004b90        0x8 zephyr/soc/arm/common/cortex_m/libsoc__arm__common__cortex_m.a(arm_mpu_regions.c.obj)
                0x00004b90                mpu_config
 .rodata.mpu_regions
                0x00004b98       0x18 zephyr/soc/arm/common/cortex_m/libsoc__arm__common__cortex_m.a(arm_mpu_regions.c.obj)
 .rodata.gpio_nrfx_drv_api_funcs
                0x00004bb0       0x24 zephyr/drivers/gpio/libdrivers__gpio.a(gpio_nrfx.c.obj)
 .rodata.gpio_nrfx_p0_cfg
                0x00004bd4        0xc zephyr/drivers/gpio/libdrivers__gpio.a(gpio_nrfx.c.obj)
 .rodata.gpio_nrfx_p1_cfg
                0x00004be0        0xc zephyr/drivers/gpio/libdrivers__gpio.a(gpio_nrfx.c.obj)
 .rodata.uart_nrfx_uarte_driver_api
                0x00004bec       0x14 zephyr/drivers/serial/libdrivers__serial.a(uart_nrfx_uarte.c.obj)
 .rodata.uarte_0z_config
                0x00004c00        0x8 zephyr/drivers/serial/libdrivers__serial.a(uart_nrfx_uarte.c.obj)
 .rodata.uarte_1z_config
                0x00004c08        0x8 zephyr/drivers/serial/libdrivers__serial.a(uart_nrfx_uarte.c.obj)
 .rodata.levels.9258
                0x00004c10       0x14 zephyr/kernel/libkernel.a(device.c.obj)
 .rodata._k_neg_eagain
                0x00004c24        0x4 zephyr/kernel/libkernel.a(errno.c.obj)
                0x00004c24                _k_neg_eagain
 .rodata.CSWTCH.8
                0x00004c28       0x1c C:/Users/benja/ncs/v1.7.0/nrfxlib/crypto/nrf_cc310_platform/lib/cortex-m4/soft-float/no-interrupts/libnrf_cc310_platform_0.9.11.a(nrf_cc3xx_platform.c.obj)
 .rodata.mutex_free.str1.4
                0x00004c44       0x26 C:/Users/benja/ncs/v1.7.0/nrfxlib/crypto/nrf_cc310_platform/lib/cortex-m4/soft-float/no-interrupts/libnrf_cc310_platform_0.9.11.a(nrf_cc3xx_platform_mutex.c.obj)
 *fill*         0x00004c6a        0x2 
 .rodata.mutex_init.str1.4
                0x00004c6c       0x23 C:/Users/benja/ncs/v1.7.0/nrfxlib/crypto/nrf_cc310_platform/lib/cortex-m4/soft-float/no-interrupts/libnrf_cc310_platform_0.9.11.a(nrf_cc3xx_platform_mutex.c.obj)
 *fill*         0x00004c8f        0x1 
 .rodata.CC_PalPowerSaveModeInit.str1.4
                0x00004c90       0x20 C:/Users/benja/ncs/v1.7.0/nrfxlib/crypto/nrf_cc310_platform/lib/cortex-m4/soft-float/no-interrupts/libnrf_cc310_platform_0.9.11.a(cc_pal_pm.c.obj)
 .rodata.main.str1.1
                0x00004cb0        0x7 app/libapp.a(main.c.obj)
 .rodata.cbvprintf.str1.1
                0x00004cb7        0x6 zephyr/libzephyr.a(cbprintf_complete.c.obj)
 .rodata.sys_reboot.str1.1
                0x00004cbd       0x29 zephyr/libzephyr.a(reboot.c.obj)
 .rodata.uart_console_init.str1.1
                0x00004ce6        0x7 zephyr/libzephyr.a(uart_console.c.obj)
 .rodata.str1.1
                0x00004ced        0x6 zephyr/libzephyr.a(clock_control_nrf.c.obj)
 .rodata.str1.1
                0x00004cf3        0xa zephyr/libzephyr.a(sys_clock_init.c.obj)
 .rodata.mutex_free_platform.str1.1
                0x00004cfd       0x26 zephyr/libzephyr.a(nrf_cc3xx_platform_mutex_zephyr.c.obj)
 .rodata.mutex_init_platform.str1.1
                0x00004d23       0x2d zephyr/libzephyr.a(nrf_cc3xx_platform_mutex_zephyr.c.obj)
 .rodata.str1.1
                0x00004d50        0xf zephyr/soc/arm/common/cortex_m/libsoc__arm__common__cortex_m.a(arm_mpu_regions.c.obj)
 .rodata.str1.1
                0x00004d5f        0x7 zephyr/drivers/gpio/libdrivers__gpio.a(gpio_nrfx.c.obj)
                                  0xe (size before relaxing)
 .rodata.str1.1
                0x00004d66        0x7 zephyr/drivers/serial/libdrivers__serial.a(uart_nrfx_uarte.c.obj)
                                  0xe (size before relaxing)
 .rodata.CSWTCH.14
                0x00004d6d        0x6 modules/hal_nordic/nrfx/libmodules__hal_nordic__nrfx.a(system_nrf52840.c.obj)
 .rodata.CSWTCH.5
                0x00004d73        0x6 modules/hal_nordic/nrfx/libmodules__hal_nordic__nrfx.a(system_nrf52840.c.obj)
 .rodata._DoInit.str1.1
                0x00004d79       0x14 modules/segger/libmodules__segger.a(SEGGER_RTT.c.obj)
 .rodata.z_cstart.str1.1
                0x00004d8d        0x5 zephyr/kernel/libkernel.a(init.c.obj)
 .rodata.boot_banner.str1.1
                0x00004d92       0x34 zephyr/kernel/libkernel.a(banner.c.obj)
                                 0x35 (size before relaxing)
 *(SORT_BY_ALIGNMENT(.gnu.linkonce.r.*))
                0x00004dc8                . = ALIGN (0x4)
 *fill*         0x00004dc6        0x2 
                0x00004dc8                _image_rodata_end = .
                0x00004de0                . = ALIGN (_region_min_align)
                0x00008000                . = ALIGN ((0x1 << LOG2CEIL ((_image_rodata_end - _image_rom_start))))
                0x00008000                _image_rom_end = .
                0x20000000                . = 0x20000000
                0x20000000                . = ALIGN (_region_min_align)
                0x20000000                _image_ram_start = .

.ramfunc        0x20000000        0x0 load address 0x00004dc8
                0x20000000                . = ALIGN (_region_min_align)
                0x20000000                . = ALIGN ((0x1 << LOG2CEIL (_ramfunc_ram_size)))
                0x20000000                _ramfunc_ram_start = .
 *(SORT_BY_ALIGNMENT(.ramfunc))
 *(SORT_BY_ALIGNMENT(.ramfunc.*))
                0x20000000                . = ALIGN (_region_min_align)
                0x20000000                . = ALIGN ((0x1 << LOG2CEIL (_ramfunc_ram_size)))
                0x20000000                _ramfunc_ram_end = .
                0x00000000                _ramfunc_ram_size = (_ramfunc_ram_end - _ramfunc_ram_start)
                0x00004dc8                _ramfunc_rom_start = LOADADDR (.ramfunc)

datas           0x20000000       0xc4 load address 0x00004dc8
                0x20000000                __data_ram_start = .
 *(SORT_BY_ALIGNMENT(.data))
 *(SORT_BY_ALIGNMENT(.data.*))
 .data.p_buff1  0x20000000        0x4 app/libapp.a(main.c.obj)
                0x20000000                p_buff1
 .data._char_out
                0x20000004        0x4 zephyr/libzephyr.a(printk.c.obj)
                0x20000004                _char_out
 .data.post_ops_done
                0x20000008        0x4 zephyr/libzephyr.a(power.c.obj)
 .data.asym_mutex
                0x2000000c        0x8 zephyr/libzephyr.a(nrf_cc3xx_platform_mutex_zephyr.c.obj)
 .data.power_mutex
                0x20000014        0x8 zephyr/libzephyr.a(nrf_cc3xx_platform_mutex_zephyr.c.obj)
 .data.rng_mutex
                0x2000001c        0x8 zephyr/libzephyr.a(nrf_cc3xx_platform_mutex_zephyr.c.obj)
 .data.sym_mutex
                0x20000024        0x8 zephyr/libzephyr.a(nrf_cc3xx_platform_mutex_zephyr.c.obj)
 .data._stdout_hook
                0x2000002c        0x4 zephyr/lib/libc/minimal/liblib__libc__minimal.a(stdout_console.c.obj)
 .data.uarte_0_data
                0x20000030       0x14 zephyr/drivers/serial/libdrivers__serial.a(uart_nrfx_uarte.c.obj)
 .data.uarte_1_data
                0x20000044       0x14 zephyr/drivers/serial/libdrivers__serial.a(uart_nrfx_uarte.c.obj)
 .data.SystemCoreClock
                0x20000058        0x4 modules/hal_nordic/nrfx/libmodules__hal_nordic__nrfx.a(system_nrf52840.c.obj)
                0x20000058                SystemCoreClock
 .data.timeout_list
                0x2000005c        0x8 zephyr/kernel/libkernel.a(timeout.c.obj)
 .data.platform_abort_apis
                0x20000064        0x8 C:/Users/benja/ncs/v1.7.0/nrfxlib/crypto/nrf_cc310_platform/lib/cortex-m4/soft-float/no-interrupts/libnrf_cc310_platform_0.9.11.a(nrf_cc3xx_platform_abort.c.obj)
                0x20000064                platform_abort_apis
 .data.asym_mutex
                0x2000006c        0x8 C:/Users/benja/ncs/v1.7.0/nrfxlib/crypto/nrf_cc310_platform/lib/cortex-m4/soft-float/no-interrupts/libnrf_cc310_platform_0.9.11.a(nrf_cc3xx_platform_mutex.c.obj)
 .data.platform_mutex_apis
                0x20000074       0x10 C:/Users/benja/ncs/v1.7.0/nrfxlib/crypto/nrf_cc310_platform/lib/cortex-m4/soft-float/no-interrupts/libnrf_cc310_platform_0.9.11.a(nrf_cc3xx_platform_mutex.c.obj)
                0x20000074                platform_mutex_apis
 .data.platform_mutexes
                0x20000084       0x14 C:/Users/benja/ncs/v1.7.0/nrfxlib/crypto/nrf_cc310_platform/lib/cortex-m4/soft-float/no-interrupts/libnrf_cc310_platform_0.9.11.a(nrf_cc3xx_platform_mutex.c.obj)
                0x20000084                platform_mutexes
 .data.power_mutex
                0x20000098        0x8 C:/Users/benja/ncs/v1.7.0/nrfxlib/crypto/nrf_cc310_platform/lib/cortex-m4/soft-float/no-interrupts/libnrf_cc310_platform_0.9.11.a(nrf_cc3xx_platform_mutex.c.obj)
 .data.rng_mutex
                0x200000a0        0x8 C:/Users/benja/ncs/v1.7.0/nrfxlib/crypto/nrf_cc310_platform/lib/cortex-m4/soft-float/no-interrupts/libnrf_cc310_platform_0.9.11.a(nrf_cc3xx_platform_mutex.c.obj)
 .data.sym_mutex
                0x200000a8        0x8 C:/Users/benja/ncs/v1.7.0/nrfxlib/crypto/nrf_cc310_platform/lib/cortex-m4/soft-float/no-interrupts/libnrf_cc310_platform_0.9.11.a(nrf_cc3xx_platform_mutex.c.obj)
 .data.CCAsymCryptoMutex
                0x200000b0        0x4 C:/Users/benja/ncs/v1.7.0/nrfxlib/crypto/nrf_cc310_platform/lib/cortex-m4/soft-float/no-interrupts/libnrf_cc310_platform_0.9.11.a(cc_pal.c.obj)
                0x200000b0                CCAsymCryptoMutex
 .data.CCPowerMutex
                0x200000b4        0x4 C:/Users/benja/ncs/v1.7.0/nrfxlib/crypto/nrf_cc310_platform/lib/cortex-m4/soft-float/no-interrupts/libnrf_cc310_platform_0.9.11.a(cc_pal.c.obj)
                0x200000b4                CCPowerMutex
 .data.CCRndCryptoMutex
                0x200000b8        0x4 C:/Users/benja/ncs/v1.7.0/nrfxlib/crypto/nrf_cc310_platform/lib/cortex-m4/soft-float/no-interrupts/libnrf_cc310_platform_0.9.11.a(cc_pal.c.obj)
                0x200000b8                CCRndCryptoMutex
 .data.CCSymCryptoMutex
                0x200000bc        0x4 C:/Users/benja/ncs/v1.7.0/nrfxlib/crypto/nrf_cc310_platform/lib/cortex-m4/soft-float/no-interrupts/libnrf_cc310_platform_0.9.11.a(cc_pal.c.obj)
                0x200000bc                CCSymCryptoMutex
 .data.pCCRndCryptoMutex
                0x200000c0        0x4 C:/Users/benja/ncs/v1.7.0/nrfxlib/crypto/nrf_cc310_platform/lib/cortex-m4/soft-float/no-interrupts/libnrf_cc310_platform_0.9.11.a(cc_pal.c.obj)
                0x200000c0                pCCRndCryptoMutex
 *(SORT_BY_ALIGNMENT(.kernel.*))
                0x00004dc8                __data_rom_start = LOADADDR (datas)

initshell       0x200000c4        0x0 load address 0x00004e8c
                0x200000c4                __shell_module_start = .
 *(SORT_BY_ALIGNMENT(.shell_module_*))
                0x200000c4                __shell_module_end = .
                0x200000c4                __shell_cmd_start = .
 *(SORT_BY_ALIGNMENT(.shell_cmd_*))
                0x200000c4                __shell_cmd_end = .

log_dynamic_sections
                0x200000c4        0x0 load address 0x00004e8c
                0x200000c4                __log_dynamic_start = .
 *(SORT_BY_NAME(SORT_BY_ALIGNMENT(.log_dynamic_*)))
                0x200000c4                __log_dynamic_end = .

_static_thread_data_area
                0x200000c4        0x0 load address 0x00004e8c
                0x200000c4                __static_thread_data_list_start = .
 *(SORT_BY_NAME(SORT_BY_ALIGNMENT(.__static_thread_data.static.*)))
                0x200000c4                __static_thread_data_list_end = .

k_timer_area    0x200000c4        0x0 load address 0x00004e8c
                0x200000c4                _k_timer_list_start = .
 *(SORT_BY_NAME(SORT_BY_ALIGNMENT(._k_timer.static.*)))
                0x200000c4                _k_timer_list_end = .

k_mem_slab_area
                0x200000c4        0x0 load address 0x00004e8c
                0x200000c4                _k_mem_slab_list_start = .
 *(SORT_BY_NAME(SORT_BY_ALIGNMENT(._k_mem_slab.static.*)))
                0x200000c4                _k_mem_slab_list_end = .

k_mem_pool_area
                0x200000c4        0x0 load address 0x00004e8c
                0x200000c4                _k_mem_pool_list_start = .
 *(SORT_BY_NAME(SORT_BY_ALIGNMENT(._k_mem_pool.static.*)))
                0x200000c4                _k_mem_pool_list_end = .

k_heap_area     0x200000c4        0x0 load address 0x00004e8c
                0x200000c4                _k_heap_list_start = .
 *(SORT_BY_NAME(SORT_BY_ALIGNMENT(._k_heap.static.*)))
                0x200000c4                _k_heap_list_end = .

k_mutex_area    0x200000c4       0x50 load address 0x00004e8c
                0x200000c4                _k_mutex_list_start = .
 *(SORT_BY_NAME(SORT_BY_ALIGNMENT(._k_mutex.static.*)))
 ._k_mutex.static.asym_mutex_int
                0x200000c4       0x14 zephyr/libzephyr.a(nrf_cc3xx_platform_mutex_zephyr.c.obj)
                0x200000c4                asym_mutex_int
 ._k_mutex.static.power_mutex_int
                0x200000d8       0x14 zephyr/libzephyr.a(nrf_cc3xx_platform_mutex_zephyr.c.obj)
                0x200000d8                power_mutex_int
 ._k_mutex.static.rng_mutex_int
                0x200000ec       0x14 zephyr/libzephyr.a(nrf_cc3xx_platform_mutex_zephyr.c.obj)
                0x200000ec                rng_mutex_int
 ._k_mutex.static.sym_mutex_int
                0x20000100       0x14 zephyr/libzephyr.a(nrf_cc3xx_platform_mutex_zephyr.c.obj)
                0x20000100                sym_mutex_int
                0x20000114                _k_mutex_list_end = .

k_stack_area    0x20000114        0x0 load address 0x00004edc
                0x20000114                _k_stack_list_start = .
 *(SORT_BY_NAME(SORT_BY_ALIGNMENT(._k_stack.static.*)))
                0x20000114                _k_stack_list_end = .

k_msgq_area     0x20000114        0x0 load address 0x00004edc
                0x20000114                _k_msgq_list_start = .
 *(SORT_BY_NAME(SORT_BY_ALIGNMENT(._k_msgq.static.*)))
                0x20000114                _k_msgq_list_end = .

k_mbox_area     0x20000114        0x0 load address 0x00004edc
                0x20000114                _k_mbox_list_start = .
 *(SORT_BY_NAME(SORT_BY_ALIGNMENT(._k_mbox.static.*)))
                0x20000114                _k_mbox_list_end = .

k_pipe_area     0x20000114        0x0 load address 0x00004edc
                0x20000114                _k_pipe_list_start = .
 *(SORT_BY_NAME(SORT_BY_ALIGNMENT(._k_pipe.static.*)))
                0x20000114                _k_pipe_list_end = .

k_sem_area      0x20000114        0x0 load address 0x00004edc
                0x20000114                _k_sem_list_start = .
 *(SORT_BY_NAME(SORT_BY_ALIGNMENT(._k_sem.static.*)))
                0x20000114                _k_sem_list_end = .

k_queue_area    0x20000114        0x0 load address 0x00004edc
                0x20000114                _k_queue_list_start = .
 *(SORT_BY_NAME(SORT_BY_ALIGNMENT(._k_queue.static.*)))
                0x20000114                _k_queue_list_end = .

k_condvar_area  0x20000114        0x0 load address 0x00004edc
                0x20000114                _k_condvar_list_start = .
 *(SORT_BY_NAME(SORT_BY_ALIGNMENT(._k_condvar.static.*)))
                0x20000114                _k_condvar_list_end = .

_net_buf_pool_area
                0x20000114        0x0 load address 0x00004edc
                0x20000114                _net_buf_pool_list = .
 *(SORT_BY_NAME(SORT_BY_ALIGNMENT(._net_buf_pool.static.*)))
                0x20000114                __data_ram_end = .

bss             0x20000118    0x10e4c
                0x20000118                . = ALIGN (0x4)
                0x20000118                __bss_start = .
                0x20000118                __kernel_ram_start = .
 *(SORT_BY_ALIGNMENT(.bss))
 *(SORT_BY_ALIGNMENT(.bss.*))
 .bss.z_idle_threads
                0x20000118       0x80 zephyr/kernel/libkernel.a(init.c.obj)
                0x20000118                z_idle_threads
 .bss.z_main_thread
                0x20000198       0x80 zephyr/kernel/libkernel.a(init.c.obj)
                0x20000198                z_main_thread
 .bss.curr_tick
                0x20000218        0x8 zephyr/kernel/libkernel.a(timeout.c.obj)
 .bss.pm_notifiers
                0x20000220        0x8 zephyr/libzephyr.a(power.c.obj)
 .bss.z_power_state
                0x20000228        0xc zephyr/libzephyr.a(power.c.obj)
 .bss.uart_console_dev
                0x20000234        0x4 zephyr/libzephyr.a(uart_console.c.obj)
 .bss.__devstate_dts_ord_26
                0x20000238        0x4 zephyr/libzephyr.a(clock_control_nrf.c.obj)
 .bss.cli.10978
                0x2000023c       0x10 zephyr/libzephyr.a(clock_control_nrf.c.obj)
 .bss.data      0x2000024c       0x50 zephyr/libzephyr.a(clock_control_nrf.c.obj)
 .bss.hfclk_users
                0x2000029c        0x4 zephyr/libzephyr.a(clock_control_nrf.c.obj)
 .bss.on.10977  0x200002a0        0x4 zephyr/libzephyr.a(clock_control_nrf.c.obj)
 .bss.__devstate_sys_init_sys_clock_driver_init0
                0x200002a4        0x4 zephyr/libzephyr.a(sys_clock_init.c.obj)
 .bss.cc_data   0x200002a8        0x8 zephyr/libzephyr.a(nrf_rtc_timer.c.obj)
 .bss.int_mask  0x200002b0        0x4 zephyr/libzephyr.a(nrf_rtc_timer.c.obj)
 .bss.last_count
                0x200002b4        0x4 zephyr/libzephyr.a(nrf_rtc_timer.c.obj)
 .bss.mutex_slab
                0x200002b8       0x1c zephyr/libzephyr.a(nrf_cc3xx_platform_mutex_zephyr.c.obj)
                0x200002b8                mutex_slab
 .bss.mutex_slab_buffer
                0x200002d4      0x500 zephyr/libzephyr.a(nrf_cc3xx_platform_mutex_zephyr.c.obj)
                0x200002d4                mutex_slab_buffer
 .bss.dynamic_regions.9848
                0x200007d4        0xc zephyr/arch/arch/arm/core/aarch32/mpu/libarch__arm__core__aarch32__mpu.a(arm_core_mpu.c.obj)
 .bss.__devstate_dts_ord_10
                0x200007e0        0x4 zephyr/drivers/gpio/libdrivers__gpio.a(gpio_nrfx.c.obj)
 .bss.__devstate_dts_ord_44
                0x200007e4        0x4 zephyr/drivers/gpio/libdrivers__gpio.a(gpio_nrfx.c.obj)
 .bss.gpio_nrfx_p0_data
                0x200007e8       0x1c zephyr/drivers/gpio/libdrivers__gpio.a(gpio_nrfx.c.obj)
 .bss.gpio_nrfx_p1_data
                0x20000804       0x1c zephyr/drivers/gpio/libdrivers__gpio.a(gpio_nrfx.c.obj)
 .bss.__devstate_dts_ord_52
                0x20000820        0x4 zephyr/drivers/serial/libdrivers__serial.a(uart_nrfx_uarte.c.obj)
 .bss.__devstate_dts_ord_53
                0x20000824        0x4 zephyr/drivers/serial/libdrivers__serial.a(uart_nrfx_uarte.c.obj)
 .bss.m_clock_cb
                0x20000828        0x8 modules/hal_nordic/nrfx/libmodules__hal_nordic__nrfx.a(nrfx_clock.c.obj)
 .bss.m_cb      0x20000830       0x60 modules/hal_nordic/nrfx/libmodules__hal_nordic__nrfx.a(nrfx_gpiote.c.obj)
 .bss.m_channels_allocated
                0x20000890        0x4 modules/hal_nordic/nrfx/libmodules__hal_nordic__nrfx.a(nrfx_ppi.c.obj)
 .bss._SEGGER_RTT
                0x20000894       0xa8 modules/segger/libmodules__segger.a(SEGGER_RTT.c.obj)
                0x20000894                _SEGGER_RTT
 .bss._kernel   0x2000093c       0x30 zephyr/kernel/libkernel.a(init.c.obj)
                0x2000093c                _kernel
 .bss.pending_current
                0x2000096c        0x4 zephyr/kernel/libkernel.a(sched.c.obj)
 .bss.slice_max_prio
                0x20000970        0x4 zephyr/kernel/libkernel.a(sched.c.obj)
 .bss.slice_time
                0x20000974        0x4 zephyr/kernel/libkernel.a(sched.c.obj)
 .bss.announce_remaining
                0x20000978        0x4 zephyr/kernel/libkernel.a(timeout.c.obj)
 .bss.nrf_cc3xx_platform_initialized
                0x2000097c        0x4 C:/Users/benja/ncs/v1.7.0/nrfxlib/crypto/nrf_cc310_platform/lib/cortex-m4/soft-float/no-interrupts/libnrf_cc310_platform_0.9.11.a(nrf_cc3xx_platform.c.obj)
 .bss.asym_mutex_int
                0x20000980        0x4 C:/Users/benja/ncs/v1.7.0/nrfxlib/crypto/nrf_cc310_platform/lib/cortex-m4/soft-float/no-interrupts/libnrf_cc310_platform_0.9.11.a(nrf_cc3xx_platform_mutex.c.obj)
 .bss.power_mutex_int
                0x20000984        0x4 C:/Users/benja/ncs/v1.7.0/nrfxlib/crypto/nrf_cc310_platform/lib/cortex-m4/soft-float/no-interrupts/libnrf_cc310_platform_0.9.11.a(nrf_cc3xx_platform_mutex.c.obj)
 .bss.rng_mutex_int
                0x20000988        0x4 C:/Users/benja/ncs/v1.7.0/nrfxlib/crypto/nrf_cc310_platform/lib/cortex-m4/soft-float/no-interrupts/libnrf_cc310_platform_0.9.11.a(nrf_cc3xx_platform_mutex.c.obj)
 .bss.sym_mutex_int
                0x2000098c        0x4 C:/Users/benja/ncs/v1.7.0/nrfxlib/crypto/nrf_cc310_platform/lib/cortex-m4/soft-float/no-interrupts/libnrf_cc310_platform_0.9.11.a(nrf_cc3xx_platform_mutex.c.obj)
 .bss.use_count
                0x20000990        0x4 C:/Users/benja/ncs/v1.7.0/nrfxlib/crypto/nrf_cc310_platform/lib/cortex-m4/soft-float/no-interrupts/libnrf_cc310_platform_0.9.11.a(cc_pal_pm.c.obj)
 .bss.buff1     0x20000994     0xfffe app/libapp.a(main.c.obj)
 .bss.static_regions_num
                0x20010992        0x1 zephyr/arch/arch/arm/core/aarch32/mpu/libarch__arm__core__aarch32__mpu.a(arm_mpu.c.obj)
 .bss.gpio_initialized.10310
                0x20010993        0x1 zephyr/drivers/gpio/libdrivers__gpio.a(gpio_nrfx.c.obj)
 .bss._acDownBuffer
                0x20010994       0x10 modules/segger/libmodules__segger.a(SEGGER_RTT.c.obj)
 .bss._acUpBuffer
                0x200109a4      0x400 modules/segger/libmodules__segger.a(SEGGER_RTT.c.obj)
 .bss.z_sys_post_kernel
                0x20010da4        0x1 zephyr/kernel/libkernel.a(init.c.obj)
                0x20010da4                z_sys_post_kernel
 .bss.lock      0x20010da5        0x0 zephyr/kernel/libkernel.a(mutex.c.obj)
 .bss.lock      0x20010da5        0x0 zephyr/kernel/libkernel.a(sem.c.obj)
 .bss.sched_spinlock
                0x20010da5        0x0 zephyr/kernel/libkernel.a(sched.c.obj)
                0x20010da5                sched_spinlock
 *(SORT_BY_ALIGNMENT(COMMON))
 *fill*         0x20010da5        0x3 
 COMMON         0x20010da8      0x1bc C:/Users/benja/ncs/v1.7.0/nrfxlib/crypto/nrf_cc310_platform/lib/cortex-m4/soft-float/no-interrupts/libnrf_cc310_platform_0.9.11.a(nrf_cc3xx_platform_ctr_drbg.c.obj)
                0x20010da8                nrf_cc3xx_platform_ctr_drbg_global_ctx
 *(SORT_BY_ALIGNMENT(.kernel_bss.*))
                0x20010f64                __bss_end = ALIGN (0x4)

noinit          0x20010f80      0xda0
 *(SORT_BY_ALIGNMENT(.noinit))
 *(SORT_BY_ALIGNMENT(.noinit.*))
 .noinit."WEST_TOPDIR/zephyr/kernel/init.c".1
                0x20010f80      0x420 zephyr/kernel/libkernel.a(init.c.obj)
                0x20010f80                z_main_stack
 .noinit."WEST_TOPDIR/zephyr/kernel/init.c".2
                0x200113a0      0x160 zephyr/kernel/libkernel.a(init.c.obj)
 .noinit."WEST_TOPDIR/zephyr/kernel/init.c".3
                0x20011500      0x820 zephyr/kernel/libkernel.a(init.c.obj)
                0x20011500                z_interrupt_stacks
 *(SORT_BY_ALIGNMENT(.kernel_noinit.*))
                0x20011d20                _image_ram_end = .
                0x20011d20                _end = .
                0x20040000                __kernel_ram_end = 0x20040000
                0x0003fee8                __kernel_ram_size = (__kernel_ram_end - __kernel_ram_start)

.intList        0x20040000       0x58
 *(SORT_BY_ALIGNMENT(.irq_info*))
 .irq_info      0x20040000        0x8 zephyr/arch/common/libisr_tables.a(isr_tables.c.obj)
                0x20040000                _iheader
 *(SORT_BY_ALIGNMENT(.intList*))
 .intList       0x20040008       0x10 zephyr/libzephyr.a(clock_control_nrf.c.obj)
 .intList       0x20040018       0x10 zephyr/libzephyr.a(nrf_rtc_timer.c.obj)
 .intList       0x20040028       0x10 zephyr/drivers/gpio/libdrivers__gpio.a(gpio_nrfx.c.obj)
 .intList       0x20040038       0x20 zephyr/drivers/serial/libdrivers__serial.a(uart_nrfx_uarte.c.obj)

.stab
 *(SORT_BY_ALIGNMENT(.stab))

.stabstr
 *(SORT_BY_ALIGNMENT(.stabstr))

.stab.excl
 *(SORT_BY_ALIGNMENT(.stab.excl))

.stab.exclstr
 *(SORT_BY_ALIGNMENT(.stab.exclstr))

.stab.index
 *(SORT_BY_ALIGNMENT(.stab.index))

.stab.indexstr
 *(SORT_BY_ALIGNMENT(.stab.indexstr))

.gnu.build.attributes
 *(SORT_BY_ALIGNMENT(.gnu.build.attributes) SORT_BY_ALIGNMENT(.gnu.build.attributes.*))

.comment        0x00000000       0x79
 *(SORT_BY_ALIGNMENT(.comment))
 .comment       0x00000000       0x79 app/libapp.a(main.c.obj)
                                 0x7a (size before relaxing)
 .comment       0x00000079       0x7a zephyr/libzephyr.a(notify.c.obj)
 .comment       0x00000079       0x7a zephyr/libzephyr.a(printk.c.obj)
 .comment       0x00000079       0x7a zephyr/libzephyr.a(onoff.c.obj)
 .comment       0x00000079       0x7a zephyr/libzephyr.a(thread_entry.c.obj)
 .comment       0x00000079       0x7a zephyr/libzephyr.a(cbprintf_complete.c.obj)
 .comment       0x00000079       0x7a zephyr/libzephyr.a(reboot.c.obj)
 .comment       0x00000079       0x7a zephyr/libzephyr.a(configs.c.obj)
 .comment       0x00000079       0x7a zephyr/libzephyr.a(power.c.obj)
 .comment       0x00000079       0x7a zephyr/libzephyr.a(policy_residency.c.obj)
 .comment       0x00000079       0x7a zephyr/libzephyr.a(uart_console.c.obj)
 .comment       0x00000079       0x7a zephyr/libzephyr.a(clock_control_nrf.c.obj)
 .comment       0x00000079       0x7a zephyr/libzephyr.a(sys_clock_init.c.obj)
 .comment       0x00000079       0x7a zephyr/libzephyr.a(nrf_rtc_timer.c.obj)
 .comment       0x00000079       0x7a zephyr/libzephyr.a(nrf_cc3xx_platform_abort_zephyr.c.obj)
 .comment       0x00000079       0x7a zephyr/libzephyr.a(nrf_cc3xx_platform_mutex_zephyr.c.obj)
 .comment       0x00000079       0x7a zephyr/arch/arch/arm/core/aarch32/libarch__arm__core__aarch32.a(swap.c.obj)
 .comment       0x00000079       0x7a zephyr/arch/arch/arm/core/aarch32/libarch__arm__core__aarch32.a(irq_manage.c.obj)
 .comment       0x00000079       0x7a zephyr/arch/arch/arm/core/aarch32/libarch__arm__core__aarch32.a(thread.c.obj)
 .comment       0x00000079       0x7a zephyr/arch/arch/arm/core/aarch32/libarch__arm__core__aarch32.a(fatal.c.obj)
 .comment       0x00000079       0x7a zephyr/arch/arch/arm/core/aarch32/libarch__arm__core__aarch32.a(nmi.c.obj)
 .comment       0x00000079       0x7a zephyr/arch/arch/arm/core/aarch32/libarch__arm__core__aarch32.a(prep_c.c.obj)
 .comment       0x00000079       0x7a zephyr/arch/arch/arm/core/aarch32/cortex_m/libarch__arm__core__aarch32__cortex_m.a(fault.c.obj)
 .comment       0x00000079       0x7a zephyr/arch/arch/arm/core/aarch32/cortex_m/libarch__arm__core__aarch32__cortex_m.a(scb.c.obj)
 .comment       0x00000079       0x7a zephyr/arch/arch/arm/core/aarch32/cortex_m/libarch__arm__core__aarch32__cortex_m.a(irq_init.c.obj)
 .comment       0x00000079       0x7a zephyr/arch/arch/arm/core/aarch32/cortex_m/libarch__arm__core__aarch32__cortex_m.a(thread_abort.c.obj)
 .comment       0x00000079       0x7a zephyr/arch/arch/arm/core/aarch32/mpu/libarch__arm__core__aarch32__mpu.a(arm_core_mpu.c.obj)
 .comment       0x00000079       0x7a zephyr/arch/arch/arm/core/aarch32/mpu/libarch__arm__core__aarch32__mpu.a(arm_mpu.c.obj)
 .comment       0x00000079       0x7a zephyr/lib/libc/minimal/liblib__libc__minimal.a(string.c.obj)
 .comment       0x00000079       0x7a zephyr/lib/libc/minimal/liblib__libc__minimal.a(stdout_console.c.obj)
 .comment       0x00000079       0x7a zephyr/soc/arm/common/cortex_m/libsoc__arm__common__cortex_m.a(arm_mpu_regions.c.obj)
 .comment       0x00000079       0x7a zephyr/soc/arm/nordic_nrf/nrf52/libsoc__arm__nordic_nrf__nrf52.a(soc.c.obj)
 .comment       0x00000079       0x7a zephyr/soc/arm/nordic_nrf/nrf52/libsoc__arm__nordic_nrf__nrf52.a(power.c.obj)
 .comment       0x00000079       0x7a zephyr/drivers/gpio/libdrivers__gpio.a(gpio_nrfx.c.obj)
 .comment       0x00000079       0x7a zephyr/drivers/serial/libdrivers__serial.a(uart_nrfx_uarte.c.obj)
 .comment       0x00000079       0x7a modules/nrf/lib/fatal_error/lib..__nrf__lib__fatal_error.a(fatal_error.c.obj)
 .comment       0x00000079       0x7a modules/nrf/drivers/hw_cc310/lib..__nrf__drivers__hw_cc310.a(hw_cc310.c.obj)
 .comment       0x00000079       0x7a modules/hal_nordic/nrfx/libmodules__hal_nordic__nrfx.a(system_nrf52840.c.obj)
 .comment       0x00000079       0x7a modules/hal_nordic/nrfx/libmodules__hal_nordic__nrfx.a(nrfx_glue.c.obj)
 .comment       0x00000079       0x7a modules/hal_nordic/nrfx/libmodules__hal_nordic__nrfx.a(nrfx_clock.c.obj)
 .comment       0x00000079       0x7a modules/hal_nordic/nrfx/libmodules__hal_nordic__nrfx.a(nrfx_gpiote.c.obj)
 .comment       0x00000079       0x7a modules/hal_nordic/nrfx/libmodules__hal_nordic__nrfx.a(nrfx_ppi.c.obj)
 .comment       0x00000079       0x7a modules/segger/libmodules__segger.a(SEGGER_RTT.c.obj)
 .comment       0x00000079       0x7a modules/segger/libmodules__segger.a(SEGGER_RTT_zephyr.c.obj)
 .comment       0x00000079       0x7a zephyr/kernel/libkernel.a(device.c.obj)
 .comment       0x00000079       0x7a zephyr/kernel/libkernel.a(errno.c.obj)
 .comment       0x00000079       0x7a zephyr/kernel/libkernel.a(fatal.c.obj)
 .comment       0x00000079       0x7a zephyr/kernel/libkernel.a(init.c.obj)
 .comment       0x00000079       0x7a zephyr/kernel/libkernel.a(mem_slab.c.obj)
 .comment       0x00000079       0x7a zephyr/kernel/libkernel.a(thread.c.obj)
 .comment       0x00000079       0x7a zephyr/kernel/libkernel.a(idle.c.obj)
 .comment       0x00000079       0x7a zephyr/kernel/libkernel.a(mutex.c.obj)
 .comment       0x00000079       0x7a zephyr/kernel/libkernel.a(sem.c.obj)
 .comment       0x00000079       0x7a zephyr/kernel/libkernel.a(sched.c.obj)
 .comment       0x00000079       0x7a zephyr/kernel/libkernel.a(xip.c.obj)
 .comment       0x00000079       0x7a zephyr/kernel/libkernel.a(timeout.c.obj)
 .comment       0x00000079       0x7a zephyr/kernel/libkernel.a(banner.c.obj)
 .comment       0x00000079       0x7a zephyr/CMakeFiles/offsets.dir/./arch/arm/core/offsets/offsets.c.obj
 .comment       0x00000079       0x7a zephyr/arch/common/libisr_tables.a(isr_tables.c.obj)
 .comment       0x00000079       0x7a C:/Users/benja/ncs/v1.7.0/nrfxlib/crypto/nrf_cc310_platform/lib/cortex-m4/soft-float/no-interrupts/libnrf_cc310_platform_0.9.11.a(nrf_cc3xx_platform.c.obj)
 .comment       0x00000079       0x7a C:/Users/benja/ncs/v1.7.0/nrfxlib/crypto/nrf_cc310_platform/lib/cortex-m4/soft-float/no-interrupts/libnrf_cc310_platform_0.9.11.a(nrf_cc3xx_platform_abort.c.obj)
 .comment       0x00000079       0x7a C:/Users/benja/ncs/v1.7.0/nrfxlib/crypto/nrf_cc310_platform/lib/cortex-m4/soft-float/no-interrupts/libnrf_cc310_platform_0.9.11.a(nrf_cc3xx_platform_mutex.c.obj)
 .comment       0x00000079       0x7a C:/Users/benja/ncs/v1.7.0/nrfxlib/crypto/nrf_cc310_platform/lib/cortex-m4/soft-float/no-interrupts/libnrf_cc310_platform_0.9.11.a(cc_lib.c.obj)
 .comment       0x00000079       0x7a C:/Users/benja/ncs/v1.7.0/nrfxlib/crypto/nrf_cc310_platform/lib/cortex-m4/soft-float/no-interrupts/libnrf_cc310_platform_0.9.11.a(cc_hal.c.obj)
 .comment       0x00000079       0x7a C:/Users/benja/ncs/v1.7.0/nrfxlib/crypto/nrf_cc310_platform/lib/cortex-m4/soft-float/no-interrupts/libnrf_cc310_platform_0.9.11.a(cc_pal.c.obj)
 .comment       0x00000079       0x7a C:/Users/benja/ncs/v1.7.0/nrfxlib/crypto/nrf_cc310_platform/lib/cortex-m4/soft-float/no-interrupts/libnrf_cc310_platform_0.9.11.a(cc_pal_dma.c.obj)
 .comment       0x00000079       0x7a C:/Users/benja/ncs/v1.7.0/nrfxlib/crypto/nrf_cc310_platform/lib/cortex-m4/soft-float/no-interrupts/libnrf_cc310_platform_0.9.11.a(cc_pal_mutex.c.obj)
 .comment       0x00000079       0x7a C:/Users/benja/ncs/v1.7.0/nrfxlib/crypto/nrf_cc310_platform/lib/cortex-m4/soft-float/no-interrupts/libnrf_cc310_platform_0.9.11.a(cc_pal_pm.c.obj)
 .comment       0x00000079       0x7a C:/Users/benja/ncs/v1.7.0/nrfxlib/crypto/nrf_cc310_platform/lib/cortex-m4/soft-float/no-interrupts/libnrf_cc310_platform_0.9.11.a(nrf_cc3xx_platform_ctr_drbg.c.obj)

.debug
 *(SORT_BY_ALIGNMENT(.debug))

.line
 *(SORT_BY_ALIGNMENT(.line))

.debug_srcinfo
 *(SORT_BY_ALIGNMENT(.debug_srcinfo))

.debug_sfnames
 *(SORT_BY_ALIGNMENT(.debug_sfnames))

.debug_aranges  0x00000000     0x13b8
 *(SORT_BY_ALIGNMENT(.debug_aranges))
 .debug_aranges
                0x00000000       0x20 zephyr/libzephyr.a(soc_nrf_common.S.obj)
 .debug_aranges
                0x00000020       0x28 zephyr/arch/arch/arm/core/aarch32/libarch__arm__core__aarch32.a(swap_helper.S.obj)
 .debug_aranges
                0x00000048       0x30 zephyr/arch/arch/arm/core/aarch32/libarch__arm__core__aarch32.a(cpu_idle.S.obj)
 .debug_aranges
                0x00000078       0x20 zephyr/arch/arch/arm/core/aarch32/libarch__arm__core__aarch32.a(nmi_on_reset.S.obj)
 .debug_aranges
                0x00000098       0x20 zephyr/arch/arch/arm/core/aarch32/libarch__arm__core__aarch32.a(isr_wrapper.S.obj)
 .debug_aranges
                0x000000b8       0x20 zephyr/arch/arch/arm/core/aarch32/cortex_m/libarch__arm__core__aarch32__cortex_m.a(reset.S.obj)
 .debug_aranges
                0x000000d8       0x20 zephyr/arch/arch/arm/core/aarch32/cortex_m/libarch__arm__core__aarch32__cortex_m.a(fault_s.S.obj)
 .debug_aranges
                0x000000f8       0x20 zephyr/arch/arch/arm/core/aarch32/cortex_m/libarch__arm__core__aarch32__cortex_m.a(exc_exit.S.obj)
 .debug_aranges
                0x00000118       0x28 app/libapp.a(main.c.obj)
 .debug_aranges
                0x00000140       0x28 zephyr/libzephyr.a(notify.c.obj)
 .debug_aranges
                0x00000168       0x68 zephyr/libzephyr.a(printk.c.obj)
 .debug_aranges
                0x000001d0       0x88 zephyr/libzephyr.a(onoff.c.obj)
 .debug_aranges
                0x00000258       0x20 zephyr/libzephyr.a(thread_entry.c.obj)
 .debug_aranges
                0x00000278       0x30 zephyr/libzephyr.a(cbprintf_complete.c.obj)
 .debug_aranges
                0x000002a8       0x20 zephyr/libzephyr.a(reboot.c.obj)
 .debug_aranges
                0x000002c8       0x20 zephyr/libzephyr.a(configs.c.obj)
 .debug_aranges
                0x000002e8       0x50 zephyr/libzephyr.a(power.c.obj)
 .debug_aranges
                0x00000338       0x20 zephyr/libzephyr.a(policy_residency.c.obj)
 .debug_aranges
                0x00000358       0x28 zephyr/libzephyr.a(uart_console.c.obj)
 .debug_aranges
                0x00000380       0xc8 zephyr/libzephyr.a(clock_control_nrf.c.obj)
 .debug_aranges
                0x00000448       0x40 zephyr/libzephyr.a(sys_clock_init.c.obj)
 .debug_aranges
                0x00000488       0x98 zephyr/libzephyr.a(nrf_rtc_timer.c.obj)
 .debug_aranges
                0x00000520       0x28 zephyr/libzephyr.a(nrf_cc3xx_platform_abort_zephyr.c.obj)
 .debug_aranges
                0x00000548       0x40 zephyr/libzephyr.a(nrf_cc3xx_platform_mutex_zephyr.c.obj)
 .debug_aranges
                0x00000588       0x20 zephyr/arch/arch/arm/core/aarch32/libarch__arm__core__aarch32.a(swap.c.obj)
 .debug_aranges
                0x000005a8       0x48 zephyr/arch/arch/arm/core/aarch32/libarch__arm__core__aarch32.a(irq_manage.c.obj)
 .debug_aranges
                0x000005f0       0x30 zephyr/arch/arch/arm/core/aarch32/libarch__arm__core__aarch32.a(thread.c.obj)
 .debug_aranges
                0x00000620       0x30 zephyr/arch/arch/arm/core/aarch32/libarch__arm__core__aarch32.a(fatal.c.obj)
 .debug_aranges
                0x00000650       0x20 zephyr/arch/arch/arm/core/aarch32/libarch__arm__core__aarch32.a(nmi.c.obj)
 .debug_aranges
                0x00000670       0x20 zephyr/arch/arch/arm/core/aarch32/libarch__arm__core__aarch32.a(prep_c.c.obj)
 .debug_aranges
                0x00000690       0x40 zephyr/arch/arch/arm/core/aarch32/cortex_m/libarch__arm__core__aarch32__cortex_m.a(fault.c.obj)
 .debug_aranges
                0x000006d0       0x30 zephyr/arch/arch/arm/core/aarch32/cortex_m/libarch__arm__core__aarch32__cortex_m.a(scb.c.obj)
 .debug_aranges
                0x00000700       0x20 zephyr/arch/arch/arm/core/aarch32/cortex_m/libarch__arm__core__aarch32__cortex_m.a(irq_init.c.obj)
 .debug_aranges
                0x00000720       0x20 zephyr/arch/arch/arm/core/aarch32/cortex_m/libarch__arm__core__aarch32__cortex_m.a(thread_abort.c.obj)
 .debug_aranges
                0x00000740       0x28 zephyr/arch/arch/arm/core/aarch32/mpu/libarch__arm__core__aarch32__mpu.a(arm_core_mpu.c.obj)
 .debug_aranges
                0x00000768       0x48 zephyr/arch/arch/arm/core/aarch32/mpu/libarch__arm__core__aarch32__mpu.a(arm_mpu.c.obj)
 .debug_aranges
                0x000007b0       0x98 zephyr/lib/libc/minimal/liblib__libc__minimal.a(string.c.obj)
 .debug_aranges
                0x00000848       0x58 zephyr/lib/libc/minimal/liblib__libc__minimal.a(stdout_console.c.obj)
 .debug_aranges
                0x000008a0       0x18 zephyr/soc/arm/common/cortex_m/libsoc__arm__common__cortex_m.a(arm_mpu_regions.c.obj)
 .debug_aranges
                0x000008b8       0x30 zephyr/soc/arm/nordic_nrf/nrf52/libsoc__arm__nordic_nrf__nrf52.a(soc.c.obj)
 .debug_aranges
                0x000008e8       0x28 zephyr/soc/arm/nordic_nrf/nrf52/libsoc__arm__nordic_nrf__nrf52.a(power.c.obj)
 .debug_aranges
                0x00000910       0x88 zephyr/drivers/gpio/libdrivers__gpio.a(gpio_nrfx.c.obj)
 .debug_aranges
                0x00000998       0x78 zephyr/drivers/serial/libdrivers__serial.a(uart_nrfx_uarte.c.obj)
 .debug_aranges
                0x00000a10       0x20 modules/nrf/lib/fatal_error/lib..__nrf__lib__fatal_error.a(fatal_error.c.obj)
 .debug_aranges
                0x00000a30       0x28 modules/nrf/drivers/hw_cc310/lib..__nrf__drivers__hw_cc310.a(hw_cc310.c.obj)
 .debug_aranges
                0x00000a58       0x48 modules/hal_nordic/nrfx/libmodules__hal_nordic__nrfx.a(system_nrf52840.c.obj)
 .debug_aranges
                0x00000aa0       0x30 modules/hal_nordic/nrfx/libmodules__hal_nordic__nrfx.a(nrfx_glue.c.obj)
 .debug_aranges
                0x00000ad0       0x68 modules/hal_nordic/nrfx/libmodules__hal_nordic__nrfx.a(nrfx_clock.c.obj)
 .debug_aranges
                0x00000b38      0x148 modules/hal_nordic/nrfx/libmodules__hal_nordic__nrfx.a(nrfx_gpiote.c.obj)
 .debug_aranges
                0x00000c80       0x80 modules/hal_nordic/nrfx/libmodules__hal_nordic__nrfx.a(nrfx_ppi.c.obj)
 .debug_aranges
                0x00000d00      0x138 modules/segger/libmodules__segger.a(SEGGER_RTT.c.obj)
 .debug_aranges
                0x00000e38       0x20 modules/segger/libmodules__segger.a(SEGGER_RTT_zephyr.c.obj)
 .debug_aranges
                0x00000e58       0x50 zephyr/kernel/libkernel.a(device.c.obj)
 .debug_aranges
                0x00000ea8       0x20 zephyr/kernel/libkernel.a(errno.c.obj)
 .debug_aranges
                0x00000ec8       0x58 zephyr/kernel/libkernel.a(fatal.c.obj)
 .debug_aranges
                0x00000f20       0x38 zephyr/kernel/libkernel.a(init.c.obj)
 .debug_aranges
                0x00000f58       0x38 zephyr/kernel/libkernel.a(mem_slab.c.obj)
 .debug_aranges
                0x00000f90       0xa0 zephyr/kernel/libkernel.a(thread.c.obj)
 .debug_aranges
                0x00001030       0x28 zephyr/kernel/libkernel.a(idle.c.obj)
 .debug_aranges
                0x00001058       0x30 zephyr/kernel/libkernel.a(mutex.c.obj)
 .debug_aranges
                0x00001088       0x38 zephyr/kernel/libkernel.a(sem.c.obj)
 .debug_aranges
                0x000010c0      0x1e8 zephyr/kernel/libkernel.a(sched.c.obj)
 .debug_aranges
                0x000012a8       0x20 zephyr/kernel/libkernel.a(xip.c.obj)
 .debug_aranges
                0x000012c8       0x98 zephyr/kernel/libkernel.a(timeout.c.obj)
 .debug_aranges