Archive member included to satisfy reference by file (symbol)

C:/Program Files/SEGGER/SEGGER Embedded Studio for ARM 5.70a/lib/libc_v7em_fpv4_sp_d16_hard_t_le_eabi.a(libc2.o)
                              Output/Release/Obj/twi_scanner_pca10056/nrf_cli.o (isspace)
C:/Program Files/SEGGER/SEGGER Embedded Studio for ARM 5.70a/lib/libc_v7em_fpv4_sp_d16_hard_t_le_eabi.a(libc2_asm.o)
                              Output/Release/Obj/twi_scanner_pca10056/nrf_log_frontend.o (memcpy)
C:/Program Files/SEGGER/SEGGER Embedded Studio for ARM 5.70a/lib/libc_v7em_fpv4_sp_d16_hard_t_le_eabi.a(libvfprintf.o)
                              (__vfprintf_long)
C:/Program Files/SEGGER/SEGGER Embedded Studio for ARM 5.70a/lib/libc_v7em_fpv4_sp_d16_hard_t_le_eabi.a(libvfscanf.o)
                              (__vfscanf_long)
C:/Program Files/SEGGER/SEGGER Embedded Studio for ARM 5.70a/lib/libc_v7em_fpv4_sp_d16_hard_t_le_eabi.a(libc.o)
                              C:/Program Files/SEGGER/SEGGER Embedded Studio for ARM 5.70a/lib/libc_v7em_fpv4_sp_d16_hard_t_le_eabi.a(libc2.o) (__heap_lock)
C:/Program Files/SEGGER/SEGGER Embedded Studio for ARM 5.70a/lib/libc_v7em_fpv4_sp_d16_hard_t_le_eabi.a(libc_asm.o)
                              C:/Program Files/SEGGER/SEGGER Embedded Studio for ARM 5.70a/lib/libc_v7em_fpv4_sp_d16_hard_t_le_eabi.a(libc2.o) (__aeabi_uldivmod)
C:/Program Files/SEGGER/SEGGER Embedded Studio for ARM 5.70a/lib/libdebugio_v7em_fpv4_sp_d16_hard_t_le_eabi.a(libdebugio.o)
                              Output/Release/Obj/twi_scanner_pca10056/thumb_crt0.o (debug_fopen)
C:/Program Files/SEGGER/SEGGER Embedded Studio for ARM 5.70a/lib/libdebugio_v7em_fpv4_sp_d16_hard_t_le_eabi.a(do_nv_debug_operation.o)
                              C:/Program Files/SEGGER/SEGGER Embedded Studio for ARM 5.70a/lib/libdebugio_v7em_fpv4_sp_d16_hard_t_le_eabi.a(libdebugio.o) (__do_nvdebug_operation)
C:/Program Files/SEGGER/SEGGER Embedded Studio for ARM 5.70a/lib/libdebugio_v7em_fpv4_sp_d16_hard_t_le_eabi.a(mempoll_debug_operations.o)
                              (__do_debug_operation_mempoll)
C:/Program Files/SEGGER/SEGGER Embedded Studio for ARM 5.70a/lib/libm_v7em_fpv4_sp_d16_hard_t_le_eabi.a(libm_asm.o)
                              C:/Program Files/SEGGER/SEGGER Embedded Studio for ARM 5.70a/lib/libc_v7em_fpv4_sp_d16_hard_t_le_eabi.a(libc2.o) (__aeabi_dadd)
C:/Program Files/SEGGER/SEGGER Embedded Studio for ARM 5.70a/lib/libm_v7em_fpv4_sp_d16_hard_t_le_eabi.a(libm2.o)
                              C:/Program Files/SEGGER/SEGGER Embedded Studio for ARM 5.70a/lib/libc_v7em_fpv4_sp_d16_hard_t_le_eabi.a(libvfprintf.o) (frexp)

Discarded input sections

 .text          0x0000000000000000        0x0 Output/Release/Obj/twi_scanner_pca10056/thumb_crt0.o
 .data          0x0000000000000000        0x0 Output/Release/Obj/twi_scanner_pca10056/thumb_crt0.o
 .bss           0x0000000000000000        0x0 Output/Release/Obj/twi_scanner_pca10056/thumb_crt0.o
 .text.__aeabi_read_tp
                0x0000000000000000        0x8 Output/Release/Obj/twi_scanner_pca10056/thumb_crt0.o
 .text.abort    0x0000000000000000        0x2 Output/Release/Obj/twi_scanner_pca10056/thumb_crt0.o
 .text.__assert
                0x0000000000000000        0x2 Output/Release/Obj/twi_scanner_pca10056/thumb_crt0.o
 .text.__assert_func
                0x0000000000000000        0x2 Output/Release/Obj/twi_scanner_pca10056/thumb_crt0.o
 .text.__aeabi_assert
                0x0000000000000000        0x2 Output/Release/Obj/twi_scanner_pca10056/thumb_crt0.o
 .text.__sync_synchronize
                0x0000000000000000        0x2 Output/Release/Obj/twi_scanner_pca10056/thumb_crt0.o
 .text.__getchar
                0x0000000000000000        0x4 Output/Release/Obj/twi_scanner_pca10056/thumb_crt0.o
 .text.__putchar
                0x0000000000000000        0x4 Output/Release/Obj/twi_scanner_pca10056/thumb_crt0.o
 .text.__open   0x0000000000000000        0x4 Output/Release/Obj/twi_scanner_pca10056/thumb_crt0.o
 .text.__close  0x0000000000000000        0x4 Output/Release/Obj/twi_scanner_pca10056/thumb_crt0.o
 .text.__write  0x0000000000000000        0xa Output/Release/Obj/twi_scanner_pca10056/thumb_crt0.o
 .text.__read   0x0000000000000000        0xa Output/Release/Obj/twi_scanner_pca10056/thumb_crt0.o
 .text.__seek   0x0000000000000000       0x1a Output/Release/Obj/twi_scanner_pca10056/thumb_crt0.o
 .text.remove   0x0000000000000000        0x4 Output/Release/Obj/twi_scanner_pca10056/thumb_crt0.o
 .text.rename   0x0000000000000000        0x4 Output/Release/Obj/twi_scanner_pca10056/thumb_crt0.o
 .bss.__user_locale_name_buffer
                0x0000000000000000        0x4 Output/Release/Obj/twi_scanner_pca10056/thumb_crt0.o
 .stack         0x0000000000000000        0x0 Output/Release/Obj/twi_scanner_pca10056/thumb_crt0.o
 .stack_process
                0x0000000000000000        0x0 Output/Release/Obj/twi_scanner_pca10056/thumb_crt0.o
[...]
Memory Configuration

Name             Origin             Length             Attributes
UNPLACED_SECTIONS 0x0000000100000000 0x0000000000000000 xw
RAM1             0x0000000020000000 0x0000000000040000 xw
FLASH1           0x0000000000000000 0x0000000000100000 xw
*default*        0x0000000000000000 0xffffffffffffffff

Linker script and memory map

                0x0000000000000000                __do_debug_operation = __do_debug_operation_mempoll
                0x0000000000000000                __vfprintf = __vfprintf_long
                0x0000000000000000                __vfscanf = __vfscanf_long
                0x0000000020000000                __RAM1_segment_start__ = 0x20000000
                0x0000000020040000                __RAM1_segment_end__ = 0x20040000
                0x0000000000040000                __RAM1_segment_size__ = 0x40000
                0x0000000000000000                __FLASH1_segment_start__ = 0x0
                0x0000000000100000                __FLASH1_segment_end__ = 0x100000
                0x0000000000100000                __FLASH1_segment_size__ = 0x100000
                0x0000000000002000                __HEAPSIZE__ = 0x2000
                0x0000000000000000                __STACKSIZE_PROCESS__ = 0x0
                0x0000000000002000                __STACKSIZE__ = 0x2000
                0x0000000020000000                __vectors_ram_load_start__ = 0x20000000

.vectors_ram    0x0000000020000000        0x0
                0x0000000020000000                __vectors_ram_start__ = .
                0x0000000020000000                __app_ram_start__ = __vectors_ram_start__
 *(.vectors_ram .vectors_ram.*)
                0x0000000020000000                __vectors_ram_end__ = (__vectors_ram_start__ + SIZEOF (.vectors_ram))
                0x0000000000000000                __vectors_ram_size__ = SIZEOF (.vectors_ram)
                0x0000000020000000                __vectors_ram_load_end__ = __vectors_ram_end__
                0x0000000000000001                . = ASSERT (((__vectors_ram_start__ == __vectors_ram_end__) || ((__vectors_ram_end__ - __RAM1_segment_start__) <= __RAM1_segment_size__)), error: .vectors_ram is too large to fit in RAM1 memory segment)
                0x0000000020000000                __nrf_sections_run_load_start__ = ALIGN (__vectors_ram_end__, 0x4)

.nrf_sections_run
                0x0000000020000000        0x0
                0x0000000020000000                __nrf_sections_run_start__ = .
                0x0000000020000000                __start_nrf_sections_run = __nrf_sections_run_start__
 *(.nrf_sections_run .nrf_sections_run.*)
                0x0000000020000000                __nrf_sections_run_end__ = (__nrf_sections_run_start__ + SIZEOF (.nrf_sections_run))
                0x0000000000000000                __nrf_sections_run_size__ = SIZEOF (.nrf_sections_run)
                0x0000000020000000                __nrf_sections_run_load_end__ = __nrf_sections_run_end__
                0x0000000000000001                . = ASSERT (((__nrf_sections_run_start__ == __nrf_sections_run_end__) || ((__nrf_sections_run_end__ - __RAM1_segment_start__) <= __RAM1_segment_size__)), error: .nrf_sections_run is too large to fit in RAM1 memory segment)
                0x0000000000000000                __vectors_load_start__ = 0x0

.vectors        0x0000000000000000      0x200
                0x0000000000000000                __vectors_start__ = .
 *(.vectors .vectors.*)
 .vectors       0x0000000000000000      0x200 Output/Release/Obj/twi_scanner_pca10056/ses_startup_nrf52840.o
                0x0000000000000000                _vectors
                0x0000000000000200                __vectors_end__ = (__vectors_start__ + SIZEOF (.vectors))
                0x0000000000000200                __vectors_size__ = SIZEOF (.vectors)
                0x0000000000000200                __vectors_load_end__ = __vectors_end__
                0x0000000000000001                . = ASSERT (((__vectors_start__ == __vectors_end__) || ((__vectors_end__ - __FLASH1_segment_start__) <= __FLASH1_segment_size__)), error: .vectors is too large to fit in FLASH1 memory segment)
                0x0000000000000200                __init_load_start__ = ALIGN (__vectors_end__, 0x4)

.init           0x0000000000000200      0x1d0
                0x0000000000000200                __init_start__ = .
 *(.init .init.*)
 .init          0x0000000000000200      0x15c Output/Release/Obj/twi_scanner_pca10056/thumb_crt0.o
                0x0000000000000200                _start
                0x00000000000002b4                exit
 .init          0x000000000000035c       0x18 Output/Release/Obj/twi_scanner_pca10056/ses_startup_nrf52840.o
                0x000000000000035c                NMI_Handler
                0x000000000000035e                HardFault_Handler
                0x0000000000000360                MemoryManagement_Handler
                0x0000000000000362                BusFault_Handler
                0x0000000000000364                UsageFault_Handler
                0x0000000000000366                SVC_Handler
                0x0000000000000368                DebugMon_Handler
                0x000000000000036a                PendSV_Handler
                0x000000000000036c                SysTick_Handler
                0x000000000000036e                PWM1_IRQHandler
                0x000000000000036e                GPIOTE_IRQHandler
                0x000000000000036e                RTC0_IRQHandler
                0x000000000000036e                POWER_CLOCK_IRQHandler
                0x000000000000036e                RADIO_IRQHandler
                0x000000000000036e                TEMP_IRQHandler
                0x000000000000036e                QDEC_IRQHandler
                0x000000000000036e                TIMER3_IRQHandler
                0x000000000000036e                PWM3_IRQHandler
                0x000000000000036e                FPU_IRQHandler
                0x000000000000036e                USBD_IRQHandler
                0x000000000000036e                QSPI_IRQHandler
                0x000000000000036e                TIMER4_IRQHandler
                0x000000000000036e                CRYPTOCELL_IRQHandler
                0x000000000000036e                SWI2_EGU2_IRQHandler
                0x000000000000036e                SWI4_EGU4_IRQHandler
                0x000000000000036e                TIMER0_IRQHandler
                0x000000000000036e                UARTE1_IRQHandler
                0x000000000000036e                Dummy_Handler
                0x000000000000036e                TIMER1_IRQHandler
                0x000000000000036e                SPIM3_IRQHandler
                0x000000000000036e                PWM2_IRQHandler
                0x000000000000036e                ECB_IRQHandler
                0x000000000000036e                SAADC_IRQHandler
                0x000000000000036e                CCM_AAR_IRQHandler
                0x000000000000036e                WDT_IRQHandler
                0x000000000000036e                SWI0_EGU0_IRQHandler
                0x000000000000036e                SWI5_EGU5_IRQHandler
                0x000000000000036e                RNG_IRQHandler
                0x000000000000036e                RTC2_IRQHandler
                0x000000000000036e                PWM0_IRQHandler
                0x000000000000036e                SWI3_EGU3_IRQHandler
                0x000000000000036e                RTC1_IRQHandler
                0x000000000000036e                SWI1_EGU1_IRQHandler
                0x000000000000036e                SPIM2_SPIS2_SPI2_IRQHandler
                0x000000000000036e                NFCT_IRQHandler
                0x000000000000036e                I2S_IRQHandler
                0x000000000000036e                MWU_IRQHandler
                0x000000000000036e                TIMER2_IRQHandler
                0x000000000000036e                COMP_LPCOMP_IRQHandler
                0x0000000000000370                nRFInitialize
 .init          0x0000000000000374       0x5c Output/Release/Obj/twi_scanner_pca10056/ses_startup_nrf_common.o
                0x0000000000000374                Reset_Handler
                0x0000000000000378                afterInitialize
                0x000000000000039c                InitializeUserMemorySections
                0x00000000000003d0                __init_end__ = (__init_start__ + SIZEOF (.init))
                0x00000000000001d0                __init_size__ = SIZEOF (.init)
                0x00000000000003d0                __init_load_end__ = __init_end__
                0x0000000000000001                . = ASSERT (((__init_start__ == __init_end__) || ((__init_end__ - __FLASH1_segment_start__) <= __FLASH1_segment_size__)), error: .init is too large to fit in FLASH1 memory segment)
                0x00000000000003d0                __init_rodata_load_start__ = ALIGN (__init_end__, 0x4)

.init_rodata    0x00000000000003d0        0x0
                0x00000000000003d0                __init_rodata_start__ = .
 *(.init_rodata .init_rodata.*)
                0x00000000000003d0                __init_rodata_end__ = (__init_rodata_start__ + SIZEOF (.init_rodata))
                0x0000000000000000                __init_rodata_size__ = SIZEOF (.init_rodata)
                0x00000000000003d0                __init_rodata_load_end__ = __init_rodata_end__
                0x0000000000000001                . = ASSERT (((__init_rodata_start__ == __init_rodata_end__) || ((__init_rodata_end__ - __FLASH1_segment_start__) <= __FLASH1_segment_size__)), error: .init_rodata is too large to fit in FLASH1 memory segment)
                0x00000000000003d0                __fs_data_load_start__ = ALIGN (__init_rodata_end__, 0x4)

.fs_data        0x00000000000003d0       0x14
                0x00000000000003d0                __fs_data_start__ = .
 *(.fs_data .fs_data.*)
 .fs_data       0x00000000000003d0       0x14 Output/Release/Obj/twi_scanner_pca10056/main.o
                0x00000000000003d0                fstorage
                0x00000000000003e4                __fs_data_end__ = (__fs_data_start__ + SIZEOF (.fs_data))
                0x0000000000000014                __fs_data_size__ = SIZEOF (.fs_data)
                0x00000000000003e4                __fs_data_load_end__ = __fs_data_end__
                0x0000000000000001                . = ASSERT (((__fs_data_start__ == __fs_data_end__) || ((__fs_data_end__ - __FLASH1_segment_start__) <= __FLASH1_segment_size__)), error: .fs_data is too large to fit in FLASH1 memory segment)
                0x00000000000003e4                __nrf_queue_load_start__ = ALIGN (__fs_data_end__, 0x4)

.nrf_queue      0x00000000000003e4       0x18
                0x00000000000003e4                __nrf_queue_start__ = .
 *(.nrf_queue .nrf_queue.*)
 .nrf_queue     0x00000000000003e4       0x18 Output/Release/Obj/twi_scanner_pca10056/cli.o
                0x00000000000003e4                m_cli_uart_log_backend_queue
                0x00000000000003fc                __nrf_queue_end__ = (__nrf_queue_start__ + SIZEOF (.nrf_queue))
                0x0000000000000018                __nrf_queue_size__ = SIZEOF (.nrf_queue)
                0x00000000000003fc                __nrf_queue_load_end__ = __nrf_queue_end__
                0x0000000000000001                . = ASSERT (((__nrf_queue_start__ == __nrf_queue_end__) || ((__nrf_queue_end__ - __FLASH1_segment_start__) <= __FLASH1_segment_size__)), error: .nrf_queue is too large to fit in FLASH1 memory segment)
                0x00000000000003fc                __text_load_start__ = ALIGN (__nrf_queue_end__, 0x4)

.text           0x00000000000003fc     0x2f08
                0x00000000000003fc                __text_start__ = .
 *(.text .text.* .glue_7t .glue_7 .gnu.linkonce.t.* .gcc_except_table .ARM.extab* .gnu.linkonce.armextab.*)
 .glue_7        0x00000000000003fc        0x0 linker stubs
 .glue_7t       0x00000000000003fc        0x0 linker stubs
 .text.nrf_log_backend_rtt_flush
                0x00000000000003fc        0x2 Output/Release/Obj/twi_scanner_pca10056/nrf_log_backend_rtt.o
 *fill*         0x00000000000003fe        0x2 
 .text.nrf_log_backend_rtt_put
                0x0000000000000400       0x1c Output/Release/Obj/twi_scanner_pca10056/nrf_log_backend_rtt.o
 .text.serial_tx
                0x000000000000041c       0x50 Output/Release/Obj/twi_scanner_pca10056/nrf_log_backend_rtt.o
 .text.nrf_log_backend_rtt_panic_set
                0x000000000000046c        0x2 Output/Release/Obj/twi_scanner_pca10056/nrf_log_backend_rtt.o
 .text.nrf_log_backend_rtt_init
                0x000000000000046e        0x4 Output/Release/Obj/twi_scanner_pca10056/nrf_log_backend_rtt.o
                0x000000000000046e                nrf_log_backend_rtt_init
 .text.nrf_log_backend_serial_put
                0x0000000000000472       0xc2 Output/Release/Obj/twi_scanner_pca10056/nrf_log_backend_serial.o
                0x0000000000000472                nrf_log_backend_serial_put
 .text.nrf_log_backend_uart_flush
                0x0000000000000534        0x2 Output/Release/Obj/twi_scanner_pca10056/nrf_log_backend_uart.o
 *fill*         0x0000000000000536        0x2 
 .text.nrf_log_backend_uart_put
                0x0000000000000538       0x1c Output/Release/Obj/twi_scanner_pca10056/nrf_log_backend_uart.o
 .text.uart_init.constprop.0
                0x0000000000000554       0x40 Output/Release/Obj/twi_scanner_pca10056/nrf_log_backend_uart.o
 .text.serial_tx
                0x0000000000000594       0x48 Output/Release/Obj/twi_scanner_pca10056/nrf_log_backend_uart.o
 .text.nrf_log_backend_uart_panic_set
                0x00000000000005dc       0x2c Output/Release/Obj/twi_scanner_pca10056/nrf_log_backend_uart.o
 .text.nrf_log_backend_uart_init
                0x0000000000000608        0x4 Output/Release/Obj/twi_scanner_pca10056/nrf_log_backend_uart.o
                0x0000000000000608                nrf_log_backend_uart_init
 .text.nrf_log_default_backends_init
                0x000000000000060c       0x38 Output/Release/Obj/twi_scanner_pca10056/nrf_log_default_backends.o
                0x000000000000060c                nrf_log_default_backends_init
 .text.invalid_packets_omit
                0x0000000000000644       0x3a Output/Release/Obj/twi_scanner_pca10056/nrf_log_frontend.o
 *fill*         0x000000000000067e        0x2 
 .text.buf_prealloc
                0x0000000000000680      0x11c Output/Release/Obj/twi_scanner_pca10056/nrf_log_frontend.o
 .text.nrf_log_init
                0x000000000000079c       0x28 Output/Release/Obj/twi_scanner_pca10056/nrf_log_frontend.o
                0x000000000000079c                nrf_log_init
 .text.nrf_log_module_name_get
                0x00000000000007c4       0x38 Output/Release/Obj/twi_scanner_pca10056/nrf_log_frontend.o
                0x00000000000007c4                nrf_log_module_name_get
 .text.nrf_log_color_id_get
                0x00000000000007fc       0x2c Output/Release/Obj/twi_scanner_pca10056/nrf_log_frontend.o
                0x00000000000007fc                nrf_log_color_id_get
 .text.buffer_is_empty
                0x0000000000000828       0x14 Output/Release/Obj/twi_scanner_pca10056/nrf_log_frontend.o
                0x0000000000000828                buffer_is_empty
 .text.nrf_log_frontend_dequeue
                0x000000000000083c      0x200 Output/Release/Obj/twi_scanner_pca10056/nrf_log_frontend.o
                0x000000000000083c                nrf_log_frontend_dequeue
 .text.std_n    0x0000000000000a3c       0x8c Output/Release/Obj/twi_scanner_pca10056/nrf_log_frontend.o
 .text.nrf_log_frontend_std_0
                0x0000000000000ac8        0x8 Output/Release/Obj/twi_scanner_pca10056/nrf_log_frontend.o
                0x0000000000000ac8                nrf_log_frontend_std_0
 .text.nrf_log_frontend_std_2
                0x0000000000000ad0       0x14 Output/Release/Obj/twi_scanner_pca10056/nrf_log_frontend.o
                0x0000000000000ad0                nrf_log_frontend_std_2
 .text.nrf_log_frontend_std_3
                0x0000000000000ae4       0x18 Output/Release/Obj/twi_scanner_pca10056/nrf_log_frontend.o
                0x0000000000000ae4                nrf_log_frontend_std_3
 .text.nrf_log_backend_add
                0x0000000000000afc       0x44 Output/Release/Obj/twi_scanner_pca10056/nrf_log_frontend.o
                0x0000000000000afc                nrf_log_backend_add
 .text.nrf_log_panic
                0x0000000000000b40       0x28 Output/Release/Obj/twi_scanner_pca10056/nrf_log_frontend.o
                0x0000000000000b40                nrf_log_panic
 .text.prefix_process
                0x0000000000000b68       0x7c Output/Release/Obj/twi_scanner_pca10056/nrf_log_str_formatter.o
 .text.postfix_process
                0x0000000000000be4       0x44 Output/Release/Obj/twi_scanner_pca10056/nrf_log_str_formatter.o
 .text.nrf_log_std_entry_process
                0x0000000000000c28       0xc8 Output/Release/Obj/twi_scanner_pca10056/nrf_log_str_formatter.o
                0x0000000000000c28                nrf_log_std_entry_process
 .text.nrf_log_hexdump_entry_process
                0x0000000000000cf0       0xc0 Output/Release/Obj/twi_scanner_pca10056/nrf_log_str_formatter.o
                0x0000000000000cf0                nrf_log_hexdump_entry_process
 .text.app_error_handler_bare
                0x0000000000000db0       0x1a Output/Release/Obj/twi_scanner_pca10056/app_error.o
                0x0000000000000db0                app_error_handler_bare
 *fill*         0x0000000000000dca        0x2 
 .text.app_error_fault_handler
                0x0000000000000dcc       0x6c Output/Release/Obj/twi_scanner_pca10056/app_error_weak.o
                0x0000000000000dcc                app_error_fault_handler
 .text.app_util_disable_irq
                0x0000000000000e38       0x10 Output/Release/Obj/twi_scanner_pca10056/app_util_platform.o
                0x0000000000000e38                app_util_disable_irq
 .text.app_util_enable_irq
                0x0000000000000e48       0x14 Output/Release/Obj/twi_scanner_pca10056/app_util_platform.o
                0x0000000000000e48                app_util_enable_irq
 .text.app_util_critical_region_enter
                0x0000000000000e5c        0x4 Output/Release/Obj/twi_scanner_pca10056/app_util_platform.o
                0x0000000000000e5c                app_util_critical_region_enter
 .text.app_util_critical_region_exit
                0x0000000000000e60        0x4 Output/Release/Obj/twi_scanner_pca10056/app_util_platform.o
                0x0000000000000e60                app_util_critical_region_exit
 .text.nrf_atomic_u32_fetch_store
                0x0000000000000e64       0x16 Output/Release/Obj/twi_scanner_pca10056/nrf_atomic.o
                0x0000000000000e64                nrf_atomic_u32_fetch_store
 .text.nrf_atomic_u32_fetch_or
                0x0000000000000e7a       0x18 Output/Release/Obj/twi_scanner_pca10056/nrf_atomic.o
                0x0000000000000e7a                nrf_atomic_u32_fetch_or
 .text.nrf_atomic_u32_or
                0x0000000000000e92       0x18 Output/Release/Obj/twi_scanner_pca10056/nrf_atomic.o
                0x0000000000000e92                nrf_atomic_u32_or
 .text.nrf_atomic_u32_fetch_and
                0x0000000000000eaa       0x18 Output/Release/Obj/twi_scanner_pca10056/nrf_atomic.o
                0x0000000000000eaa                nrf_atomic_u32_fetch_and
 .text.nrf_atomic_u32_and
                0x0000000000000ec2       0x18 Output/Release/Obj/twi_scanner_pca10056/nrf_atomic.o
                0x0000000000000ec2                nrf_atomic_u32_and
 .text.nrf_atomic_u32_add
                0x0000000000000eda       0x18 Output/Release/Obj/twi_scanner_pca10056/nrf_atomic.o
                0x0000000000000eda                nrf_atomic_u32_add
 .text.nrf_atomic_u32_sub
                0x0000000000000ef2       0x18 Output/Release/Obj/twi_scanner_pca10056/nrf_atomic.o
                0x0000000000000ef2                nrf_atomic_u32_sub
 .text.nrf_atomic_flag_set_fetch
                0x0000000000000f0a        0x6 Output/Release/Obj/twi_scanner_pca10056/nrf_atomic.o
                0x0000000000000f0a                nrf_atomic_flag_set_fetch
 .text.nrf_atomic_flag_set
                0x0000000000000f10        0x6 Output/Release/Obj/twi_scanner_pca10056/nrf_atomic.o
                0x0000000000000f10                nrf_atomic_flag_set
 .text.nrf_atomic_flag_clear_fetch
                0x0000000000000f16        0x6 Output/Release/Obj/twi_scanner_pca10056/nrf_atomic.o
                0x0000000000000f16                nrf_atomic_flag_clear_fetch
 .text.nrf_atomic_flag_clear
                0x0000000000000f1c        0x6 Output/Release/Obj/twi_scanner_pca10056/nrf_atomic.o
                0x0000000000000f1c                nrf_atomic_flag_clear
 .text.nrf_balloc_init
                0x0000000000000f22       0x2e Output/Release/Obj/twi_scanner_pca10056/nrf_balloc.o
                0x0000000000000f22                nrf_balloc_init
 .text.nrf_balloc_alloc
                0x0000000000000f50       0x40 Output/Release/Obj/twi_scanner_pca10056/nrf_balloc.o
                0x0000000000000f50                nrf_balloc_alloc
 .text.nrf_balloc_free
                0x0000000000000f90       0x2a Output/Release/Obj/twi_scanner_pca10056/nrf_balloc.o
                0x0000000000000f90                nrf_balloc_free
 .text.nrf_fprintf_buffer_flush
                0x0000000000000fba       0x16 Output/Release/Obj/twi_scanner_pca10056/nrf_fprintf.o
                0x0000000000000fba                nrf_fprintf_buffer_flush
 .text.nrf_fprintf
                0x0000000000000fd0       0x1c Output/Release/Obj/twi_scanner_pca10056/nrf_fprintf.o
                0x0000000000000fd0                nrf_fprintf
 .text.buffer_add
                0x0000000000000fec       0x2e Output/Release/Obj/twi_scanner_pca10056/nrf_fprintf_format.o
 *fill*         0x000000000000101a        0x2 
 .text.unsigned_print
                0x000000000000101c       0xb4 Output/Release/Obj/twi_scanner_pca10056/nrf_fprintf_format.o
 .text.nrf_fprintf_fmt
                0x00000000000010d0      0x294 Output/Release/Obj/twi_scanner_pca10056/nrf_fprintf_format.o
                0x00000000000010d0                nrf_fprintf_fmt
 .text.memobj_op
                0x0000000000001364       0x86 Output/Release/Obj/twi_scanner_pca10056/nrf_memobj.o
 .text.nrf_memobj_pool_init
                0x00000000000013ea        0x4 Output/Release/Obj/twi_scanner_pca10056/nrf_memobj.o
                0x00000000000013ea                nrf_memobj_pool_init
 .text.nrf_memobj_free
                0x00000000000013ee       0x2c Output/Release/Obj/twi_scanner_pca10056/nrf_memobj.o
                0x00000000000013ee                nrf_memobj_free
 .text.nrf_memobj_alloc
                0x000000000000141a       0x5e Output/Release/Obj/twi_scanner_pca10056/nrf_memobj.o
                0x000000000000141a                nrf_memobj_alloc
 .text.nrf_memobj_get
                0x0000000000001478        0x8 Output/Release/Obj/twi_scanner_pca10056/nrf_memobj.o
                0x0000000000001478                nrf_memobj_get
 .text.nrf_memobj_put
                0x0000000000001480       0x1c Output/Release/Obj/twi_scanner_pca10056/nrf_memobj.o
                0x0000000000001480                nrf_memobj_put
 .text.nrf_memobj_write
                0x000000000000149c       0x14 Output/Release/Obj/twi_scanner_pca10056/nrf_memobj.o
                0x000000000000149c                nrf_memobj_write
 .text.nrf_memobj_read
                0x00000000000014b0       0x14 Output/Release/Obj/twi_scanner_pca10056/nrf_memobj.o
                0x00000000000014b0                nrf_memobj_read
 .text.nrf_ringbuf_init
                0x00000000000014c4       0x12 Output/Release/Obj/twi_scanner_pca10056/nrf_ringbuf.o
                0x00000000000014c4                nrf_ringbuf_init
 *fill*         0x00000000000014d6        0x2 
 .text.nrf_fstorage_init
                0x00000000000014d8       0x64 Output/Release/Obj/twi_scanner_pca10056/nrf_fstorage.o
                0x00000000000014d8                nrf_fstorage_init
 .text.nrf_fstorage_write
                0x000000000000153c      0x134 Output/Release/Obj/twi_scanner_pca10056/nrf_fstorage.o
                0x000000000000153c                nrf_fstorage_write
 .text.init     0x0000000000001670        0xc Output/Release/Obj/twi_scanner_pca10056/nrf_fstorage_nvmc.o
 .text.rmap     0x000000000000167c        0x4 Output/Release/Obj/twi_scanner_pca10056/nrf_fstorage_nvmc.o
 .text.wmap     0x0000000000001680        0x4 Output/Release/Obj/twi_scanner_pca10056/nrf_fstorage_nvmc.o
 .text.is_busy  0x0000000000001684       0x10 Output/Release/Obj/twi_scanner_pca10056/nrf_fstorage_nvmc.o
 .text.uninit   0x0000000000001694       0x10 Output/Release/Obj/twi_scanner_pca10056/nrf_fstorage_nvmc.o
 .text.read     0x00000000000016a4        0xe Output/Release/Obj/twi_scanner_pca10056/nrf_fstorage_nvmc.o
 *fill*         0x00000000000016b2        0x2 
 .text.write    0x00000000000016b4       0x54 Output/Release/Obj/twi_scanner_pca10056/nrf_fstorage_nvmc.o
 .text.erase    0x0000000000001708       0x60 Output/Release/Obj/twi_scanner_pca10056/nrf_fstorage_nvmc.o
 .text.nrf_log_backend_cli_panic_set
                0x0000000000001768       0x1e Output/Release/Obj/twi_scanner_pca10056/nrf_cli.o
 .text.cli_strlen
                0x0000000000001786        0x8 Output/Release/Obj/twi_scanner_pca10056/nrf_cli.o
 .text.multiline_console_data_check
                0x000000000000178e       0x40 Output/Release/Obj/twi_scanner_pca10056/nrf_cli.o
 *fill*         0x00000000000017ce        0x2 
 .text.vt100_color_set.part.0
                0x00000000000017d0       0x54 Output/Release/Obj/twi_scanner_pca10056/nrf_cli.o
 .text.vt100_color_set
                0x0000000000001824       0x20 Output/Release/Obj/twi_scanner_pca10056/nrf_cli.o
 .text.vt100_bgcolor_set.part.0
                0x0000000000001844       0x48 Output/Release/Obj/twi_scanner_pca10056/nrf_cli.o
 .text.cli_clear_eos.isra.0
                0x000000000000188c       0x10 Output/Release/Obj/twi_scanner_pca10056/nrf_cli.o
 .text.cursor_up_move
                0x000000000000189c       0x14 Output/Release/Obj/twi_scanner_pca10056/nrf_cli.o
 .text.cursor_left_move
                0x00000000000018b0       0x14 Output/Release/Obj/twi_scanner_pca10056/nrf_cli.o
 .text.nrf_cli_fprintf
                0x00000000000018c4       0x58 Output/Release/Obj/twi_scanner_pca10056/nrf_cli.o
                0x00000000000018c4                nrf_cli_fprintf
 .text.cli_log_entry_process
                0x000000000000191c      0x13c Output/Release/Obj/twi_scanner_pca10056/nrf_cli.o
 .text.nrf_log_backend_cli_flush
                0x0000000000001a58        0xa Output/Release/Obj/twi_scanner_pca10056/nrf_cli.o
 .text.nrf_log_backend_cli_put
                0x0000000000001a62       0x40 Output/Release/Obj/twi_scanner_pca10056/nrf_cli.o
 .text.queue_utilization_get
                0x0000000000001aa2       0x18 Output/Release/Obj/twi_scanner_pca10056/nrf_queue.o
 .text.nrf_queue_is_full
                0x0000000000001aba       0x18 Output/Release/Obj/twi_scanner_pca10056/nrf_queue.o
                0x0000000000001aba                nrf_queue_is_full
 .text.nrf_queue_push
                0x0000000000001ad2       0x9e Output/Release/Obj/twi_scanner_pca10056/nrf_queue.o
                0x0000000000001ad2                nrf_queue_push
 .text.nrf_queue_is_empty
                0x0000000000001b70        0xe Output/Release/Obj/twi_scanner_pca10056/nrf_queue.o
                0x0000000000001b70                nrf_queue_is_empty
 .text.nrf_queue_generic_pop
                0x0000000000001b7e       0x7e Output/Release/Obj/twi_scanner_pca10056/nrf_queue.o
                0x0000000000001b7e                nrf_queue_generic_pop
 .text.uarte_evt_handler
                0x0000000000001bfc       0x34 Output/Release/Obj/twi_scanner_pca10056/nrf_drv_uart.o
 .text.uart_evt_handler
                0x0000000000001c30       0x34 Output/Release/Obj/twi_scanner_pca10056/nrf_drv_uart.o
 .text.nrf_drv_uart_init
                0x0000000000001c64       0x7c Output/Release/Obj/twi_scanner_pca10056/nrf_drv_uart.o
                0x0000000000001c64                nrf_drv_uart_init
 .text.UARTE0_UART0_IRQHandler
                0x0000000000001ce0        0xc Output/Release/Obj/twi_scanner_pca10056/nrfx_prs.o
                0x0000000000001ce0                UARTE0_UART0_IRQHandler
 .text.nrfx_prs_acquire
                0x0000000000001cec       0x38 Output/Release/Obj/twi_scanner_pca10056/nrfx_prs.o
                0x0000000000001cec                nrfx_prs_acquire
 .text.nrfx_prs_release
                0x0000000000001d24       0x18 Output/Release/Obj/twi_scanner_pca10056/nrfx_prs.o
                0x0000000000001d24                nrfx_prs_release
 .text.nrf_twim_event_clear
                0x0000000000001d3c       0x10 Output/Release/Obj/twi_scanner_pca10056/nrfx_twim.o
 .text.xfer_completeness_check
                0x0000000000001d4c       0x60 Output/Release/Obj/twi_scanner_pca10056/nrfx_twim.o
 .text.twim_irq_handler
                0x0000000000001dac      0x178 Output/Release/Obj/twi_scanner_pca10056/nrfx_twim.o
 .text.SPIM0_SPIS0_TWIM0_TWIS0_SPI0_TWI0_IRQHandler
                0x0000000000001f24       0x10 Output/Release/Obj/twi_scanner_pca10056/nrfx_twim.o
                0x0000000000001f24                SPIM0_SPIS0_TWIM0_TWIS0_SPI0_TWI0_IRQHandler
 .text.SPIM1_SPIS1_TWIM1_TWIS1_SPI1_TWI1_IRQHandler
                0x0000000000001f34       0x10 Output/Release/Obj/twi_scanner_pca10056/nrfx_twim.o
                0x0000000000001f34                SPIM1_SPIS1_TWIM1_TWIS1_SPI1_TWI1_IRQHandler
 .text.nrf_uart_event_clear
                0x0000000000001f44       0x10 Output/Release/Obj/twi_scanner_pca10056/nrfx_uart.o
 .text.tx_byte  0x0000000000001f54       0x1e Output/Release/Obj/twi_scanner_pca10056/nrfx_uart.o
 .text.rx_byte  0x0000000000001f72       0x2c Output/Release/Obj/twi_scanner_pca10056/nrfx_uart.o
 *fill*         0x0000000000001f9e        0x2 
 .text.rx_done_event.constprop.0
                0x0000000000001fa0       0x20 Output/Release/Obj/twi_scanner_pca10056/nrfx_uart.o
 .text.nrfx_uart_0_irq_handler
                0x0000000000001fc0      0x140 Output/Release/Obj/twi_scanner_pca10056/nrfx_uart.o
                0x0000000000001fc0                nrfx_uart_0_irq_handler
 .text.nrf_gpio_cfg_default
                0x0000000000002100       0x20 Output/Release/Obj/twi_scanner_pca10056/nrfx_uart.o
 .text.nrfx_uart_init
                0x0000000000002120      0x1a0 Output/Release/Obj/twi_scanner_pca10056/nrfx_uart.o
                0x0000000000002120                nrfx_uart_init
 .text.nrfx_uart_uninit
                0x00000000000022c0       0xb8 Output/Release/Obj/twi_scanner_pca10056/nrfx_uart.o
                0x00000000000022c0                nrfx_uart_uninit
 .text.nrfx_uart_tx_in_progress
                0x0000000000002378       0x18 Output/Release/Obj/twi_scanner_pca10056/nrfx_uart.o
                0x0000000000002378                nrfx_uart_tx_in_progress
 .text.nrfx_uart_tx
                0x0000000000002390       0xa0 Output/Release/Obj/twi_scanner_pca10056/nrfx_uart.o
                0x0000000000002390                nrfx_uart_tx
 .text.nrf_uarte_event_clear
                0x0000000000002430       0x10 Output/Release/Obj/twi_scanner_pca10056/nrfx_uarte.o
 .text.rx_done_event.constprop.0
                0x0000000000002440       0x20 Output/Release/Obj/twi_scanner_pca10056/nrfx_uarte.o
 .text.nrfx_uarte_0_irq_handler
                0x0000000000002460      0x118 Output/Release/Obj/twi_scanner_pca10056/nrfx_uarte.o
                0x0000000000002460                nrfx_uarte_0_irq_handler
 .text.nrf_gpio_cfg_default
                0x0000000000002578       0x20 Output/Release/Obj/twi_scanner_pca10056/nrfx_uarte.o
 .text.nrfx_uarte_init
                0x0000000000002598      0x1b8 Output/Release/Obj/twi_scanner_pca10056/nrfx_uarte.o
                0x0000000000002598                nrfx_uarte_init
 .text.nrfx_uarte_uninit
                0x0000000000002750      0x108 Output/Release/Obj/twi_scanner_pca10056/nrfx_uarte.o
                0x0000000000002750                nrfx_uarte_uninit
 .text.nrfx_uarte_tx_in_progress
                0x0000000000002858       0x18 Output/Release/Obj/twi_scanner_pca10056/nrfx_uarte.o
                0x0000000000002858                nrfx_uarte_tx_in_progress
 .text.nrfx_uarte_tx
                0x0000000000002870       0x9c Output/Release/Obj/twi_scanner_pca10056/nrfx_uarte.o
                0x0000000000002870                nrfx_uarte_tx
 .text.nrf_pdm_event_clear
                0x000000000000290c       0x18 Output/Release/Obj/twi_scanner_pca10056/nrfx_pdm.o
 .text.PDM_IRQHandler
                0x0000000000002924       0xfc Output/Release/Obj/twi_scanner_pca10056/nrfx_pdm.o
                0x0000000000002924                PDM_IRQHandler
 .text.nrfx_pdm_init
                0x0000000000002a20       0xe0 Output/Release/Obj/twi_scanner_pca10056/nrfx_pdm.o
                0x0000000000002a20                nrfx_pdm_init
 .text.nrfx_pdm_start
                0x0000000000002b00       0x34 Output/Release/Obj/twi_scanner_pca10056/nrfx_pdm.o
                0x0000000000002b00                nrfx_pdm_start
 .text.nrfx_pdm_buffer_set
                0x0000000000002b34       0x98 Output/Release/Obj/twi_scanner_pca10056/nrfx_pdm.o
                0x0000000000002b34                nrfx_pdm_buffer_set
 .text.wait_for_flash_ready
                0x0000000000002bcc       0x10 Output/Release/Obj/twi_scanner_pca10056/nrf_nvmc.o
 .text.nrf_nvmc_page_erase
                0x0000000000002bdc       0x30 Output/Release/Obj/twi_scanner_pca10056/nrf_nvmc.o
                0x0000000000002bdc                nrf_nvmc_page_erase
 .text.nrf_nvmc_write_words
                0x0000000000002c0c       0x40 Output/Release/Obj/twi_scanner_pca10056/nrf_nvmc.o
                0x0000000000002c0c                nrf_nvmc_write_words
 .text.fstorage_evt_handler
                0x0000000000002c4c       0x70 Output/Release/Obj/twi_scanner_pca10056/main.o
 .text.drv_pdm_hand
                0x0000000000002cbc       0x90 Output/Release/Obj/twi_scanner_pca10056/main.o
 .text.startup.main
                0x0000000000002d4c       0x84 Output/Release/Obj/twi_scanner_pca10056/main.o
                0x0000000000002d4c                main
 .text._GetAvailWriteSpace
                0x0000000000002dd0       0x12 Output/Release/Obj/twi_scanner_pca10056/SEGGER_RTT.o
 .text._WriteNoCheck
                0x0000000000002de2       0x38 Output/Release/Obj/twi_scanner_pca10056/SEGGER_RTT.o
 .text._WriteBlocking
                0x0000000000002e1a       0x52 Output/Release/Obj/twi_scanner_pca10056/SEGGER_RTT.o
 .text._DoInit  0x0000000000002e6c       0x60 Output/Release/Obj/twi_scanner_pca10056/SEGGER_RTT.o
 .text.SEGGER_RTT_WriteNoLock
                0x0000000000002ecc       0x60 Output/Release/Obj/twi_scanner_pca10056/SEGGER_RTT.o
                0x0000000000002ecc                SEGGER_RTT_WriteNoLock
 .text.SEGGER_RTT_Init
                0x0000000000002f2c        0x4 Output/Release/Obj/twi_scanner_pca10056/SEGGER_RTT.o
                0x0000000000002f2c                SEGGER_RTT_Init
 .text.nrf52_errata_36
                0x0000000000002f30       0x12 Output/Release/Obj/twi_scanner_pca10056/system_nrf52840.o
 *fill*         0x0000000000002f42        0x2 
 .text.nrf52_errata_98
                0x0000000000002f44       0x24 Output/Release/Obj/twi_scanner_pca10056/system_nrf52840.o
 .text.nvmc_wait
                0x0000000000002f68       0x10 Output/Release/Obj/twi_scanner_pca10056/system_nrf52840.o
                0x0000000000002f68                nvmc_wait
 .text.SystemInit
                0x0000000000002f78      0x1e8 Output/Release/Obj/twi_scanner_pca10056/system_nrf52840.o
                0x0000000000002f78                SystemInit
 .text.libc.__RAL_ascii_isctype
                0x0000000000003160       0x1c C:/Program Files/SEGGER/SEGGER Embedded Studio for ARM 5.70a/lib/libc_v7em_fpv4_sp_d16_hard_t_le_eabi.a(libc2.o)
 .text.libc.__RAL_ascii_toupper
                0x000000000000317c        0xc C:/Program Files/SEGGER/SEGGER Embedded Studio for ARM 5.70a/lib/libc_v7em_fpv4_sp_d16_hard_t_le_eabi.a(libc2.o)
 .text.libc.__RAL_ascii_tolower
                0x0000000000003188        0xc C:/Program Files/SEGGER/SEGGER Embedded Studio for ARM 5.70a/lib/libc_v7em_fpv4_sp_d16_hard_t_le_eabi.a(libc2.o)
 .text.libc.__RAL_ascii_wctomb
                0x0000000000003194       0x10 C:/Program Files/SEGGER/SEGGER Embedded Studio for ARM 5.70a/lib/libc_v7em_fpv4_sp_d16_hard_t_le_eabi.a(libc2.o)
                0x0000000000003194                __RAL_ascii_wctomb
 .text.libc.__RAL_ascii_mbtowc
                0x00000000000031a4       0x24 C:/Program Files/SEGGER/SEGGER Embedded Studio for ARM 5.70a/lib/libc_v7em_fpv4_sp_d16_hard_t_le_eabi.a(libc2.o)
                0x00000000000031a4                __RAL_ascii_mbtowc
 .text.libc.__RAL_ascii_towupper
                0x00000000000031c8        0xc C:/Program Files/SEGGER/SEGGER Embedded Studio for ARM 5.70a/lib/libc_v7em_fpv4_sp_d16_hard_t_le_eabi.a(libc2.o)
 .text.libc.__RAL_ascii_towlower
                0x00000000000031d4        0xc C:/Program Files/SEGGER/SEGGER Embedded Studio for ARM 5.70a/lib/libc_v7em_fpv4_sp_d16_hard_t_le_eabi.a(libc2.o)
 .text.libc.__RAL_ascii_iswctype
                0x00000000000031e0       0x1c C:/Program Files/SEGGER/SEGGER Embedded Studio for ARM 5.70a/lib/libc_v7em_fpv4_sp_d16_hard_t_le_eabi.a(libc2.o)
 .text.libc.isprint
                0x00000000000031fc       0x10 C:/Program Files/SEGGER/SEGGER Embedded Studio for ARM 5.70a/lib/libc_v7em_fpv4_sp_d16_hard_t_le_eabi.a(libc2.o)
                0x00000000000031fc                isprint
 .text.libc.memcpy
                0x000000000000320c       0x52 C:/Program Files/SEGGER/SEGGER Embedded Studio for ARM 5.70a/lib/libc_v7em_fpv4_sp_d16_hard_t_le_eabi.a(libc2_asm.o)
                0x000000000000320c                __aeabi_memcpy
                0x000000000000320c                memcpy
                0x0000000000003218                __aeabi_memcpy8
                0x0000000000003218                __aeabi_memcpy4
 .text.libc.strcpy
                0x000000000000325e       0x44 C:/Program Files/SEGGER/SEGGER Embedded Studio for ARM 5.70a/lib/libc_v7em_fpv4_sp_d16_hard_t_le_eabi.a(libc2_asm.o)
                0x000000000000325e                strcpy
 .text.libc.strlen
                0x00000000000032a2       0x60 C:/Program Files/SEGGER/SEGGER Embedded Studio for ARM 5.70a/lib/libc_v7em_fpv4_sp_d16_hard_t_le_eabi.a(libc2_asm.o)
                0x00000000000032a2                strlen
                0x0000000000003304                . = ALIGN (MAX ((__text_start__ + 0x4), .), 0x4)
 *fill*         0x0000000000003302        0x2 
                0x0000000000003304                __text_end__ = (__text_start__ + SIZEOF (.text))
                0x0000000000002f08                __text_size__ = SIZEOF (.text)
                0x0000000000003304                __text_load_end__ = __text_end__

.vfp11_veneer   0x0000000100000000        0x0
 .vfp11_veneer  0x0000000100000000        0x0 linker stubs

.v4_bx          0x0000000100000000        0x0
 .v4_bx         0x0000000100000000        0x0 linker stubs

.iplt           0x0000000100000000        0x0
 .iplt          0x0000000100000000        0x0 Output/Release/Obj/twi_scanner_pca10056/thumb_crt0.o
                0x0000000000000001                . = ASSERT (((__text_start__ == __text_end__) || ((__text_end__ - __FLASH1_segment_start__) <= __FLASH1_segment_size__)), error: .text is too large to fit in FLASH1 memory segment)
                0x0000000000003304                __log_const_data_load_start__ = ALIGN (__text_end__, 0x4)

.log_const_data
                0x0000000000003304       0x38
                0x0000000000003304                __log_const_data_start__ = .
                0x0000000000003304                __start_log_const_data = __log_const_data_start__
 *(SORT_BY_NAME(.log_const_data*))
 .log_const_data_PDM
                0x0000000000003304        0x8 Output/Release/Obj/twi_scanner_pca10056/nrfx_pdm.o
                0x0000000000003304                m_nrf_log_PDM_logs_data_const
 .log_const_data_PRS
                0x000000000000330c        0x8 Output/Release/Obj/twi_scanner_pca10056/nrfx_prs.o
                0x000000000000330c                m_nrf_log_PRS_logs_data_const
 .log_const_data_TWIM
                0x0000000000003314        0x8 Output/Release/Obj/twi_scanner_pca10056/nrfx_twim.o
                0x0000000000003314                m_nrf_log_TWIM_logs_data_const
 .log_const_data_UART
                0x000000000000331c        0x8 Output/Release/Obj/twi_scanner_pca10056/nrfx_uart.o
                0x000000000000331c                m_nrf_log_UART_logs_data_const
 .log_const_data_UARTE
                0x0000000000003324        0x8 Output/Release/Obj/twi_scanner_pca10056/nrfx_uarte.o
                0x0000000000003324                m_nrf_log_UARTE_logs_data_const
 .log_const_data_app
                0x000000000000332c        0x8 Output/Release/Obj/twi_scanner_pca10056/nrf_log_frontend.o
                0x000000000000332c                m_nrf_log_app_logs_data_const
 .log_const_data_nrf_fstorage
                0x0000000000003334        0x8 Output/Release/Obj/twi_scanner_pca10056/nrf_fstorage.o
                0x0000000000003334                m_nrf_log_nrf_fstorage_logs_data_const
                0x000000000000333c                __log_const_data_end__ = (__log_const_data_start__ + SIZEOF (.log_const_data))
                0x0000000000000038                __log_const_data_size__ = SIZEOF (.log_const_data)
                0x000000000000333c                __stop_log_const_data = __log_const_data_end__
                0x000000000000333c                __log_const_data_load_end__ = __log_const_data_end__
                0x0000000000000001                . = ASSERT (((__log_const_data_start__ == __log_const_data_end__) || ((__log_const_data_end__ - __FLASH1_segment_start__) <= __FLASH1_segment_size__)), error: .log_const_data is too large to fit in FLASH1 memory segment)
                0x000000000000333c                __log_backends_load_start__ = ALIGN (__log_const_data_end__, 0x4)

.log_backends   0x000000000000333c       0x30
                0x000000000000333c                __log_backends_start__ = .
                0x000000000000333c                __start_log_backends = __log_backends_start__
 *(SORT_BY_NAME(.log_backends*))
 .log_backends  0x000000000000333c       0x20 Output/Release/Obj/twi_scanner_pca10056/nrf_log_default_backends.o
 .log_backends  0x000000000000335c       0x10 Output/Release/Obj/twi_scanner_pca10056/cli.o
                0x000000000000336c                __log_backends_end__ = (__log_backends_start__ + SIZEOF (.log_backends))
                0x0000000000000030                __log_backends_size__ = SIZEOF (.log_backends)
                0x000000000000336c                __stop_log_backends = __log_backends_end__
                0x000000000000336c                __log_backends_load_end__ = __log_backends_end__
                0x0000000000000001                . = ASSERT (((__log_backends_start__ == __log_backends_end__) || ((__log_backends_end__ - __FLASH1_segment_start__) <= __FLASH1_segment_size__)), error: .log_backends is too large to fit in FLASH1 memory segment)
                0x000000000000336c                __nrf_balloc_load_start__ = ALIGN (__log_backends_end__, 0x4)

.nrf_balloc     0x000000000000336c       0x28
                0x000000000000336c                __nrf_balloc_start__ = .
                0x000000000000336c                __start_nrf_balloc = __nrf_balloc_start__
 *(.nrf_balloc*)
 .nrf_balloc    0x000000000000336c       0x14 Output/Release/Obj/twi_scanner_pca10056/nrf_log_frontend.o
                0x000000000000336c                log_mempool
 .nrf_balloc    0x0000000000003380       0x14 Output/Release/Obj/twi_scanner_pca10056/cli.o
                0x0000000000003380                m_cli_uart_cmd_hist_memobj
                0x0000000000003394                __nrf_balloc_end__ = (__nrf_balloc_start__ + SIZEOF (.nrf_balloc))
                0x0000000000000028                __nrf_balloc_size__ = SIZEOF (.nrf_balloc)
                0x0000000000003394                __stop_nrf_balloc = __nrf_balloc_end__
                0x0000000000003394                __nrf_balloc_load_end__ = __nrf_balloc_end__
                0x0000000000000001                . = ASSERT (((__nrf_balloc_start__ == __nrf_balloc_end__) || ((__nrf_balloc_end__ - __FLASH1_segment_start__) <= __FLASH1_segment_size__)), error: .nrf_balloc is too large to fit in FLASH1 memory segment)
                0x0000000000003394                __nrf_sections_load_start__ = ALIGN (__nrf_balloc_end__, 0x4)

.nrf_sections   0x0000000000003394        0x0
                0x0000000000003394                __nrf_sections_start__ = .
                0x0000000000003394                __start_nrf_sections = __nrf_sections_start__
 *(.nrf_sections .nrf_sections.*)
                0x0000000000003394                __nrf_sections_end__ = (__nrf_sections_start__ + SIZEOF (.nrf_sections))
                0x0000000000000000                __nrf_sections_size__ = SIZEOF (.nrf_sections)
                0x0000000000003394                __nrf_sections_load_end__ = __nrf_sections_end__
                0x0000000000000001                . = ASSERT (((__nrf_sections_start__ == __nrf_sections_end__) || ((__nrf_sections_end__ - __FLASH1_segment_start__) <= __FLASH1_segment_size__)), error: .nrf_sections is too large to fit in FLASH1 memory segment)
                0x0000000000003394                __log_dynamic_data_load_start__ = ALIGN (__nrf_sections_end__, 0x4)

.log_dynamic_data
                0x0000000020000000        0x0 load address 0x0000000000003394
                0x0000000020000000                __log_dynamic_data_start__ = .
 *(SORT_BY_NAME(.log_dynamic_data*))
                0x0000000020000000                __log_dynamic_data_end__ = (__log_dynamic_data_start__ + SIZEOF (.log_dynamic_data))
                0x0000000000000000                __log_dynamic_data_size__ = SIZEOF (.log_dynamic_data)
                0x0000000000003394                __log_dynamic_data_load_end__ = (__log_dynamic_data_load_start__ + SIZEOF (.log_dynamic_data))
                0x0000000000000001                . = ASSERT (((__log_dynamic_data_load_start__ == __log_dynamic_data_load_end__) || ((__log_dynamic_data_load_end__ - __FLASH1_segment_start__) <= __FLASH1_segment_size__)), error: .log_dynamic_data is too large to fit in FLASH1 memory segment)

.log_dynamic_data_run
                0x0000000020000000        0x0
                0x0000000020000000                __log_dynamic_data_run_start__ = .
                0x0000000020000000                __start_log_dynamic_data = __log_dynamic_data_run_start__
                0x0000000020000000                __log_dynamic_data_run_end__ = (__log_dynamic_data_run_start__ + SIZEOF (.log_dynamic_data))
                0x0000000000000000                __log_dynamic_data_run_size__ = (__log_dynamic_data_run_end__ - __log_dynamic_data_run_start__)
                0x0000000020000000                __stop_log_dynamic_data = __log_dynamic_data_run_end__
                0x0000000020000000                __log_dynamic_data_run_load_end__ = __log_dynamic_data_run_end__
                0x0000000000000001                . = ASSERT (((__log_dynamic_data_run_start__ == __log_dynamic_data_run_end__) || ((__log_dynamic_data_run_end__ - __RAM1_segment_start__) <= __RAM1_segment_size__)), error: .log_dynamic_data_run is too large to fit in RAM1 memory segment)
                0x0000000000003394                __log_filter_data_load_start__ = ALIGN ((__log_dynamic_data_load_start__ + SIZEOF (.log_dynamic_data)), 0x4)

.log_filter_data
                0x0000000020000000        0x0 load address 0x0000000000003394
                0x0000000020000000                __log_filter_data_start__ = .
 *(SORT_BY_NAME(.log_filter_data*))
                0x0000000020000000                __log_filter_data_end__ = (__log_filter_data_start__ + SIZEOF (.log_filter_data))
                0x0000000000000000                __log_filter_data_size__ = SIZEOF (.log_filter_data)
                0x0000000000003394                __log_filter_data_load_end__ = (__log_filter_data_load_start__ + SIZEOF (.log_filter_data))
                0x0000000000000001                . = ASSERT (((__log_filter_data_load_start__ == __log_filter_data_load_end__) || ((__log_filter_data_load_end__ - __FLASH1_segment_start__) <= __FLASH1_segment_size__)), error: .log_filter_data is too large to fit in FLASH1 memory segment)

.log_filter_data_run
                0x0000000020000000        0x0
                0x0000000020000000                __log_filter_data_run_start__ = .
                0x0000000020000000                __start_log_filter_data = __log_filter_data_run_start__
                0x0000000020000000                __log_filter_data_run_end__ = (__log_filter_data_run_start__ + SIZEOF (.log_filter_data))
                0x0000000000000000                __log_filter_data_run_size__ = (__log_filter_data_run_end__ - __log_filter_data_run_start__)
                0x0000000020000000                __stop_log_filter_data = __log_filter_data_run_end__
                0x0000000020000000                __log_filter_data_run_load_end__ = __log_filter_data_run_end__
                0x0000000000000001                . = ASSERT (((__log_filter_data_run_start__ == __log_filter_data_run_end__) || ((__log_filter_data_run_end__ - __RAM1_segment_start__) <= __RAM1_segment_size__)), error: .log_filter_data_run is too large to fit in RAM1 memory segment)
                0x0000000020000000                __nrf_sections_run_end_load_start__ = ALIGN (__log_filter_data_run_end__, 0x4)

.nrf_sections_run_end
                0x0000000020000000        0x0
                0x0000000020000000                __nrf_sections_run_end_start__ = .
                0x0000000020000000                __end_nrf_sections_run = __nrf_sections_run_end_start__
 *(.nrf_sections_run_end .nrf_sections_run_end.*)
                0x0000000020000000                __nrf_sections_run_end_end__ = (__nrf_sections_run_end_start__ + SIZEOF (.nrf_sections_run_end))
                0x0000000000000000                __nrf_sections_run_end_size__ = SIZEOF (.nrf_sections_run_end)
                0x0000000020000000                __nrf_sections_run_end_load_end__ = __nrf_sections_run_end_end__
                0x0000000000000001                . = ASSERT (((__nrf_sections_run_end_start__ == __nrf_sections_run_end_end__) || ((__nrf_sections_run_end_end__ - __RAM1_segment_start__) <= __RAM1_segment_size__)), error: .nrf_sections_run_end is too large to fit in RAM1 memory segment)
                0x0000000000003394                __dtors_load_start__ = ALIGN ((__log_filter_data_load_start__ + SIZEOF (.log_filter_data)), 0x4)

.dtors          0x0000000000003394        0x0
                0x0000000000003394                __dtors_start__ = .
 *(SORT_BY_NAME(.dtors.*))
 *(.dtors)
 *(.fini_array)
 *(SORT_BY_NAME(.fini_array.*))
                0x0000000000003394                __dtors_end__ = (__dtors_start__ + SIZEOF (.dtors))
                0x0000000000000000                __dtors_size__ = SIZEOF (.dtors)
                0x0000000000003394                __dtors_load_end__ = __dtors_end__
                0x0000000000000001                . = ASSERT (((__dtors_start__ == __dtors_end__) || ((__dtors_end__ - __FLASH1_segment_start__) <= __FLASH1_segment_size__)), error: .dtors is too large to fit in FLASH1 memory segment)
                0x0000000000003394                __ctors_load_start__ = ALIGN (__dtors_end__, 0x4)

.ctors          0x0000000000003394        0x0
                0x0000000000003394                __ctors_start__ = .
 *(SORT_BY_NAME(.ctors.*))
 *(.ctors)
 *(.init_array)
 *(SORT_BY_NAME(.init_array.*))
                0x0000000000003394                __ctors_end__ = (__ctors_start__ + SIZEOF (.ctors))
                0x0000000000000000                __ctors_size__ = SIZEOF (.ctors)
                0x0000000000003394                __ctors_load_end__ = __ctors_end__
                0x0000000000000001                . = ASSERT (((__ctors_start__ == __ctors_end__) || ((__ctors_end__ - __FLASH1_segment_start__) <= __FLASH1_segment_size__)), error: .ctors is too large to fit in FLASH1 memory segment)
                0x0000000000003394                __rodata_load_start__ = ALIGN (__ctors_end__, 0x4)

.rodata         0x0000000000003394      0xa4c
                0x0000000000003394                __rodata_start__ = .
 *(.rodata .rodata.* .gnu.linkonce.r.*)
 *fill*         0x0000000000003394        0xc 
 .rodata.delay_machine_code.0
                0x00000000000033a0        0x6 Output/Release/Obj/twi_scanner_pca10056/nrf_log_backend_rtt.o
 *fill*         0x00000000000033a6        0x2 
 .rodata.nrf_log_backend_rtt_api
                0x00000000000033a8        0xc Output/Release/Obj/twi_scanner_pca10056/nrf_log_backend_rtt.o
                0x00000000000033a8                nrf_log_backend_rtt_api
 .rodata        0x00000000000033b4       0x20 Output/Release/Obj/twi_scanner_pca10056/nrf_log_backend_uart.o
 .rodata.nrf_log_backend_uart_api
                0x00000000000033d4        0xc Output/Release/Obj/twi_scanner_pca10056/nrf_log_backend_uart.o
                0x00000000000033d4                nrf_log_backend_uart_api
 .rodata.str1.1
                0x00000000000033e0       0x10 Output/Release/Obj/twi_scanner_pca10056/nrf_log_default_backends.o
                                         0x21 (size before relaxing)
 .rodata.nrf_log_frontend_dequeue.str1.1
                0x00000000000033f0       0x11 Output/Release/Obj/twi_scanner_pca10056/nrf_log_frontend.o
 .rodata.str1.1
                0x0000000000003401        0x4 Output/Release/Obj/twi_scanner_pca10056/nrf_log_frontend.o
 *fill*         0x0000000000003405        0x3 
 .rodata.m_log_push_ringbuf
                0x0000000000003408        0xc Output/Release/Obj/twi_scanner_pca10056/nrf_log_frontend.o
 .rodata.prefix_process.str1.1
                0x0000000000003414       0x32 Output/Release/Obj/twi_scanner_pca10056/nrf_log_str_formatter.o
 .rodata.postfix_process.str1.1
                0x0000000000003446       0x32 Output/Release/Obj/twi_scanner_pca10056/nrf_log_str_formatter.o
                                          0x3 (size before relaxing)
 .rodata.nrf_log_hexdump_entry_process.str1.1
                0x0000000000003446        0xf Output/Release/Obj/twi_scanner_pca10056/nrf_log_str_formatter.o
                                         0x11 (size before relaxing)
 .rodata.str1.1
                0x0000000000003455       0x4b Output/Release/Obj/twi_scanner_pca10056/nrf_log_str_formatter.o
                                         0x51 (size before relaxing)
 .rodata.m_colors
                0x00000000000034a0       0x24 Output/Release/Obj/twi_scanner_pca10056/nrf_log_str_formatter.o
 .rodata.severity_names
                0x00000000000034c4       0x14 Output/Release/Obj/twi_scanner_pca10056/nrf_log_str_formatter.o
 .rodata.app_error_fault_handler.str1.1
                0x00000000000034d8       0x19 Output/Release/Obj/twi_scanner_pca10056/app_error_weak.o
 .rodata._aV2C.0
                0x00000000000034f1       0x10 Output/Release/Obj/twi_scanner_pca10056/nrf_fprintf_format.o
 .rodata.nrf_fstorage_init.str1.1
                0x0000000000003501       0x2e Output/Release/Obj/twi_scanner_pca10056/nrf_fstorage.o
                                         0x34 (size before relaxing)
 .rodata.nrf_fstorage_uninit.str1.1
                0x000000000000352f        0xc Output/Release/Obj/twi_scanner_pca10056/nrf_fstorage.o
 .rodata.nrf_fstorage_read.str1.1
                0x000000000000353b       0x44 Output/Release/Obj/twi_scanner_pca10056/nrf_fstorage.o
                                         0x48 (size before relaxing)
 .rodata.nrf_fstorage_write.str1.1
                0x000000000000357f       0x92 Output/Release/Obj/twi_scanner_pca10056/nrf_fstorage.o
 .rodata.str1.1
                0x0000000000003611        0xd Output/Release/Obj/twi_scanner_pca10056/nrf_fstorage.o
 .rodata.__func__.1
                0x000000000000361e       0x13 Output/Release/Obj/twi_scanner_pca10056/nrf_fstorage.o
 .rodata.__func__.4
                0x0000000000003631       0x12 Output/Release/Obj/twi_scanner_pca10056/nrf_fstorage.o
 *fill*         0x0000000000003643        0x1 
 .rodata.m_flash_info
                0x0000000000003644        0xc Output/Release/Obj/twi_scanner_pca10056/nrf_fstorage_nvmc.o
 .rodata.nrf_fstorage_nvmc
                0x0000000000003650       0x20 Output/Release/Obj/twi_scanner_pca10056/nrf_fstorage_nvmc.o
                0x0000000000003650                nrf_fstorage_nvmc
 .rodata.vt100_color_set.part.0.str1.1
                0x0000000000003670        0x3 Output/Release/Obj/twi_scanner_pca10056/nrf_cli.o
 .rodata.cursor_up_move.str1.1
                0x0000000000003670        0x6 Output/Release/Obj/twi_scanner_pca10056/nrf_cli.o
 .rodata.cursor_left_move.str1.1
                0x0000000000003676        0x6 Output/Release/Obj/twi_scanner_pca10056/nrf_cli.o
 .rodata.cli_log_entry_process.str1.1
                0x000000000000367c       0x2e Output/Release/Obj/twi_scanner_pca10056/nrf_cli.o
 .rodata.cmd.10
                0x00000000000036aa        0x4 Output/Release/Obj/twi_scanner_pca10056/nrf_cli.o
 .rodata.cmd.14
                0x00000000000036ae        0x4 Output/Release/Obj/twi_scanner_pca10056/nrf_cli.o
 *fill*         0x00000000000036b2        0x2 
 .rodata.nrf_log_backend_cli_api
                0x00000000000036b4        0xc Output/Release/Obj/twi_scanner_pca10056/nrf_cli.o
                0x00000000000036b4                nrf_log_backend_cli_api
 .rodata.str1.1
                0x00000000000036c0        0x4 Output/Release/Obj/twi_scanner_pca10056/nrfx_prs.o
 .rodata.str1.1
                0x00000000000036c4        0x5 Output/Release/Obj/twi_scanner_pca10056/nrfx_twim.o
 .rodata.str1.1
                0x00000000000036c9        0x5 Output/Release/Obj/twi_scanner_pca10056/nrfx_uart.o
 .rodata.str1.1
                0x00000000000036ce        0x6 Output/Release/Obj/twi_scanner_pca10056/nrfx_uarte.o
 .rodata.str1.1
                0x00000000000036d4        0x4 Output/Release/Obj/twi_scanner_pca10056/nrfx_pdm.o
 .rodata.fstorage_evt_handler.str1.1
                0x00000000000036d8       0xab Output/Release/Obj/twi_scanner_pca10056/main.o
 .rodata.main.str1.1
                0x0000000000003783        0xc Output/Release/Obj/twi_scanner_pca10056/main.o
 *fill*         0x000000000000378f        0x1 
 .rodata        0x0000000000003790        0xc Output/Release/Obj/twi_scanner_pca10056/main.o
 .rodata.str1.1
                0x000000000000379c      0x3e2 Output/Release/Obj/twi_scanner_pca10056/cli.o
                                        0x3f2 (size before relaxing)
 .rodata._DoInit.str1.1
                0x0000000000003b7e       0x14 Output/Release/Obj/twi_scanner_pca10056/SEGGER_RTT.o
 .rodata.CSWTCH.15
                0x0000000000003b92        0x6 Output/Release/Obj/twi_scanner_pca10056/system_nrf52840.o
 .rodata.CSWTCH.6
                0x0000000000003b98        0x6 Output/Release/Obj/twi_scanner_pca10056/system_nrf52840.o
 *fill*         0x0000000000003b9e        0x2 
 .rodata.libc.__RAL_find_locale.str1.4
                0x0000000000003ba0        0xa C:/Program Files/SEGGER/SEGGER Embedded Studio for ARM 5.70a/lib/libc_v7em_fpv4_sp_d16_hard_t_le_eabi.a(libc2.o)
 *fill*         0x0000000000003baa        0x2 
 .rodata.libc.__RAL_ascii_ctype_map
                0x0000000000003bac       0x80 C:/Program Files/SEGGER/SEGGER Embedded Studio for ARM 5.70a/lib/libc_v7em_fpv4_sp_d16_hard_t_le_eabi.a(libc2.o)
                0x0000000000003bac                __RAL_ascii_ctype_map
 .rodata.libc.__RAL_ascii_ctype_mask
                0x0000000000003c2c        0xd C:/Program Files/SEGGER/SEGGER Embedded Studio for ARM 5.70a/lib/libc_v7em_fpv4_sp_d16_hard_t_le_eabi.a(libc2.o)
 *fill*         0x0000000000003c39        0x3 
 .rodata.libc.__RAL_c_locale
                0x0000000000003c3c        0xc C:/Program Files/SEGGER/SEGGER Embedded Studio for ARM 5.70a/lib/libc_v7em_fpv4_sp_d16_hard_t_le_eabi.a(libc2.o)
                0x0000000000003c3c                __RAL_c_locale
 .rodata.libc.__RAL_c_locale_abbrev_day_names
                0x0000000000003c48       0x1d C:/Program Files/SEGGER/SEGGER Embedded Studio for ARM 5.70a/lib/libc_v7em_fpv4_sp_d16_hard_t_le_eabi.a(libc2.o)
                0x0000000000003c48                __RAL_c_locale_abbrev_day_names
 *fill*         0x0000000000003c65        0x3 
 .rodata.libc.__RAL_c_locale_abbrev_month_names
                0x0000000000003c68       0x31 C:/Program Files/SEGGER/SEGGER Embedded Studio for ARM 5.70a/lib/libc_v7em_fpv4_sp_d16_hard_t_le_eabi.a(libc2.o)
                0x0000000000003c68                __RAL_c_locale_abbrev_month_names
 *fill*         0x0000000000003c99        0x3 
 .rodata.libc.__RAL_c_locale_am_pm_indicator
                0x0000000000003c9c        0x7 C:/Program Files/SEGGER/SEGGER Embedded Studio for ARM 5.70a/lib/libc_v7em_fpv4_sp_d16_hard_t_le_eabi.a(libc2.o)
                0x0000000000003c9c                __RAL_c_locale_am_pm_indicator
 *fill*         0x0000000000003ca3        0x1 
 .rodata.libc.__RAL_c_locale_data
                0x0000000000003ca4       0x58 C:/Program Files/SEGGER/SEGGER Embedded Studio for ARM 5.70a/lib/libc_v7em_fpv4_sp_d16_hard_t_le_eabi.a(libc2.o)
                0x0000000000003ca4                __RAL_c_locale_data
 .rodata.libc.__RAL_c_locale_date_format
                0x0000000000003cfc        0x9 C:/Program Files/SEGGER/SEGGER Embedded Studio for ARM 5.70a/lib/libc_v7em_fpv4_sp_d16_hard_t_le_eabi.a(libc2.o)
                0x0000000000003cfc                __RAL_c_locale_date_format
 *fill*         0x0000000000003d05        0x3 
 .rodata.libc.__RAL_c_locale_date_time_format
                0x0000000000003d08        0xf C:/Program Files/SEGGER/SEGGER Embedded Studio for ARM 5.70a/lib/libc_v7em_fpv4_sp_d16_hard_t_le_eabi.a(libc2.o)
                0x0000000000003d08                __RAL_c_locale_date_time_format
 *fill*         0x0000000000003d17        0x1 
 .rodata.libc.__RAL_c_locale_day_names
                0x0000000000003d18       0x3a C:/Program Files/SEGGER/SEGGER Embedded Studio for ARM 5.70a/lib/libc_v7em_fpv4_sp_d16_hard_t_le_eabi.a(libc2.o)
                0x0000000000003d18                __RAL_c_locale_day_names
 *fill*         0x0000000000003d52        0x2 
 .rodata.libc.__RAL_c_locale_month_names
                0x0000000000003d54       0x57 C:/Program Files/SEGGER/SEGGER Embedded Studio for ARM 5.70a/lib/libc_v7em_fpv4_sp_d16_hard_t_le_eabi.a(libc2.o)
                0x0000000000003d54                __RAL_c_locale_month_names
 *fill*         0x0000000000003dab        0x1 
 .rodata.libc.__RAL_c_locale_time_format
                0x0000000000003dac        0x9 C:/Program Files/SEGGER/SEGGER Embedded Studio for ARM 5.70a/lib/libc_v7em_fpv4_sp_d16_hard_t_le_eabi.a(libc2.o)
                0x0000000000003dac                __RAL_c_locale_time_format
 *fill*         0x0000000000003db5        0x3 
 .rodata.libc.__RAL_codeset_ascii
                0x0000000000003db8       0x20 C:/Program Files/SEGGER/SEGGER Embedded Studio for ARM 5.70a/lib/libc_v7em_fpv4_sp_d16_hard_t_le_eabi.a(libc2.o)
                0x0000000000003db8                __RAL_codeset_ascii
 .rodata.libc.__RAL_data_empty_string
                0x0000000000003dd8        0x1 C:/Program Files/SEGGER/SEGGER Embedded Studio for ARM 5.70a/lib/libc_v7em_fpv4_sp_d16_hard_t_le_eabi.a(libc2.o)
                0x0000000000003dd8                __RAL_data_empty_string
 *fill*         0x0000000000003dd9        0x3 
 .rodata.libc.__RAL_data_utf8_period
                0x0000000000003ddc        0x2 C:/Program Files/SEGGER/SEGGER Embedded Studio for ARM 5.70a/lib/libc_v7em_fpv4_sp_d16_hard_t_le_eabi.a(libc2.o)
                0x0000000000003ddc                __RAL_data_utf8_period
                0x0000000000003de0                . = ALIGN (MAX ((__rodata_start__ + 0x4), .), 0x4)
 *fill*         0x0000000000003dde        0x2 
                0x0000000000003de0                __rodata_end__ = (__rodata_start__ + SIZEOF (.rodata))
                0x0000000000000a4c                __rodata_size__ = SIZEOF (.rodata)
                0x0000000000003de0                __rodata_load_end__ = __rodata_end__

.rel.dyn        0x0000000000003de0        0x0
 .rel.iplt      0x0000000000003de0        0x0 Output/Release/Obj/twi_scanner_pca10056/thumb_crt0.o
                0x0000000000000001                . = ASSERT (((__rodata_start__ == __rodata_end__) || ((__rodata_end__ - __FLASH1_segment_start__) <= __FLASH1_segment_size__)), error: .rodata is too large to fit in FLASH1 memory segment)
                0x0000000000003de0                __ARM.exidx_load_start__ = ALIGN (__rodata_end__, 0x4)

.ARM.exidx      0x0000000000003de0        0x0
                0x0000000000003de0                __ARM.exidx_start__ = .
                0x0000000000003de0                __exidx_start = __ARM.exidx_start__
 *(.ARM.exidx .ARM.exidx.*)
                0x0000000000003de0                __ARM.exidx_end__ = (__ARM.exidx_start__ + SIZEOF (.ARM.exidx))
                0x0000000000000000                __ARM.exidx_size__ = SIZEOF (.ARM.exidx)
                0x0000000000003de0                __exidx_end = __ARM.exidx_end__
                0x0000000000003de0                __ARM.exidx_load_end__ = __ARM.exidx_end__
                0x0000000000000001                . = ASSERT (((__ARM.exidx_start__ == __ARM.exidx_end__) || ((__ARM.exidx_end__ - __FLASH1_segment_start__) <= __FLASH1_segment_size__)), error: .ARM.exidx is too large to fit in FLASH1 memory segment)
                0x0000000000003de0                __fast_load_start__ = ALIGN (__ARM.exidx_end__, 0x4)

.fast           0x0000000020000000        0x0 load address 0x0000000000003de0
                0x0000000020000000                __fast_start__ = .
 *(.fast .fast.*)
                0x0000000020000000                __fast_end__ = (__fast_start__ + SIZEOF (.fast))
                0x0000000000000000                __fast_size__ = SIZEOF (.fast)
                0x0000000000003de0                __fast_load_end__ = (__fast_load_start__ + SIZEOF (.fast))
                0x0000000000000001                . = ASSERT (((__fast_load_start__ == __fast_load_end__) || ((__fast_load_end__ - __FLASH1_segment_start__) <= __FLASH1_segment_size__)), error: .fast is too large to fit in FLASH1 memory segment)

.fast_run       0x0000000020000000        0x0
                0x0000000020000000                __fast_run_start__ = .
                0x0000000020000000                __fast_run_end__ = (__fast_run_start__ + SIZEOF (.fast))
                0x0000000000000000                __fast_run_size__ = (__fast_run_end__ - __fast_run_start__)
                0x0000000020000000                __fast_run_load_end__ = __fast_run_end__
                0x0000000000000001                . = ASSERT (((__fast_run_start__ == __fast_run_end__) || ((__fast_run_end__ - __RAM1_segment_start__) <= __RAM1_segment_size__)), error: .fast_run is too large to fit in RAM1 memory segment)
                0x0000000000003de0                __data_load_start__ = ALIGN ((__fast_load_start__ + SIZEOF (.fast)), 0x4)

.data           0x0000000020000000       0x58 load address 0x0000000000003de0
                0x0000000020000000                __data_start__ = .
 *(.data .data.* .gnu.linkonce.d.*)
 .data.m_uart   0x0000000020000000       0x14 Output/Release/Obj/twi_scanner_pca10056/nrf_log_backend_uart.o
                0x0000000020000000                m_uart
 .data.log_backend_cb_rtt_log_backend
                0x0000000020000014        0x8 Output/Release/Obj/twi_scanner_pca10056/nrf_log_default_backends.o
 .data.log_backend_cb_uart_log_backend
                0x000000002000001c        0x8 Output/Release/Obj/twi_scanner_pca10056/nrf_log_default_backends.o
 .data.buffsize
                0x0000000020000024        0x2 Output/Release/Obj/twi_scanner_pca10056/main.o
                0x0000000020000024                buffsize
 *fill*         0x0000000020000026        0x2 
 .data.page     0x0000000020000028        0x4 Output/Release/Obj/twi_scanner_pca10056/main.o
                0x0000000020000028                page
 .data.cli_log_backendm_cli_uart_log_backend
                0x000000002000002c        0xc Output/Release/Obj/twi_scanner_pca10056/cli.o
 .data.log_backend_cb_m_cli_uart_log_backend
                0x0000000020000038        0x8 Output/Release/Obj/twi_scanner_pca10056/cli.o
 .data.SystemCoreClock
                0x0000000020000040        0x4 Output/Release/Obj/twi_scanner_pca10056/system_nrf52840.o
                0x0000000020000040                SystemCoreClock
 .data.libc.__RAL_global_locale
                0x0000000020000044       0x14 C:/Program Files/SEGGER/SEGGER Embedded Studio for ARM 5.70a/lib/libc_v7em_fpv4_sp_d16_hard_t_le_eabi.a(libc2.o)
                0x0000000020000044                __RAL_global_locale
                0x0000000020000058                __data_end__ = (__data_start__ + SIZEOF (.data))
                0x0000000000000058                __data_size__ = SIZEOF (.data)
                0x0000000000003e38                __data_load_end__ = (__data_load_start__ + SIZEOF (.data))

.igot.plt       0x0000000100000000        0x0
 .igot.plt      0x0000000100000000        0x0 Output/Release/Obj/twi_scanner_pca10056/thumb_crt0.o
                0x0000000000000001                . = ASSERT (((__data_load_start__ == __data_load_end__) || ((__data_load_end__ - __FLASH1_segment_start__) <= __FLASH1_segment_size__)), error: .data is too large to fit in FLASH1 memory segment)

.data_run       0x0000000020000000        0x0
                0x0000000020000000                __data_run_start__ = .
                0x0000000020000058                __data_run_end__ = (__data_run_start__ + SIZEOF (.data))
                0x0000000000000058                __data_run_size__ = (__data_run_end__ - __data_run_start__)
                0x0000000020000058                __data_run_load_end__ = __data_run_end__
                0x0000000000000001                . = ASSERT (((__data_run_start__ == __data_run_end__) || ((__data_run_end__ - __RAM1_segment_start__) <= __RAM1_segment_size__)), error: .data_run is too large to fit in RAM1 memory segment)
                0x0000000000003e38                __tdata_load_start__ = ALIGN ((__data_load_start__ + SIZEOF (.data)), 0x4)

.tdata          0x0000000020000058        0x0 load address 0x0000000000003e38
                0x0000000020000058                __tdata_start__ = .
 *(.tdata .tdata.*)
                0x0000000020000058                __tdata_end__ = (__tdata_start__ + SIZEOF (.tdata))
                0x0000000000000000                __tdata_size__ = SIZEOF (.tdata)
                0x0000000000003e38                __tdata_load_end__ = (__tdata_load_start__ + SIZEOF (.tdata))
                0x0000000000003e38                __FLASH1_segment_used_end__ = (ALIGN ((__data_load_start__ + SIZEOF (.data)), 0x4) + SIZEOF (.tdata))
                0x0000000000003e38                __FLASH1_segment_used_size__ = (__FLASH1_segment_used_end__ - __FLASH1_segment_start__)
                0x0000000000000001                . = ASSERT (((__tdata_load_start__ == __tdata_load_end__) || ((__tdata_load_end__ - __FLASH1_segment_start__) <= __FLASH1_segment_size__)), error: .tdata is too large to fit in FLASH1 memory segment)

.tdata_run      0x0000000020000058        0x0
                0x0000000020000058                __tdata_run_start__ = .
                0x0000000020000058                __tdata_run_end__ = (__tdata_run_start__ + SIZEOF (.tdata))
                0x0000000000000000                __tdata_run_size__ = (__tdata_run_end__ - __tdata_run_start__)
                0x0000000020000058                __tdata_run_load_end__ = __tdata_run_end__
                0x0000000000000001                . = ASSERT (((__tdata_run_start__ == __tdata_run_end__) || ((__tdata_run_end__ - __RAM1_segment_start__) <= __RAM1_segment_size__)), error: .tdata_run is too large to fit in RAM1 memory segment)
                0x0000000020000058                __bss_load_start__ = ALIGN (__tdata_run_end__, 0x4)

.bss            0x0000000020000058     0x2b3c
                0x0000000020000058                __bss_start__ = .
 *(.bss .bss.* .gnu.linkonce.b.*)
 .bss.m_host_present
                0x0000000020000058        0x1 Output/Release/Obj/twi_scanner_pca10056/nrf_log_backend_rtt.o
 .bss.m_string_buff
                0x0000000020000059       0x40 Output/Release/Obj/twi_scanner_pca10056/nrf_log_backend_rtt.o
 .bss.m_async_mode
                0x0000000020000099        0x1 Output/Release/Obj/twi_scanner_pca10056/nrf_log_backend_uart.o
 .bss.m_string_buff
                0x000000002000009a       0x40 Output/Release/Obj/twi_scanner_pca10056/nrf_log_backend_uart.o
 .bss.m_xfer_done
                0x00000000200000da        0x1 Output/Release/Obj/twi_scanner_pca10056/nrf_log_backend_uart.o
 *fill*         0x00000000200000db        0x1 
 .bss.log_mempool_nrf_balloc_cb
                0x00000000200000dc        0x8 Output/Release/Obj/twi_scanner_pca10056/nrf_log_frontend.o
 .bss.log_mempool_nrf_balloc_pool_mem
                0x00000000200000e4       0xc0 Output/Release/Obj/twi_scanner_pca10056/nrf_log_frontend.o
 .bss.log_mempool_nrf_balloc_pool_stack
                0x00000000200001a4        0x8 Output/Release/Obj/twi_scanner_pca10056/nrf_log_frontend.o
 .bss.m_log_data
                0x00000000200001ac      0x420 Output/Release/Obj/twi_scanner_pca10056/nrf_log_frontend.o
 .bss.m_log_push_ringbuf_buf
                0x00000000200005cc       0x80 Output/Release/Obj/twi_scanner_pca10056/nrf_log_frontend.o
 .bss.m_log_push_ringbuf_cb
                0x000000002000064c       0x18 Output/Release/Obj/twi_scanner_pca10056/nrf_log_frontend.o
 .bss.m_in_critical_region
                0x0000000020000664        0x4 Output/Release/Obj/twi_scanner_pca10056/app_util_platform.o
 .bss.m_flash_operation_ongoing
                0x0000000020000668        0x4 Output/Release/Obj/twi_scanner_pca10056/nrf_fstorage_nvmc.o
 .bss.m_contexts
                0x000000002000066c        0x8 Output/Release/Obj/twi_scanner_pca10056/nrf_drv_uart.o
 .bss.m_handlers
                0x0000000020000674        0x8 Output/Release/Obj/twi_scanner_pca10056/nrf_drv_uart.o
 .bss.nrf_drv_uart_use_easy_dma
                0x000000002000067c        0x2 Output/Release/Obj/twi_scanner_pca10056/nrf_drv_uart.o
                0x000000002000067c                nrf_drv_uart_use_easy_dma
 *fill*         0x000000002000067e        0x2 
 .bss.m_prs_box_4
                0x0000000020000680        0x8 Output/Release/Obj/twi_scanner_pca10056/nrfx_prs.o
 .bss.m_cb      0x0000000020000688       0x68 Output/Release/Obj/twi_scanner_pca10056/nrfx_twim.o
 .bss.m_cb      0x00000000200006f0       0x2c Output/Release/Obj/twi_scanner_pca10056/nrfx_uart.o
 .bss.m_cb      0x000000002000071c       0x24 Output/Release/Obj/twi_scanner_pca10056/nrfx_uarte.o
 .bss.m_cb      0x0000000020000740       0x18 Output/Release/Obj/twi_scanner_pca10056/nrfx_pdm.o
 .bss.buff1     0x0000000020000758     0x1000 Output/Release/Obj/twi_scanner_pca10056/main.o
                0x0000000020000758                buff1
 .bss.buff2     0x0000000020001758     0x1000 Output/Release/Obj/twi_scanner_pca10056/main.o
                0x0000000020001758                buff2
 .bss.flag      0x0000000020002758        0x1 Output/Release/Obj/twi_scanner_pca10056/main.o
                0x0000000020002758                flag
 .bss.writeFlag
                0x0000000020002759        0x1 Output/Release/Obj/twi_scanner_pca10056/main.o
                0x0000000020002759                writeFlag
 *fill*         0x000000002000275a        0x2 
 .bss.m_cli_uart_cmd_hist_memobj_nrf_balloc_cb
                0x000000002000275c        0x8 Output/Release/Obj/twi_scanner_pca10056/cli.o
 .bss.m_cli_uart_cmd_hist_memobj_nrf_balloc_pool_mem
                0x0000000020002764      0x180 Output/Release/Obj/twi_scanner_pca10056/cli.o
 .bss.m_cli_uart_cmd_hist_memobj_nrf_balloc_pool_stack
                0x00000000200028e4        0x8 Output/Release/Obj/twi_scanner_pca10056/cli.o
 .bss.m_cli_uart_log_backend_queue_nrf_queue_buffer
                0x00000000200028ec       0x14 Output/Release/Obj/twi_scanner_pca10056/cli.o
 .bss.m_cli_uart_log_backend_queue_nrf_queue_cb
                0x0000000020002900        0xc Output/Release/Obj/twi_scanner_pca10056/cli.o
 .bss._SEGGER_RTT
                0x000000002000290c       0x78 Output/Release/Obj/twi_scanner_pca10056/SEGGER_RTT.o
                0x000000002000290c                _SEGGER_RTT
 .bss._acDownBuffer
                0x0000000020002984       0x10 Output/Release/Obj/twi_scanner_pca10056/SEGGER_RTT.o
 .bss._acUpBuffer
                0x0000000020002994      0x200 Output/Release/Obj/twi_scanner_pca10056/SEGGER_RTT.o
 *(COMMON)
                0x0000000020002b94                __bss_end__ = (__bss_start__ + SIZEOF (.bss))
                0x0000000000002b3c                __bss_size__ = SIZEOF (.bss)
                0x0000000020002b94                __bss_load_end__ = __bss_end__
                0x0000000000000001                . = ASSERT (((__bss_start__ == __bss_end__) || ((__bss_end__ - __RAM1_segment_start__) <= __RAM1_segment_size__)), error: .bss is too large to fit in RAM1 memory segment)
                0x0000000020002b94                __tbss_load_start__ = ALIGN (__bss_end__, 0x4)

.tbss           0x0000000020002b94        0x0
                0x0000000020002b94                __tbss_start__ = .
 *(.tbss .tbss.*)
                0x0000000020002b94                __tbss_end__ = (__tbss_start__ + SIZEOF (.tbss))
                0x0000000000000000                __tbss_size__ = SIZEOF (.tbss)
                0x0000000020002b94                __tbss_load_end__ = __tbss_end__
                0x0000000000000001                . = ASSERT (((__tbss_start__ == __tbss_end__) || ((__tbss_end__ - __RAM1_segment_start__) <= __RAM1_segment_size__)), error: .tbss is too large to fit in RAM1 memory segment)
                0x0000000020002b94                __non_init_load_start__ = ALIGN (__tbss_end__, 0x4)

.non_init       0x0000000020002b94        0x0
                0x0000000020002b94                __non_init_start__ = .
 *(.non_init .non_init.*)
                0x0000000020002b94                __non_init_end__ = (__non_init_start__ + SIZEOF (.non_init))
                0x0000000000000000                __non_init_size__ = SIZEOF (.non_init)
                0x0000000020002b94                __non_init_load_end__ = __non_init_end__
                0x0000000000000001                . = ASSERT (((__non_init_start__ == __non_init_end__) || ((__non_init_end__ - __RAM1_segment_start__) <= __RAM1_segment_size__)), error: .non_init is too large to fit in RAM1 memory segment)
                0x0000000020002b94                __heap_load_start__ = ALIGN (__non_init_end__, 0x4)

.heap           0x0000000020002b94     0x2000
                0x0000000020002b94                __heap_start__ = .
 *(.heap .heap.*)
                0x0000000020004b94                . = ALIGN (MAX ((__heap_start__ + __HEAPSIZE__), .), 0x4)
 *fill*         0x0000000020002b94     0x2000 
                0x0000000020004b94                __heap_end__ = (__heap_start__ + SIZEOF (.heap))
                0x0000000000002000                __heap_size__ = SIZEOF (.heap)
                0x0000000020004b94                __heap_load_end__ = __heap_end__
                0x0000000000000001                . = ASSERT (((__heap_start__ == __heap_end__) || ((__heap_end__ - __RAM1_segment_start__) <= __RAM1_segment_size__)), error: .heap is too large to fit in RAM1 memory segment)
                0x000000002003e000                __stack_load_start__ = (__RAM1_segment_start__ + (__RAM1_segment_size__ - 0x2000))

.stack          0x000000002003e000     0x2000
                0x000000002003e000                __stack_start__ = .
                0x000000002003e000                __StackLimit = __stack_start__
 *(.stack .stack.*)
                0x0000000020040000                . = ALIGN (MAX ((__stack_start__ + __STACKSIZE__), .), 0x8)
 *fill*         0x000000002003e000     0x2000 
                0x0000000020040000                __stack_end__ = (__stack_start__ + SIZEOF (.stack))
                0x0000000000002000                __stack_size__ = SIZEOF (.stack)
                0x0000000020040000                __StackTop = __stack_end__
                0x0000000020040000                __stack_load_end__ = __stack_end__
                0x0000000000000001                . = ASSERT (((__stack_start__ == __stack_end__) || ((__stack_end__ - __RAM1_segment_start__) <= __RAM1_segment_size__)), error: .stack is too large to fit in RAM1 memory segment)
                0x0000000000000001                . = ASSERT ((__heap_end__ <= __stack_start__), error: section .heap overlaps absolute placed section .stack)
                0x0000000020040000                __stack_process_load_start__ = ALIGN (__stack_end__, 0x8)

.stack_process  0x0000000020040000        0x0
                0x0000000020040000                __stack_process_start__ = .
 *(.stack_process .stack_process.*)
                0x0000000020040000                . = ALIGN (MAX ((__stack_process_start__ + __STACKSIZE_PROCESS__), .), 0x8)
                0x0000000020040000                __stack_process_end__ = (__stack_process_start__ + SIZEOF (.stack_process))
                0x0000000000000000                __stack_process_size__ = SIZEOF (.stack_process)
                0x0000000020040000                __stack_process_load_end__ = __stack_process_end__
                0x0000000020040000                __RAM1_segment_used_end__ = (ALIGN (__stack_end__, 0x8) + SIZEOF (.stack_process))
                0x0000000000040000                __RAM1_segment_used_size__ = (__RAM1_segment_used_end__ - __RAM1_segment_start__)
                0x0000000000000001                . = ASSERT (((__stack_process_start__ == __stack_process_end__) || ((__stack_process_end__ - __RAM1_segment_start__) <= __RAM1_segment_size__)), error: .stack_process is too large to fit in RAM1 memory segment)
START GROUP
LOAD Output/Release/Obj/twi_scanner_pca10056/thumb_crt0.o
LOAD Output/Release/Obj/twi_scanner_pca10056/nrf_log_backend_rtt.o
LOAD Output/Release/Obj/twi_scanner_pca10056/nrf_log_backend_serial.o
LOAD Output/Release/Obj/twi_scanner_pca10056/nrf_log_backend_uart.o
LOAD Output/Release/Obj/twi_scanner_pca10056/nrf_log_default_backends.o
LOAD Output/Release/Obj/twi_scanner_pca10056/nrf_log_frontend.o
LOAD Output/Release/Obj/twi_scanner_pca10056/nrf_log_str_formatter.o
LOAD Output/Release/Obj/twi_scanner_pca10056/boards.o
LOAD Output/Release/Obj/twi_scanner_pca10056/app_error.o
LOAD Output/Release/Obj/twi_scanner_pca10056/app_error_handler_gcc.o
LOAD Output/Release/Obj/twi_scanner_pca10056/app_error_weak.o
LOAD Output/Release/Obj/twi_scanner_pca10056/app_util_platform.o
LOAD Output/Release/Obj/twi_scanner_pca10056/nrf_assert.o
LOAD Output/Release/Obj/twi_scanner_pca10056/nrf_atomic.o
LOAD Output/Release/Obj/twi_scanner_pca10056/nrf_balloc.o
LOAD Output/Release/Obj/twi_scanner_pca10056/nrf_fprintf.o
LOAD Output/Release/Obj/twi_scanner_pca10056/nrf_fprintf_format.o
LOAD Output/Release/Obj/twi_scanner_pca10056/nrf_memobj.o
LOAD Output/Release/Obj/twi_scanner_pca10056/nrf_ringbuf.o
LOAD Output/Release/Obj/twi_scanner_pca10056/nrf_strerror.o
LOAD Output/Release/Obj/twi_scanner_pca10056/nrf_fstorage.o
LOAD Output/Release/Obj/twi_scanner_pca10056/nrf_fstorage_nvmc.o
LOAD Output/Release/Obj/twi_scanner_pca10056/nrf_cli.o
LOAD Output/Release/Obj/twi_scanner_pca10056/nrf_pwr_mgmt.o
LOAD Output/Release/Obj/twi_scanner_pca10056/nrf_cli_uart.o
LOAD Output/Release/Obj/twi_scanner_pca10056/app_timer.o
LOAD Output/Release/Obj/twi_scanner_pca10056/nrf_queue.o
LOAD Output/Release/Obj/twi_scanner_pca10056/nrf_drv_twi.o
LOAD Output/Release/Obj/twi_scanner_pca10056/nrf_drv_uart.o
LOAD Output/Release/Obj/twi_scanner_pca10056/nrfx_atomic.o
LOAD Output/Release/Obj/twi_scanner_pca10056/nrfx_prs.o
LOAD Output/Release/Obj/twi_scanner_pca10056/nrfx_twi.o
LOAD Output/Release/Obj/twi_scanner_pca10056/nrfx_twim.o
LOAD Output/Release/Obj/twi_scanner_pca10056/nrfx_uart.o
LOAD Output/Release/Obj/twi_scanner_pca10056/nrfx_uarte.o
LOAD Output/Release/Obj/twi_scanner_pca10056/nrfx_pdm.o
LOAD Output/Release/Obj/twi_scanner_pca10056/nrf_nvmc.o
LOAD Output/Release/Obj/twi_scanner_pca10056/main.o
LOAD Output/Release/Obj/twi_scanner_pca10056/cli.o
LOAD Output/Release/Obj/twi_scanner_pca10056/SEGGER_RTT.o
LOAD Output/Release/Obj/twi_scanner_pca10056/SEGGER_RTT_Syscalls_SES.o
LOAD Output/Release/Obj/twi_scanner_pca10056/SEGGER_RTT_printf.o
LOAD Output/Release/Obj/twi_scanner_pca10056/ses_startup_nrf52840.o
LOAD Output/Release/Obj/twi_scanner_pca10056/ses_startup_nrf_common.o
LOAD Output/Release/Obj/twi_scanner_pca10056/system_nrf52840.o
LOAD C:/Program Files/SEGGER/SEGGER Embedded Studio for ARM 5.70a/lib/libm_v7em_fpv4_sp_d16_hard_t_le_eabi.a
LOAD C:/Program Files/SEGGER/SEGGER Embedded Studio for ARM 5.70a/lib/libc_v7em_fpv4_sp_d16_hard_t_le_eabi.a
LOAD C:/Program Files/SEGGER/SEGGER Embedded Studio for ARM 5.70a/lib/libdebugio_v7em_fpv4_sp_d16_hard_t_le_eabi.a
END GROUP
OUTPUT(Output/Release/Exe/twi_scanner_pca10056.elf elf32-littlearm)
LOAD linker stubs

.ARM.attributes
                0x0000000000000000       0x32
 .ARM.attributes
                0x0000000000000000       0x20 Output/Release/Obj/twi_scanner_pca10056/thumb_crt0.o
 .ARM.attributes
                0x0000000000000020       0x36 Output/Release/Obj/twi_scanner_pca10056/nrf_log_backend_rtt.o
 .ARM.attributes
                0x0000000000000056       0x36 Output/Release/Obj/twi_scanner_pca10056/nrf_log_backend_serial.o
 .ARM.attributes
                0x000000000000008c       0x36 Output/Release/Obj/twi_scanner_pca10056/nrf_log_backend_uart.o
 .ARM.attributes
                0x00000000000000c2       0x36 Output/Release/Obj/twi_scanner_pca10056/nrf_log_default_backends.o
 .ARM.attributes
                0x00000000000000f8       0x36 Output/Release/Obj/twi_scanner_pca10056/nrf_log_frontend.o
 .ARM.attributes
                0x000000000000012e       0x36 Output/Release/Obj/twi_scanner_pca10056/nrf_log_str_formatter.o
 .ARM.attributes
                0x0000000000000164       0x36 Output/Release/Obj/twi_scanner_pca10056/app_error.o
 .ARM.attributes
                0x000000000000019a       0x36 Output/Release/Obj/twi_scanner_pca10056/app_error_weak.o
 .ARM.attributes
                0x00000000000001d0       0x36 Output/Release/Obj/twi_scanner_pca10056/app_util_platform.o
 .ARM.attributes
                0x0000000000000206       0x36 Output/Release/Obj/twi_scanner_pca10056/nrf_atomic.o
 .ARM.attributes
                0x000000000000023c       0x36 Output/Release/Obj/twi_scanner_pca10056/nrf_balloc.o
 .ARM.attributes
                0x0000000000000272       0x36 Output/Release/Obj/twi_scanner_pca10056/nrf_fprintf.o
 .ARM.attributes
                0x00000000000002a8       0x36 Output/Release/Obj/twi_scanner_pca10056/nrf_fprintf_format.o
 .ARM.attributes
                0x00000000000002de       0x36 Output/Release/Obj/twi_scanner_pca10056/nrf_memobj.o
 .ARM.attributes
                0x0000000000000314       0x36 Output/Release/Obj/twi_scanner_pca10056/nrf_ringbuf.o
 .ARM.attributes
                0x000000000000034a       0x36 Output/Release/Obj/twi_scanner_pca10056/nrf_fstorage.o
 .ARM.attributes
                0x0000000000000380       0x36 Output/Release/Obj/twi_scanner_pca10056/nrf_fstorage_nvmc.o
 .ARM.attributes
                0x00000000000003b6       0x36 Output/Release/Obj/twi_scanner_pca10056/nrf_cli.o
 .ARM.attributes
                0x00000000000003ec       0x36 Output/Release/Obj/twi_scanner_pca10056/nrf_queue.o
 .ARM.attributes
                0x0000000000000422       0x36 Output/Release/Obj/twi_scanner_pca10056/nrf_drv_uart.o
 .ARM.attributes
                0x0000000000000458       0x36 Output/Release/Obj/twi_scanner_pca10056/nrfx_prs.o
 .ARM.attributes
                0x000000000000048e       0x36 Output/Release/Obj/twi_scanner_pca10056/nrfx_twim.o
 .ARM.attributes
                0x00000000000004c4       0x36 Output/Release/Obj/twi_scanner_pca10056/nrfx_uart.o
 .ARM.attributes
                0x00000000000004fa       0x36 Output/Release/Obj/twi_scanner_pca10056/nrfx_uarte.o
 .ARM.attributes
                0x0000000000000530       0x36 Output/Release/Obj/twi_scanner_pca10056/nrfx_pdm.o
 .ARM.attributes
                0x0000000000000566       0x36 Output/Release/Obj/twi_scanner_pca10056/nrf_nvmc.o
 .ARM.attributes
                0x000000000000059c       0x36 Output/Release/Obj/twi_scanner_pca10056/main.o
 .ARM.attributes
                0x00000000000005d2       0x36 Output/Release/Obj/twi_scanner_pca10056/cli.o
 .ARM.attributes
                0x0000000000000608       0x36 Output/Release/Obj/twi_scanner_pca10056/SEGGER_RTT.o
 .ARM.attributes
                0x000000000000063e       0x20 Output/Release/Obj/twi_scanner_pca10056/ses_startup_nrf52840.o
 .ARM.attributes
                0x000000000000065e       0x20 Output/Release/Obj/twi_scanner_pca10056/ses_startup_nrf_common.o
 .ARM.attributes
                0x000000000000067e       0x36 Output/Release/Obj/twi_scanner_pca10056/system_nrf52840.o
 .ARM.attributes
                0x00000000000006b4       0x36 C:/Program Files/SEGGER/SEGGER Embedded Studio for ARM 5.70a/lib/libc_v7em_fpv4_sp_d16_hard_t_le_eabi.a(libc2.o)
 .ARM.attributes
                0x00000000000006ea       0x20 C:/Program Files/SEGGER/SEGGER Embedded Studio for ARM 5.70a/lib/libc_v7em_fpv4_sp_d16_hard_t_le_eabi.a(libc2_asm.o)

.comment        0x0000000000000000       0x3f
 .comment       0x0000000000000000       0x3f Output/Release/Obj/twi_scanner_pca10056/nrf_log_backend_rtt.o
                                         0x40 (size before relaxing)
 .comment       0x000000000000003f       0x40 Output/Release/Obj/twi_scanner_pca10056/nrf_log_backend_serial.o
 .comment       0x000000000000003f       0x40 Output/Release/Obj/twi_scanner_pca10056/nrf_log_backend_uart.o
 .comment       0x000000000000003f       0x40 Output/Release/Obj/twi_scanner_pca10056/nrf_log_default_backends.o
 .comment       0x000000000000003f       0x40 Output/Release/Obj/twi_scanner_pca10056/nrf_log_frontend.o
 .comment       0x000000000000003f       0x40 Output/Release/Obj/twi_scanner_pca10056/nrf_log_str_formatter.o
 .comment       0x000000000000003f       0x40 Output/Release/Obj/twi_scanner_pca10056/app_error.o
 .comment       0x000000000000003f       0x40 Output/Release/Obj/twi_scanner_pca10056/app_error_weak.o
 .comment       0x000000000000003f       0x40 Output/Release/Obj/twi_scanner_pca10056/app_util_platform.o
 .comment       0x000000000000003f       0x40 Output/Release/Obj/twi_scanner_pca10056/nrf_atomic.o
 .comment       0x000000000000003f       0x40 Output/Release/Obj/twi_scanner_pca10056/nrf_balloc.o
 .comment       0x000000000000003f       0x40 Output/Release/Obj/twi_scanner_pca10056/nrf_fprintf.o
 .comment       0x000000000000003f       0x40 Output/Release/Obj/twi_scanner_pca10056/nrf_fprintf_format.o
 .comment       0x000000000000003f       0x40 Output/Release/Obj/twi_scanner_pca10056/nrf_memobj.o
 .comment       0x000000000000003f       0x40 Output/Release/Obj/twi_scanner_pca10056/nrf_ringbuf.o
 .comment       0x000000000000003f       0x40 Output/Release/Obj/twi_scanner_pca10056/nrf_fstorage.o
 .comment       0x000000000000003f       0x40 Output/Release/Obj/twi_scanner_pca10056/nrf_fstorage_nvmc.o
 .comment       0x000000000000003f       0x40 Output/Release/Obj/twi_scanner_pca10056/nrf_cli.o
 .comment       0x000000000000003f       0x40 Output/Release/Obj/twi_scanner_pca10056/nrf_queue.o
 .comment       0x000000000000003f       0x40 Output/Release/Obj/twi_scanner_pca10056/nrf_drv_uart.o
 .comment       0x000000000000003f       0x40 Output/Release/Obj/twi_scanner_pca10056/nrfx_prs.o
 .comment       0x000000000000003f       0x40 Output/Release/Obj/twi_scanner_pca10056/nrfx_twim.o
 .comment       0x000000000000003f       0x40 Output/Release/Obj/twi_scanner_pca10056/nrfx_uart.o
 .comment       0x000000000000003f       0x40 Output/Release/Obj/twi_scanner_pca10056/nrfx_uarte.o
 .comment       0x000000000000003f       0x40 Output/Release/Obj/twi_scanner_pca10056/nrfx_pdm.o
 .comment       0x000000000000003f       0x40 Output/Release/Obj/twi_scanner_pca10056/nrf_nvmc.o
 .comment       0x000000000000003f       0x40 Output/Release/Obj/twi_scanner_pca10056/main.o
 .comment       0x000000000000003f       0x40 Output/Release/Obj/twi_scanner_pca10056/cli.o
 .comment       0x000000000000003f       0x40 Output/Release/Obj/twi_scanner_pca10056/SEGGER_RTT.o
 .comment       0x000000000000003f       0x40 Output/Release/Obj/twi_scanner_pca10056/system_nrf52840.o
 .comment       0x000000000000003f       0x40 C:/Program Files/SEGGER/SEGGER Embedded Studio for ARM 5.70a/lib/libc_v7em_fpv4_sp_d16_hard_t_le_eabi.a(libc2.o)

.debug_line     0x0000000000000000    0x17007
 .debug_line    0x0000000000000000      0x21f Output/Release/Obj/twi_scanner_pca10056/thumb_crt0.o
 .debug_line    0x000000000000021f      0x90c Output/Release/Obj/twi_scanner_pca10056/nrf_log_backend_rtt.o
 .debug_line    0x0000000000000b2b      0x6e6 Output/Release/Obj/twi_scanner_pca10056/nrf_log_backend_serial.o
 .debug_line    0x0000000000001211      0x96a Output/Release/Obj/twi_scanner_pca10056/nrf_log_backend_uart.o
 .debug_line    0x0000000000001b7b      0x61c Output/Release/Obj/twi_scanner_pca10056/nrf_log_default_backends.o
 .debug_line    0x0000000000002197     0x1283 Output/Release/Obj/twi_scanner_pca10056/nrf_log_frontend.o
 .debug_line    0x000000000000341a      0x7ed Output/Release/Obj/twi_scanner_pca10056/nrf_log_str_formatter.o
 .debug_line    0x0000000000003c07      0x3da Output/Release/Obj/twi_scanner_pca10056/app_error.o
 .debug_line    0x0000000000003fe1      0x711 Output/Release/Obj/twi_scanner_pca10056/app_error_weak.o