Archive member included to satisfy reference by file (symbol)

C:/Program Files/SEGGER/SEGGER Embedded Studio for ARM 5.62/lib/libc_v7em_fpv4_sp_d16_hard_t_le_eabi.a(libc2.o)
                              Output/Release/Obj/fatfs_pca10056/nrf_log_str_formatter.o (isprint)
C:/Program Files/SEGGER/SEGGER Embedded Studio for ARM 5.62/lib/libc_v7em_fpv4_sp_d16_hard_t_le_eabi.a(libc2_asm.o)
                              Output/Release/Obj/fatfs_pca10056/nrf_log_frontend.o (memcpy)
C:/Program Files/SEGGER/SEGGER Embedded Studio for ARM 5.62/lib/libc_v7em_fpv4_sp_d16_hard_t_le_eabi.a(libvfprintf.o)
                              (__vfprintf_long)
C:/Program Files/SEGGER/SEGGER Embedded Studio for ARM 5.62/lib/libc_v7em_fpv4_sp_d16_hard_t_le_eabi.a(libvfscanf.o)
                              (__vfscanf_long)
C:/Program Files/SEGGER/SEGGER Embedded Studio for ARM 5.62/lib/libc_v7em_fpv4_sp_d16_hard_t_le_eabi.a(libc.o)
                              C:/Program Files/SEGGER/SEGGER Embedded Studio for ARM 5.62/lib/libc_v7em_fpv4_sp_d16_hard_t_le_eabi.a(libc2.o) (__heap_lock)
C:/Program Files/SEGGER/SEGGER Embedded Studio for ARM 5.62/lib/libc_v7em_fpv4_sp_d16_hard_t_le_eabi.a(libc_asm.o)
                              C:/Program Files/SEGGER/SEGGER Embedded Studio for ARM 5.62/lib/libc_v7em_fpv4_sp_d16_hard_t_le_eabi.a(libc2.o) (__aeabi_uldivmod)
C:/Program Files/SEGGER/SEGGER Embedded Studio for ARM 5.62/lib/libdebugio_v7em_fpv4_sp_d16_hard_t_le_eabi.a(libdebugio.o)
                              Output/Release/Obj/fatfs_pca10056/thumb_crt0.o (debug_fopen)
C:/Program Files/SEGGER/SEGGER Embedded Studio for ARM 5.62/lib/libdebugio_v7em_fpv4_sp_d16_hard_t_le_eabi.a(do_nv_debug_operation.o)
                              C:/Program Files/SEGGER/SEGGER Embedded Studio for ARM 5.62/lib/libdebugio_v7em_fpv4_sp_d16_hard_t_le_eabi.a(libdebugio.o) (__do_nvdebug_operation)
C:/Program Files/SEGGER/SEGGER Embedded Studio for ARM 5.62/lib/libdebugio_v7em_fpv4_sp_d16_hard_t_le_eabi.a(mempoll_debug_operations.o)
                              (__do_debug_operation_mempoll)
C:/Program Files/SEGGER/SEGGER Embedded Studio for ARM 5.62/lib/libm_v7em_fpv4_sp_d16_hard_t_le_eabi.a(libm_asm.o)
                              C:/Program Files/SEGGER/SEGGER Embedded Studio for ARM 5.62/lib/libc_v7em_fpv4_sp_d16_hard_t_le_eabi.a(libc2.o) (__aeabi_dadd)
C:/Program Files/SEGGER/SEGGER Embedded Studio for ARM 5.62/lib/libm_v7em_fpv4_sp_d16_hard_t_le_eabi.a(libm2.o)
                              C:/Program Files/SEGGER/SEGGER Embedded Studio for ARM 5.62/lib/libc_v7em_fpv4_sp_d16_hard_t_le_eabi.a(libvfprintf.o) (frexp)

Discarded input sections

 .text          0x0000000000000000        0x0 Output/Release/Obj/fatfs_pca10056/thumb_crt0.o
 .data          0x0000000000000000        0x0 Output/Release/Obj/fatfs_pca10056/thumb_crt0.o
 .bss           0x0000000000000000        0x0 Output/Release/Obj/fatfs_pca10056/thumb_crt0.o
 .text.__aeabi_read_tp
                0x0000000000000000        0x8 Output/Release/Obj/fatfs_pca10056/thumb_crt0.o
 .text.abort    0x0000000000000000        0x2 Output/Release/Obj/fatfs_pca10056/thumb_crt0.o
 .text.__assert
                0x0000000000000000        0x2 Output/Release/Obj/fatfs_pca10056/thumb_crt0.o
 .text.__assert_func
                0x0000000000000000        0x2 Output/Release/Obj/fatfs_pca10056/thumb_crt0.o
 .text.__aeabi_assert
                0x0000000000000000        0x2 Output/Release/Obj/fatfs_pca10056/thumb_crt0.o
 .text.__sync_synchronize
                0x0000000000000000        0x2 Output/Release/Obj/fatfs_pca10056/thumb_crt0.o
 .text.__getchar
                0x0000000000000000        0x4 Output/Release/Obj/fatfs_pca10056/thumb_crt0.o
 .text.__putchar
                0x0000000000000000        0x4 Output/Release/Obj/fatfs_pca10056/thumb_crt0.o
 .text.__open   0x0000000000000000        0x4 Output/Release/Obj/fatfs_pca10056/thumb_crt0.o
 .text.__close  0x0000000000000000        0x4 Output/Release/Obj/fatfs_pca10056/thumb_crt0.o
 .text.__write  0x0000000000000000        0xa Output/Release/Obj/fatfs_pca10056/thumb_crt0.o
 .text.__read   0x0000000000000000        0xa Output/Release/Obj/fatfs_pca10056/thumb_crt0.o
 .text.__seek   0x0000000000000000       0x1a Output/Release/Obj/fatfs_pca10056/thumb_crt0.o
 .text.remove   0x0000000000000000        0x4 Output/Release/Obj/fatfs_pca10056/thumb_crt0.o
 .text.rename   0x0000000000000000        0x4 Output/Release/Obj/fatfs_pca10056/thumb_crt0.o
 .bss.__user_locale_name_buffer
                0x0000000000000000        0x4 Output/Release/Obj/fatfs_pca10056/thumb_crt0.o
 .stack         0x0000000000000000        0x0 Output/Release/Obj/fatfs_pca10056/thumb_crt0.o
 .stack_process
                0x0000000000000000        0x0 Output/Release/Obj/fatfs_pca10056/thumb_crt0.o
 .heap          0x0000000000000000        0x0 Output/Release/Obj/fatfs_pca10056/thumb_crt0.o
 .group         0x0000000000000000        0xc Output/Release/Obj/fatfs_pca10056/nrf_log_backend_rtt.o
[...]
Memory Configuration

Name             Origin             Length             Attributes
UNPLACED_SECTIONS 0x0000000100000000 0x0000000000000000 xw
RAM              0x0000000020000000 0x0000000000040000 xw
FLASH            0x0000000000000000 0x0000000000100000 xw
*default*        0x0000000000000000 0xffffffffffffffff

Linker script and memory map

                0x0000000000000000                __do_debug_operation = __do_debug_operation_mempoll
                0x0000000000000000                __vfprintf = __vfprintf_long
                0x0000000000000000                __vfscanf = __vfscanf_long
                0x0000000020000000                __RAM_segment_start__ = 0x20000000
                0x0000000020040000                __RAM_segment_end__ = 0x20040000
                0x0000000000040000                __RAM_segment_size__ = 0x40000
                0x0000000000000000                __FLASH_segment_start__ = 0x0
                0x0000000000100000                __FLASH_segment_end__ = 0x100000
                0x0000000000100000                __FLASH_segment_size__ = 0x100000
                0x0000000000002000                __HEAPSIZE__ = 0x2000
                0x0000000000000000                __STACKSIZE_PROCESS__ = 0x0
                0x0000000000002000                __STACKSIZE__ = 0x2000
                0x0000000020000000                __vectors_ram_load_start__ = 0x20000000

.vectors_ram    0x0000000020000000        0x0
                0x0000000020000000                __vectors_ram_start__ = .
                0x0000000020000000                __app_ram_start__ = __vectors_ram_start__
 *(.vectors_ram .vectors_ram.*)
                0x0000000020000000                __vectors_ram_end__ = (__vectors_ram_start__ + SIZEOF (.vectors_ram))
                0x0000000000000000                __vectors_ram_size__ = SIZEOF (.vectors_ram)
                0x0000000020000000                __vectors_ram_load_end__ = __vectors_ram_end__
                0x0000000000000001                . = ASSERT (((__vectors_ram_start__ == __vectors_ram_end__) || ((__vectors_ram_end__ - __RAM_segment_start__) <= __RAM_segment_size__)), error: .vectors_ram is too large to fit in RAM memory segment)
                0x0000000020000000                __nrf_sections_run_load_start__ = ALIGN (__vectors_ram_end__, 0x4)

.nrf_sections_run
                0x0000000020000000        0x0
                0x0000000020000000                __nrf_sections_run_start__ = .
                0x0000000020000000                __start_nrf_sections_run = __nrf_sections_run_start__
 *(.nrf_sections_run .nrf_sections_run.*)
                0x0000000020000000                __nrf_sections_run_end__ = (__nrf_sections_run_start__ + SIZEOF (.nrf_sections_run))
                0x0000000000000000                __nrf_sections_run_size__ = SIZEOF (.nrf_sections_run)
                0x0000000020000000                __nrf_sections_run_load_end__ = __nrf_sections_run_end__
                0x0000000000000001                . = ASSERT (((__nrf_sections_run_start__ == __nrf_sections_run_end__) || ((__nrf_sections_run_end__ - __RAM_segment_start__) <= __RAM_segment_size__)), error: .nrf_sections_run is too large to fit in RAM memory segment)
                0x0000000000000000                __vectors_load_start__ = 0x0

.vectors        0x0000000000000000      0x200
                0x0000000000000000                __vectors_start__ = .
 *(.vectors .vectors.*)
 .vectors       0x0000000000000000      0x200 Output/Release/Obj/fatfs_pca10056/ses_startup_nrf52840.o
                0x0000000000000000                _vectors
                0x0000000000000200                __vectors_end__ = (__vectors_start__ + SIZEOF (.vectors))
                0x0000000000000200                __vectors_size__ = SIZEOF (.vectors)
                0x0000000000000200                __vectors_load_end__ = __vectors_end__
                0x0000000000000001                . = ASSERT (((__vectors_start__ == __vectors_end__) || ((__vectors_end__ - __FLASH_segment_start__) <= __FLASH_segment_size__)), error: .vectors is too large to fit in FLASH memory segment)
                0x0000000000000200                __init_load_start__ = ALIGN (__vectors_end__, 0x4)

.init           0x0000000000000200      0x1d0
                0x0000000000000200                __init_start__ = .
 *(.init .init.*)
 .init          0x0000000000000200      0x15c Output/Release/Obj/fatfs_pca10056/thumb_crt0.o
                0x0000000000000200                _start
                0x00000000000002b4                exit
 .init          0x000000000000035c       0x18 Output/Release/Obj/fatfs_pca10056/ses_startup_nrf52840.o
                0x000000000000035c                NMI_Handler
                0x000000000000035e                HardFault_Handler
                0x0000000000000360                MemoryManagement_Handler
                0x0000000000000362                BusFault_Handler
                0x0000000000000364                UsageFault_Handler
                0x0000000000000366                SVC_Handler
                0x0000000000000368                DebugMon_Handler
                0x000000000000036a                PendSV_Handler
                0x000000000000036c                SysTick_Handler
                0x000000000000036e                PWM1_IRQHandler
                0x000000000000036e                GPIOTE_IRQHandler
                0x000000000000036e                RTC0_IRQHandler
                0x000000000000036e                POWER_CLOCK_IRQHandler
                0x000000000000036e                RADIO_IRQHandler
                0x000000000000036e                TEMP_IRQHandler
                0x000000000000036e                QDEC_IRQHandler
                0x000000000000036e                TIMER3_IRQHandler
                0x000000000000036e                PWM3_IRQHandler
                0x000000000000036e                FPU_IRQHandler
                0x000000000000036e                USBD_IRQHandler
                0x000000000000036e                QSPI_IRQHandler
                0x000000000000036e                TIMER4_IRQHandler
                0x000000000000036e                CRYPTOCELL_IRQHandler
                0x000000000000036e                SWI2_EGU2_IRQHandler
                0x000000000000036e                SWI4_EGU4_IRQHandler
                0x000000000000036e                TIMER0_IRQHandler
                0x000000000000036e                UARTE1_IRQHandler
                0x000000000000036e                Dummy_Handler
                0x000000000000036e                TIMER1_IRQHandler
                0x000000000000036e                SPIM3_IRQHandler
                0x000000000000036e                PWM2_IRQHandler
                0x000000000000036e                ECB_IRQHandler
                0x000000000000036e                SPIM1_SPIS1_TWIM1_TWIS1_SPI1_TWI1_IRQHandler
                0x000000000000036e                SAADC_IRQHandler
                0x000000000000036e                CCM_AAR_IRQHandler
                0x000000000000036e                WDT_IRQHandler
                0x000000000000036e                SWI0_EGU0_IRQHandler
                0x000000000000036e                SWI5_EGU5_IRQHandler
                0x000000000000036e                RNG_IRQHandler
                0x000000000000036e                RTC2_IRQHandler
                0x000000000000036e                PWM0_IRQHandler
                0x000000000000036e                SWI3_EGU3_IRQHandler
                0x000000000000036e                RTC1_IRQHandler
                0x000000000000036e                SWI1_EGU1_IRQHandler
                0x000000000000036e                SPIM2_SPIS2_SPI2_IRQHandler
                0x000000000000036e                NFCT_IRQHandler
                0x000000000000036e                I2S_IRQHandler
                0x000000000000036e                MWU_IRQHandler
                0x000000000000036e                TIMER2_IRQHandler
                0x000000000000036e                COMP_LPCOMP_IRQHandler
                0x0000000000000370                nRFInitialize
 .init          0x0000000000000374       0x5c Output/Release/Obj/fatfs_pca10056/ses_startup_nrf_common.o
                0x0000000000000374                Reset_Handler
                0x0000000000000378                afterInitialize
                0x000000000000039c                InitializeUserMemorySections
                0x00000000000003d0                __init_end__ = (__init_start__ + SIZEOF (.init))
                0x00000000000001d0                __init_size__ = SIZEOF (.init)
                0x00000000000003d0                __init_load_end__ = __init_end__
                0x0000000000000001                . = ASSERT (((__init_start__ == __init_end__) || ((__init_end__ - __FLASH_segment_start__) <= __FLASH_segment_size__)), error: .init is too large to fit in FLASH memory segment)
                0x00000000000003d0                __init_rodata_load_start__ = ALIGN (__init_end__, 0x4)

.init_rodata    0x00000000000003d0        0x0
                0x00000000000003d0                __init_rodata_start__ = .
 *(.init_rodata .init_rodata.*)
                0x00000000000003d0                __init_rodata_end__ = (__init_rodata_start__ + SIZEOF (.init_rodata))
                0x0000000000000000                __init_rodata_size__ = SIZEOF (.init_rodata)
                0x00000000000003d0                __init_rodata_load_end__ = __init_rodata_end__
                0x0000000000000001                . = ASSERT (((__init_rodata_start__ == __init_rodata_end__) || ((__init_rodata_end__ - __FLASH_segment_start__) <= __FLASH_segment_size__)), error: .init_rodata is too large to fit in FLASH memory segment)
                0x00000000000003d0                __text_load_start__ = ALIGN (__init_rodata_end__, 0x4)

.text           0x00000000000003d0     0x1bec
                0x00000000000003d0                __text_start__ = .
 *(.text .text.* .glue_7t .glue_7 .gnu.linkonce.t.* .gcc_except_table .ARM.extab* .gnu.linkonce.armextab.*)
 .glue_7        0x00000000000003d0        0x0 linker stubs
 .glue_7t       0x00000000000003d0        0x0 linker stubs
 .text.nrf_log_backend_serial_put
                0x00000000000003d0       0xc2 Output/Release/Obj/fatfs_pca10056/nrf_log_backend_serial.o
                0x00000000000003d0                nrf_log_backend_serial_put
 .text.nrf_log_backend_uart_flush
                0x0000000000000492        0x2 Output/Release/Obj/fatfs_pca10056/nrf_log_backend_uart.o
 .text.nrf_log_backend_uart_put
                0x0000000000000494       0x1c Output/Release/Obj/fatfs_pca10056/nrf_log_backend_uart.o
 .text.serial_tx
                0x00000000000004b0       0x30 Output/Release/Obj/fatfs_pca10056/nrf_log_backend_uart.o
 .text.uart_init.constprop.0
                0x00000000000004e0       0x40 Output/Release/Obj/fatfs_pca10056/nrf_log_backend_uart.o
 .text.nrf_log_backend_uart_panic_set
                0x0000000000000520       0x14 Output/Release/Obj/fatfs_pca10056/nrf_log_backend_uart.o
 .text.invalid_packets_omit
                0x0000000000000534       0x3a Output/Release/Obj/fatfs_pca10056/nrf_log_frontend.o
 *fill*         0x000000000000056e        0x2 
 .text.buf_prealloc
                0x0000000000000570      0x11c Output/Release/Obj/fatfs_pca10056/nrf_log_frontend.o
 .text.nrf_log_module_name_get
                0x000000000000068c       0x38 Output/Release/Obj/fatfs_pca10056/nrf_log_frontend.o
                0x000000000000068c                nrf_log_module_name_get
 .text.nrf_log_color_id_get
                0x00000000000006c4       0x2c Output/Release/Obj/fatfs_pca10056/nrf_log_frontend.o
                0x00000000000006c4                nrf_log_color_id_get
 .text.buffer_is_empty
                0x00000000000006f0       0x14 Output/Release/Obj/fatfs_pca10056/nrf_log_frontend.o
                0x00000000000006f0                buffer_is_empty
 .text.nrf_log_frontend_dequeue
                0x0000000000000704      0x200 Output/Release/Obj/fatfs_pca10056/nrf_log_frontend.o
                0x0000000000000704                nrf_log_frontend_dequeue
 .text.std_n    0x0000000000000904       0x8c Output/Release/Obj/fatfs_pca10056/nrf_log_frontend.o
 .text.nrf_log_frontend_std_0
                0x0000000000000990        0x8 Output/Release/Obj/fatfs_pca10056/nrf_log_frontend.o
                0x0000000000000990                nrf_log_frontend_std_0
 .text.nrf_log_panic
                0x0000000000000998       0x28 Output/Release/Obj/fatfs_pca10056/nrf_log_frontend.o
                0x0000000000000998                nrf_log_panic
 .text.prefix_process
                0x00000000000009c0       0x7c Output/Release/Obj/fatfs_pca10056/nrf_log_str_formatter.o
 .text.postfix_process
                0x0000000000000a3c       0x44 Output/Release/Obj/fatfs_pca10056/nrf_log_str_formatter.o
 .text.nrf_log_std_entry_process
                0x0000000000000a80       0xc8 Output/Release/Obj/fatfs_pca10056/nrf_log_str_formatter.o
                0x0000000000000a80                nrf_log_std_entry_process
 .text.nrf_log_hexdump_entry_process
                0x0000000000000b48       0xc0 Output/Release/Obj/fatfs_pca10056/nrf_log_str_formatter.o
                0x0000000000000b48                nrf_log_hexdump_entry_process
 .text.app_error_handler_bare
                0x0000000000000c08       0x1a Output/Release/Obj/fatfs_pca10056/app_error.o
                0x0000000000000c08                app_error_handler_bare
 *fill*         0x0000000000000c22        0x2 
 .text.app_error_fault_handler
                0x0000000000000c24       0x6c Output/Release/Obj/fatfs_pca10056/app_error_weak.o
                0x0000000000000c24                app_error_fault_handler
 .text.app_util_disable_irq
                0x0000000000000c90       0x10 Output/Release/Obj/fatfs_pca10056/app_util_platform.o
                0x0000000000000c90                app_util_disable_irq
 .text.app_util_enable_irq
                0x0000000000000ca0       0x14 Output/Release/Obj/fatfs_pca10056/app_util_platform.o
                0x0000000000000ca0                app_util_enable_irq
 .text.app_util_critical_region_enter
                0x0000000000000cb4        0x4 Output/Release/Obj/fatfs_pca10056/app_util_platform.o
                0x0000000000000cb4                app_util_critical_region_enter
 .text.app_util_critical_region_exit
                0x0000000000000cb8        0x4 Output/Release/Obj/fatfs_pca10056/app_util_platform.o
                0x0000000000000cb8                app_util_critical_region_exit
 .text.nrf_atomic_u32_fetch_store
                0x0000000000000cbc       0x16 Output/Release/Obj/fatfs_pca10056/nrf_atomic.o
                0x0000000000000cbc                nrf_atomic_u32_fetch_store
 .text.nrf_atomic_u32_or
                0x0000000000000cd2       0x18 Output/Release/Obj/fatfs_pca10056/nrf_atomic.o
                0x0000000000000cd2                nrf_atomic_u32_or
 .text.nrf_atomic_u32_fetch_and
                0x0000000000000cea       0x18 Output/Release/Obj/fatfs_pca10056/nrf_atomic.o
                0x0000000000000cea                nrf_atomic_u32_fetch_and
 .text.nrf_atomic_u32_add
                0x0000000000000d02       0x18 Output/Release/Obj/fatfs_pca10056/nrf_atomic.o
                0x0000000000000d02                nrf_atomic_u32_add
 .text.nrf_atomic_u32_sub
                0x0000000000000d1a       0x18 Output/Release/Obj/fatfs_pca10056/nrf_atomic.o
                0x0000000000000d1a                nrf_atomic_u32_sub
 .text.nrf_atomic_flag_set
                0x0000000000000d32        0x6 Output/Release/Obj/fatfs_pca10056/nrf_atomic.o
                0x0000000000000d32                nrf_atomic_flag_set
 .text.nrf_atomic_flag_clear_fetch
                0x0000000000000d38        0x6 Output/Release/Obj/fatfs_pca10056/nrf_atomic.o
                0x0000000000000d38                nrf_atomic_flag_clear_fetch
 .text.nrf_balloc_alloc
                0x0000000000000d3e       0x40 Output/Release/Obj/fatfs_pca10056/nrf_balloc.o
                0x0000000000000d3e                nrf_balloc_alloc
 .text.nrf_balloc_free
                0x0000000000000d7e       0x2a Output/Release/Obj/fatfs_pca10056/nrf_balloc.o
                0x0000000000000d7e                nrf_balloc_free
 .text.nrf_fprintf_buffer_flush
                0x0000000000000da8       0x16 Output/Release/Obj/fatfs_pca10056/nrf_fprintf.o
                0x0000000000000da8                nrf_fprintf_buffer_flush
 .text.nrf_fprintf
                0x0000000000000dbe       0x1c Output/Release/Obj/fatfs_pca10056/nrf_fprintf.o
                0x0000000000000dbe                nrf_fprintf
 .text.buffer_add
                0x0000000000000dda       0x2e Output/Release/Obj/fatfs_pca10056/nrf_fprintf_format.o
 .text.unsigned_print
                0x0000000000000e08       0xb4 Output/Release/Obj/fatfs_pca10056/nrf_fprintf_format.o
 .text.nrf_fprintf_fmt
                0x0000000000000ebc      0x294 Output/Release/Obj/fatfs_pca10056/nrf_fprintf_format.o
                0x0000000000000ebc                nrf_fprintf_fmt
 .text.memobj_op
                0x0000000000001150       0x86 Output/Release/Obj/fatfs_pca10056/nrf_memobj.o
 .text.nrf_memobj_free
                0x00000000000011d6       0x2c Output/Release/Obj/fatfs_pca10056/nrf_memobj.o
                0x00000000000011d6                nrf_memobj_free
 .text.nrf_memobj_alloc
                0x0000000000001202       0x5e Output/Release/Obj/fatfs_pca10056/nrf_memobj.o
                0x0000000000001202                nrf_memobj_alloc
 .text.nrf_memobj_get
                0x0000000000001260        0x8 Output/Release/Obj/fatfs_pca10056/nrf_memobj.o
                0x0000000000001260                nrf_memobj_get
 .text.nrf_memobj_put
                0x0000000000001268       0x1c Output/Release/Obj/fatfs_pca10056/nrf_memobj.o
                0x0000000000001268                nrf_memobj_put
 .text.nrf_memobj_write
                0x0000000000001284       0x14 Output/Release/Obj/fatfs_pca10056/nrf_memobj.o
                0x0000000000001284                nrf_memobj_write
 .text.nrf_memobj_read
                0x0000000000001298       0x14 Output/Release/Obj/fatfs_pca10056/nrf_memobj.o
                0x0000000000001298                nrf_memobj_read
 .text.uarte_evt_handler
                0x00000000000012ac       0x34 Output/Release/Obj/fatfs_pca10056/nrf_drv_uart.o
 .text.nrf_drv_uart_init
                0x00000000000012e0       0x50 Output/Release/Obj/fatfs_pca10056/nrf_drv_uart.o
                0x00000000000012e0                nrf_drv_uart_init
 .text.UARTE0_UART0_IRQHandler
                0x0000000000001330        0xc Output/Release/Obj/fatfs_pca10056/nrfx_prs.o
                0x0000000000001330                UARTE0_UART0_IRQHandler
 .text.nrfx_prs_acquire
                0x000000000000133c       0x38 Output/Release/Obj/fatfs_pca10056/nrfx_prs.o
                0x000000000000133c                nrfx_prs_acquire
 .text.nrfx_prs_release
                0x0000000000001374       0x18 Output/Release/Obj/fatfs_pca10056/nrfx_prs.o
                0x0000000000001374                nrfx_prs_release
 .text.nrf_gpio_pin_clear
                0x000000000000138c       0x20 Output/Release/Obj/fatfs_pca10056/nrfx_spim.o
 .text.nrf_gpio_pin_set
                0x00000000000013ac       0x20 Output/Release/Obj/fatfs_pca10056/nrfx_spim.o
 .text.SPIM0_SPIS0_TWIM0_TWIS0_SPI0_TWI0_IRQHandler
                0x00000000000013cc       0x54 Output/Release/Obj/fatfs_pca10056/nrfx_spim.o
                0x00000000000013cc                SPIM0_SPIS0_TWIM0_TWIS0_SPI0_TWI0_IRQHandler
 .text.nrf_uarte_event_clear
                0x0000000000001420       0x10 Output/Release/Obj/fatfs_pca10056/nrfx_uarte.o
 .text.rx_done_event.constprop.0
                0x0000000000001430       0x20 Output/Release/Obj/fatfs_pca10056/nrfx_uarte.o
 .text.nrfx_uarte_0_irq_handler
                0x0000000000001450      0x118 Output/Release/Obj/fatfs_pca10056/nrfx_uarte.o
                0x0000000000001450                nrfx_uarte_0_irq_handler
 .text.nrf_gpio_cfg_default
                0x0000000000001568       0x20 Output/Release/Obj/fatfs_pca10056/nrfx_uarte.o
 .text.nrfx_uarte_init
                0x0000000000001588      0x1b8 Output/Release/Obj/fatfs_pca10056/nrfx_uarte.o
                0x0000000000001588                nrfx_uarte_init
 .text.nrfx_uarte_uninit
                0x0000000000001740      0x108 Output/Release/Obj/fatfs_pca10056/nrfx_uarte.o
                0x0000000000001740                nrfx_uarte_uninit
 .text.nrfx_uarte_tx_in_progress
                0x0000000000001848       0x18 Output/Release/Obj/fatfs_pca10056/nrfx_uarte.o
                0x0000000000001848                nrfx_uarte_tx_in_progress
 .text.nrfx_uarte_tx
                0x0000000000001860       0x9c Output/Release/Obj/fatfs_pca10056/nrfx_uarte.o
                0x0000000000001860                nrfx_uarte_tx
 .text.nrf_pdm_event_clear
                0x00000000000018fc       0x18 Output/Release/Obj/fatfs_pca10056/nrfx_pdm.o
 .text.PDM_IRQHandler
                0x0000000000001914       0xfc Output/Release/Obj/fatfs_pca10056/nrfx_pdm.o
                0x0000000000001914                PDM_IRQHandler
 .text.nrfx_pdm_init
                0x0000000000001a10       0xe0 Output/Release/Obj/fatfs_pca10056/nrfx_pdm.o
                0x0000000000001a10                nrfx_pdm_init
 .text.nrfx_pdm_start
                0x0000000000001af0       0x34 Output/Release/Obj/fatfs_pca10056/nrfx_pdm.o
                0x0000000000001af0                nrfx_pdm_start
 .text.nrfx_pdm_buffer_set
                0x0000000000001b24       0x98 Output/Release/Obj/fatfs_pca10056/nrfx_pdm.o
                0x0000000000001b24                nrfx_pdm_buffer_set
 .text.drv_pdm_hand
                0x0000000000001bbc       0x40 Output/Release/Obj/fatfs_pca10056/main.o
 .text.startup.main
                0x0000000000001bfc       0x24 Output/Release/Obj/fatfs_pca10056/main.o
                0x0000000000001bfc                main
 .text.nrf52_errata_36
                0x0000000000001c20       0x12 Output/Release/Obj/fatfs_pca10056/system_nrf52840.o
 *fill*         0x0000000000001c32        0x2 
 .text.nrf52_errata_98
                0x0000000000001c34       0x24 Output/Release/Obj/fatfs_pca10056/system_nrf52840.o
 .text.nvmc_wait
                0x0000000000001c58       0x10 Output/Release/Obj/fatfs_pca10056/system_nrf52840.o
                0x0000000000001c58                nvmc_wait
 .text.SystemInit
                0x0000000000001c68      0x1e8 Output/Release/Obj/fatfs_pca10056/system_nrf52840.o
                0x0000000000001c68                SystemInit
 .text.libc.__RAL_ascii_isctype
                0x0000000000001e50       0x1c C:/Program Files/SEGGER/SEGGER Embedded Studio for ARM 5.62/lib/libc_v7em_fpv4_sp_d16_hard_t_le_eabi.a(libc2.o)
 .text.libc.__RAL_ascii_toupper
                0x0000000000001e6c        0xc C:/Program Files/SEGGER/SEGGER Embedded Studio for ARM 5.62/lib/libc_v7em_fpv4_sp_d16_hard_t_le_eabi.a(libc2.o)
 .text.libc.__RAL_ascii_tolower
                0x0000000000001e78        0xc C:/Program Files/SEGGER/SEGGER Embedded Studio for ARM 5.62/lib/libc_v7em_fpv4_sp_d16_hard_t_le_eabi.a(libc2.o)
 .text.libc.__RAL_ascii_iswctype
                0x0000000000001e84       0x1c C:/Program Files/SEGGER/SEGGER Embedded Studio for ARM 5.62/lib/libc_v7em_fpv4_sp_d16_hard_t_le_eabi.a(libc2.o)
 .text.libc.__RAL_ascii_towupper
                0x0000000000001ea0        0xc C:/Program Files/SEGGER/SEGGER Embedded Studio for ARM 5.62/lib/libc_v7em_fpv4_sp_d16_hard_t_le_eabi.a(libc2.o)
 .text.libc.__RAL_ascii_towlower
                0x0000000000001eac        0xc C:/Program Files/SEGGER/SEGGER Embedded Studio for ARM 5.62/lib/libc_v7em_fpv4_sp_d16_hard_t_le_eabi.a(libc2.o)
 .text.libc.__RAL_ascii_wctomb
                0x0000000000001eb8        0xe C:/Program Files/SEGGER/SEGGER Embedded Studio for ARM 5.62/lib/libc_v7em_fpv4_sp_d16_hard_t_le_eabi.a(libc2.o)
                0x0000000000001eb8                __RAL_ascii_wctomb
 .text.libc.__RAL_ascii_mbtowc
                0x0000000000001ec6       0x24 C:/Program Files/SEGGER/SEGGER Embedded Studio for ARM 5.62/lib/libc_v7em_fpv4_sp_d16_hard_t_le_eabi.a(libc2.o)
                0x0000000000001ec6                __RAL_ascii_mbtowc
 *fill*         0x0000000000001eea        0x2 
 .text.libc.__RAL_isctype
                0x0000000000001eec       0x14 C:/Program Files/SEGGER/SEGGER Embedded Studio for ARM 5.62/lib/libc_v7em_fpv4_sp_d16_hard_t_le_eabi.a(libc2.o)
                0x0000000000001eec                __RAL_isctype
 .text.libc.isprint
                0x0000000000001f00        0xa C:/Program Files/SEGGER/SEGGER Embedded Studio for ARM 5.62/lib/libc_v7em_fpv4_sp_d16_hard_t_le_eabi.a(libc2.o)
                0x0000000000001f00                isprint
 .text.libc.memcpy
                0x0000000000001f0a       0x52 C:/Program Files/SEGGER/SEGGER Embedded Studio for ARM 5.62/lib/libc_v7em_fpv4_sp_d16_hard_t_le_eabi.a(libc2_asm.o)
                0x0000000000001f0a                __aeabi_memcpy
                0x0000000000001f0a                memcpy
                0x0000000000001f16                __aeabi_memcpy8
                0x0000000000001f16                __aeabi_memcpy4
 .text.libc.strlen
                0x0000000000001f5c       0x60 C:/Program Files/SEGGER/SEGGER Embedded Studio for ARM 5.62/lib/libc_v7em_fpv4_sp_d16_hard_t_le_eabi.a(libc2_asm.o)
                0x0000000000001f5c                strlen
                0x0000000000001fbc                __text_end__ = (__text_start__ + SIZEOF (.text))
                0x0000000000001bec                __text_size__ = SIZEOF (.text)
                0x0000000000001fbc                __text_load_end__ = __text_end__

.vfp11_veneer   0x0000000100000000        0x0
 .vfp11_veneer  0x0000000100000000        0x0 linker stubs

.v4_bx          0x0000000100000000        0x0
 .v4_bx         0x0000000100000000        0x0 linker stubs

.iplt           0x0000000100000000        0x0
 .iplt          0x0000000100000000        0x0 Output/Release/Obj/fatfs_pca10056/thumb_crt0.o
                0x0000000000000001                . = ASSERT (((__text_start__ == __text_end__) || ((__text_end__ - __FLASH_segment_start__) <= __FLASH_segment_size__)), error: .text is too large to fit in FLASH memory segment)
                0x0000000000001fbc                __log_const_data_load_start__ = ALIGN (__text_end__, 0x4)

.log_const_data
                0x0000000000001fbc       0x28
                0x0000000000001fbc                __log_const_data_start__ = .
                0x0000000000001fbc                __start_log_const_data = __log_const_data_start__
 *(SORT_BY_NAME(.log_const_data*))
 .log_const_data_PDM
                0x0000000000001fbc        0x8 Output/Release/Obj/fatfs_pca10056/nrfx_pdm.o
                0x0000000000001fbc                m_nrf_log_PDM_logs_data_const
 .log_const_data_PRS
                0x0000000000001fc4        0x8 Output/Release/Obj/fatfs_pca10056/nrfx_prs.o
                0x0000000000001fc4                m_nrf_log_PRS_logs_data_const
 .log_const_data_SPIM
                0x0000000000001fcc        0x8 Output/Release/Obj/fatfs_pca10056/nrfx_spim.o
                0x0000000000001fcc                m_nrf_log_SPIM_logs_data_const
 .log_const_data_UARTE
                0x0000000000001fd4        0x8 Output/Release/Obj/fatfs_pca10056/nrfx_uarte.o
                0x0000000000001fd4                m_nrf_log_UARTE_logs_data_const
 .log_const_data_app
                0x0000000000001fdc        0x8 Output/Release/Obj/fatfs_pca10056/nrf_log_frontend.o
                0x0000000000001fdc                m_nrf_log_app_logs_data_const
                0x0000000000001fe4                __log_const_data_end__ = (__log_const_data_start__ + SIZEOF (.log_const_data))
                0x0000000000000028                __log_const_data_size__ = SIZEOF (.log_const_data)
                0x0000000000001fe4                __stop_log_const_data = __log_const_data_end__
                0x0000000000001fe4                __log_const_data_load_end__ = __log_const_data_end__
                0x0000000000000001                . = ASSERT (((__log_const_data_start__ == __log_const_data_end__) || ((__log_const_data_end__ - __FLASH_segment_start__) <= __FLASH_segment_size__)), error: .log_const_data is too large to fit in FLASH memory segment)
                0x0000000000001fe4                __log_backends_load_start__ = ALIGN (__log_const_data_end__, 0x4)

.log_backends   0x0000000000001fe4       0x10
                0x0000000000001fe4                __log_backends_start__ = .
                0x0000000000001fe4                __start_log_backends = __log_backends_start__
 *(SORT_BY_NAME(.log_backends*))
 .log_backends  0x0000000000001fe4       0x10 Output/Release/Obj/fatfs_pca10056/nrf_log_default_backends.o
                0x0000000000001ff4                __log_backends_end__ = (__log_backends_start__ + SIZEOF (.log_backends))
                0x0000000000000010                __log_backends_size__ = SIZEOF (.log_backends)
                0x0000000000001ff4                __stop_log_backends = __log_backends_end__
                0x0000000000001ff4                __log_backends_load_end__ = __log_backends_end__
                0x0000000000000001                . = ASSERT (((__log_backends_start__ == __log_backends_end__) || ((__log_backends_end__ - __FLASH_segment_start__) <= __FLASH_segment_size__)), error: .log_backends is too large to fit in FLASH memory segment)
                0x0000000000001ff4                __nrf_balloc_load_start__ = ALIGN (__log_backends_end__, 0x4)

.nrf_balloc     0x0000000000001ff4       0x14
                0x0000000000001ff4                __nrf_balloc_start__ = .
                0x0000000000001ff4                __start_nrf_balloc = __nrf_balloc_start__
 *(.nrf_balloc*)
 .nrf_balloc    0x0000000000001ff4       0x14 Output/Release/Obj/fatfs_pca10056/nrf_log_frontend.o
                0x0000000000001ff4                log_mempool
                0x0000000000002008                __nrf_balloc_end__ = (__nrf_balloc_start__ + SIZEOF (.nrf_balloc))
                0x0000000000000014                __nrf_balloc_size__ = SIZEOF (.nrf_balloc)
                0x0000000000002008                __stop_nrf_balloc = __nrf_balloc_end__
                0x0000000000002008                __nrf_balloc_load_end__ = __nrf_balloc_end__
                0x0000000000000001                . = ASSERT (((__nrf_balloc_start__ == __nrf_balloc_end__) || ((__nrf_balloc_end__ - __FLASH_segment_start__) <= __FLASH_segment_size__)), error: .nrf_balloc is too large to fit in FLASH memory segment)
                0x0000000000002008                __nrf_sections_load_start__ = ALIGN (__nrf_balloc_end__, 0x4)

.nrf_sections   0x0000000000002008        0x0
                0x0000000000002008                __nrf_sections_start__ = .
                0x0000000000002008                __start_nrf_sections = __nrf_sections_start__
 *(.nrf_sections .nrf_sections.*)
                0x0000000000002008                __nrf_sections_end__ = (__nrf_sections_start__ + SIZEOF (.nrf_sections))
                0x0000000000000000                __nrf_sections_size__ = SIZEOF (.nrf_sections)
                0x0000000000002008                __nrf_sections_load_end__ = __nrf_sections_end__
                0x0000000000000001                . = ASSERT (((__nrf_sections_start__ == __nrf_sections_end__) || ((__nrf_sections_end__ - __FLASH_segment_start__) <= __FLASH_segment_size__)), error: .nrf_sections is too large to fit in FLASH memory segment)
                0x0000000000002008                __log_dynamic_data_load_start__ = ALIGN (__nrf_sections_end__, 0x4)

.log_dynamic_data
                0x0000000020000000        0x0 load address 0x0000000000002008
                0x0000000020000000                __log_dynamic_data_start__ = .
 *(SORT_BY_NAME(.log_dynamic_data*))
                0x0000000020000000                __log_dynamic_data_end__ = (__log_dynamic_data_start__ + SIZEOF (.log_dynamic_data))
                0x0000000000000000                __log_dynamic_data_size__ = SIZEOF (.log_dynamic_data)
                0x0000000000002008                __log_dynamic_data_load_end__ = (__log_dynamic_data_load_start__ + SIZEOF (.log_dynamic_data))
                0x0000000000000001                . = ASSERT (((__log_dynamic_data_load_start__ == __log_dynamic_data_load_end__) || ((__log_dynamic_data_load_end__ - __FLASH_segment_start__) <= __FLASH_segment_size__)), error: .log_dynamic_data is too large to fit in FLASH memory segment)

.log_dynamic_data_run
                0x0000000020000000        0x0
                0x0000000020000000                __log_dynamic_data_run_start__ = .
                0x0000000020000000                __start_log_dynamic_data = __log_dynamic_data_run_start__
                0x0000000020000000                __log_dynamic_data_run_end__ = (__log_dynamic_data_run_start__ + SIZEOF (.log_dynamic_data))
                0x0000000000000000                __log_dynamic_data_run_size__ = (__log_dynamic_data_run_end__ - __log_dynamic_data_run_start__)
                0x0000000020000000                __stop_log_dynamic_data = __log_dynamic_data_run_end__
                0x0000000020000000                __log_dynamic_data_run_load_end__ = __log_dynamic_data_run_end__
                0x0000000000000001                . = ASSERT (((__log_dynamic_data_run_start__ == __log_dynamic_data_run_end__) || ((__log_dynamic_data_run_end__ - __RAM_segment_start__) <= __RAM_segment_size__)), error: .log_dynamic_data_run is too large to fit in RAM memory segment)
                0x0000000000002008                __log_filter_data_load_start__ = ALIGN ((__log_dynamic_data_load_start__ + SIZEOF (.log_dynamic_data)), 0x4)

.log_filter_data
                0x0000000020000000        0x0 load address 0x0000000000002008
                0x0000000020000000                __log_filter_data_start__ = .
 *(SORT_BY_NAME(.log_filter_data*))
                0x0000000020000000                __log_filter_data_end__ = (__log_filter_data_start__ + SIZEOF (.log_filter_data))
                0x0000000000000000                __log_filter_data_size__ = SIZEOF (.log_filter_data)
                0x0000000000002008                __log_filter_data_load_end__ = (__log_filter_data_load_start__ + SIZEOF (.log_filter_data))
                0x0000000000000001                . = ASSERT (((__log_filter_data_load_start__ == __log_filter_data_load_end__) || ((__log_filter_data_load_end__ - __FLASH_segment_start__) <= __FLASH_segment_size__)), error: .log_filter_data is too large to fit in FLASH memory segment)

.log_filter_data_run
                0x0000000020000000        0x0
                0x0000000020000000                __log_filter_data_run_start__ = .
                0x0000000020000000                __start_log_filter_data = __log_filter_data_run_start__
                0x0000000020000000                __log_filter_data_run_end__ = (__log_filter_data_run_start__ + SIZEOF (.log_filter_data))
                0x0000000000000000                __log_filter_data_run_size__ = (__log_filter_data_run_end__ - __log_filter_data_run_start__)
                0x0000000020000000                __stop_log_filter_data = __log_filter_data_run_end__
                0x0000000020000000                __log_filter_data_run_load_end__ = __log_filter_data_run_end__
                0x0000000000000001                . = ASSERT (((__log_filter_data_run_start__ == __log_filter_data_run_end__) || ((__log_filter_data_run_end__ - __RAM_segment_start__) <= __RAM_segment_size__)), error: .log_filter_data_run is too large to fit in RAM memory segment)
                0x0000000020000000                __nrf_sections_run_end_load_start__ = ALIGN (__log_filter_data_run_end__, 0x4)

.nrf_sections_run_end
                0x0000000020000000        0x0
                0x0000000020000000                __nrf_sections_run_end_start__ = .
                0x0000000020000000                __end_nrf_sections_run = __nrf_sections_run_end_start__
 *(.nrf_sections_run_end .nrf_sections_run_end.*)
                0x0000000020000000                __nrf_sections_run_end_end__ = (__nrf_sections_run_end_start__ + SIZEOF (.nrf_sections_run_end))
                0x0000000000000000                __nrf_sections_run_end_size__ = SIZEOF (.nrf_sections_run_end)
                0x0000000020000000                __nrf_sections_run_end_load_end__ = __nrf_sections_run_end_end__
                0x0000000000000001                . = ASSERT (((__nrf_sections_run_end_start__ == __nrf_sections_run_end_end__) || ((__nrf_sections_run_end_end__ - __RAM_segment_start__) <= __RAM_segment_size__)), error: .nrf_sections_run_end is too large to fit in RAM memory segment)
                0x0000000000002008                __dtors_load_start__ = ALIGN ((__log_filter_data_load_start__ + SIZEOF (.log_filter_data)), 0x4)

.dtors          0x0000000000002008        0x0
                0x0000000000002008                __dtors_start__ = .
 *(SORT_BY_NAME(.dtors.*))
 *(.dtors)
 *(.fini_array)
 *(SORT_BY_NAME(.fini_array.*))
                0x0000000000002008                __dtors_end__ = (__dtors_start__ + SIZEOF (.dtors))
                0x0000000000000000                __dtors_size__ = SIZEOF (.dtors)
                0x0000000000002008                __dtors_load_end__ = __dtors_end__
                0x0000000000000001                . = ASSERT (((__dtors_start__ == __dtors_end__) || ((__dtors_end__ - __FLASH_segment_start__) <= __FLASH_segment_size__)), error: .dtors is too large to fit in FLASH memory segment)
                0x0000000000002008                __ctors_load_start__ = ALIGN (__dtors_end__, 0x4)

.ctors          0x0000000000002008        0x0
                0x0000000000002008                __ctors_start__ = .
 *(SORT_BY_NAME(.ctors.*))
 *(.ctors)
 *(.init_array)
 *(SORT_BY_NAME(.init_array.*))
                0x0000000000002008                __ctors_end__ = (__ctors_start__ + SIZEOF (.ctors))
                0x0000000000000000                __ctors_size__ = SIZEOF (.ctors)
                0x0000000000002008                __ctors_load_end__ = __ctors_end__
                0x0000000000000001                . = ASSERT (((__ctors_start__ == __ctors_end__) || ((__ctors_end__ - __FLASH_segment_start__) <= __FLASH_segment_size__)), error: .ctors is too large to fit in FLASH memory segment)
                0x0000000000002008                __rodata_load_start__ = ALIGN (__ctors_end__, 0x4)

.rodata         0x0000000000002008      0x3aa
                0x0000000000002008                __rodata_start__ = .
 *(.rodata .rodata.* .gnu.linkonce.r.*)
 .rodata        0x0000000000002008       0x20 Output/Release/Obj/fatfs_pca10056/nrf_log_backend_uart.o
 .rodata.nrf_log_backend_uart_api
                0x0000000000002028        0xc Output/Release/Obj/fatfs_pca10056/nrf_log_backend_uart.o
                0x0000000000002028                nrf_log_backend_uart_api
 .rodata.str1.1
                0x0000000000002034       0x11 Output/Release/Obj/fatfs_pca10056/nrf_log_default_backends.o
 .rodata.nrf_log_frontend_dequeue.str1.1
                0x0000000000002045       0x11 Output/Release/Obj/fatfs_pca10056/nrf_log_frontend.o
 .rodata.str1.1
                0x0000000000002056        0x4 Output/Release/Obj/fatfs_pca10056/nrf_log_frontend.o
 .rodata.prefix_process.str1.1
                0x000000000000205a       0x32 Output/Release/Obj/fatfs_pca10056/nrf_log_str_formatter.o
 .rodata.postfix_process.str1.1
                0x000000000000208c       0x32 Output/Release/Obj/fatfs_pca10056/nrf_log_str_formatter.o
                                          0x3 (size before relaxing)
 .rodata.nrf_log_hexdump_entry_process.str1.1
                0x000000000000208c        0xf Output/Release/Obj/fatfs_pca10056/nrf_log_str_formatter.o
                                         0x11 (size before relaxing)
 .rodata.str1.1
                0x000000000000209b       0x4b Output/Release/Obj/fatfs_pca10056/nrf_log_str_formatter.o
                                         0x51 (size before relaxing)
 *fill*         0x00000000000020e6        0x2 
 .rodata.m_colors
                0x00000000000020e8       0x24 Output/Release/Obj/fatfs_pca10056/nrf_log_str_formatter.o
 .rodata.severity_names
                0x000000000000210c       0x14 Output/Release/Obj/fatfs_pca10056/nrf_log_str_formatter.o
 .rodata.app_error_fault_handler.str1.1
                0x0000000000002120       0x19 Output/Release/Obj/fatfs_pca10056/app_error_weak.o
 .rodata._aV2C.0
                0x0000000000002139       0x10 Output/Release/Obj/fatfs_pca10056/nrf_fprintf_format.o
 .rodata.str1.1
                0x0000000000002149        0x4 Output/Release/Obj/fatfs_pca10056/nrfx_prs.o
 .rodata.str1.1
                0x000000000000214d        0x5 Output/Release/Obj/fatfs_pca10056/nrfx_spim.o
 .rodata.str1.1
                0x0000000000002152        0x6 Output/Release/Obj/fatfs_pca10056/nrfx_uarte.o
 .rodata.str1.1
                0x0000000000002158        0x4 Output/Release/Obj/fatfs_pca10056/nrfx_pdm.o
 .rodata        0x000000000000215c        0xc Output/Release/Obj/fatfs_pca10056/main.o
 .rodata.CSWTCH.15
                0x0000000000002168        0x6 Output/Release/Obj/fatfs_pca10056/system_nrf52840.o
 .rodata.CSWTCH.6
                0x000000000000216e        0x6 Output/Release/Obj/fatfs_pca10056/system_nrf52840.o
 .rodata.libc.__RAL_find_locale.str1.4
                0x0000000000002174        0xa C:/Program Files/SEGGER/SEGGER Embedded Studio for ARM 5.62/lib/libc_v7em_fpv4_sp_d16_hard_t_le_eabi.a(libc2.o)
 *fill*         0x000000000000217e        0x2 
 .rodata.libc.__RAL_ascii_ctype_map
                0x0000000000002180       0x80 C:/Program Files/SEGGER/SEGGER Embedded Studio for ARM 5.62/lib/libc_v7em_fpv4_sp_d16_hard_t_le_eabi.a(libc2.o)
                0x0000000000002180                __RAL_ascii_ctype_map
 .rodata.libc.__RAL_ascii_ctype_mask
                0x0000000000002200        0xd C:/Program Files/SEGGER/SEGGER Embedded Studio for ARM 5.62/lib/libc_v7em_fpv4_sp_d16_hard_t_le_eabi.a(libc2.o)
 *fill*         0x000000000000220d        0x3 
 .rodata.libc.__RAL_c_locale
                0x0000000000002210        0xc C:/Program Files/SEGGER/SEGGER Embedded Studio for ARM 5.62/lib/libc_v7em_fpv4_sp_d16_hard_t_le_eabi.a(libc2.o)
                0x0000000000002210                __RAL_c_locale
 .rodata.libc.__RAL_c_locale_abbrev_day_names
                0x000000000000221c       0x1d C:/Program Files/SEGGER/SEGGER Embedded Studio for ARM 5.62/lib/libc_v7em_fpv4_sp_d16_hard_t_le_eabi.a(libc2.o)
                0x000000000000221c                __RAL_c_locale_abbrev_day_names
 *fill*         0x0000000000002239        0x3 
 .rodata.libc.__RAL_c_locale_abbrev_month_names
                0x000000000000223c       0x31 C:/Program Files/SEGGER/SEGGER Embedded Studio for ARM 5.62/lib/libc_v7em_fpv4_sp_d16_hard_t_le_eabi.a(libc2.o)
                0x000000000000223c                __RAL_c_locale_abbrev_month_names
 *fill*         0x000000000000226d        0x3 
 .rodata.libc.__RAL_c_locale_am_pm_indicator
                0x0000000000002270        0x7 C:/Program Files/SEGGER/SEGGER Embedded Studio for ARM 5.62/lib/libc_v7em_fpv4_sp_d16_hard_t_le_eabi.a(libc2.o)
                0x0000000000002270                __RAL_c_locale_am_pm_indicator
 *fill*         0x0000000000002277        0x1 
 .rodata.libc.__RAL_c_locale_data
                0x0000000000002278       0x58 C:/Program Files/SEGGER/SEGGER Embedded Studio for ARM 5.62/lib/libc_v7em_fpv4_sp_d16_hard_t_le_eabi.a(libc2.o)
                0x0000000000002278                __RAL_c_locale_data
 .rodata.libc.__RAL_c_locale_date_format
                0x00000000000022d0        0x9 C:/Program Files/SEGGER/SEGGER Embedded Studio for ARM 5.62/lib/libc_v7em_fpv4_sp_d16_hard_t_le_eabi.a(libc2.o)
                0x00000000000022d0                __RAL_c_locale_date_format
 *fill*         0x00000000000022d9        0x3 
 .rodata.libc.__RAL_c_locale_date_time_format
                0x00000000000022dc        0xf C:/Program Files/SEGGER/SEGGER Embedded Studio for ARM 5.62/lib/libc_v7em_fpv4_sp_d16_hard_t_le_eabi.a(libc2.o)
                0x00000000000022dc                __RAL_c_locale_date_time_format
 *fill*         0x00000000000022eb        0x1 
 .rodata.libc.__RAL_c_locale_day_names
                0x00000000000022ec       0x3a C:/Program Files/SEGGER/SEGGER Embedded Studio for ARM 5.62/lib/libc_v7em_fpv4_sp_d16_hard_t_le_eabi.a(libc2.o)
                0x00000000000022ec                __RAL_c_locale_day_names
 *fill*         0x0000000000002326        0x2 
 .rodata.libc.__RAL_c_locale_month_names
                0x0000000000002328       0x57 C:/Program Files/SEGGER/SEGGER Embedded Studio for ARM 5.62/lib/libc_v7em_fpv4_sp_d16_hard_t_le_eabi.a(libc2.o)
                0x0000000000002328                __RAL_c_locale_month_names
 *fill*         0x000000000000237f        0x1 
 .rodata.libc.__RAL_c_locale_time_format
                0x0000000000002380        0x9 C:/Program Files/SEGGER/SEGGER Embedded Studio for ARM 5.62/lib/libc_v7em_fpv4_sp_d16_hard_t_le_eabi.a(libc2.o)
                0x0000000000002380                __RAL_c_locale_time_format
 *fill*         0x0000000000002389        0x3 
 .rodata.libc.__RAL_codeset_ascii
                0x000000000000238c       0x20 C:/Program Files/SEGGER/SEGGER Embedded Studio for ARM 5.62/lib/libc_v7em_fpv4_sp_d16_hard_t_le_eabi.a(libc2.o)
                0x000000000000238c                __RAL_codeset_ascii
 .rodata.libc.__RAL_data_empty_string
                0x00000000000023ac        0x1 C:/Program Files/SEGGER/SEGGER Embedded Studio for ARM 5.62/lib/libc_v7em_fpv4_sp_d16_hard_t_le_eabi.a(libc2.o)
                0x00000000000023ac                __RAL_data_empty_string
 *fill*         0x00000000000023ad        0x3 
 .rodata.libc.__RAL_data_utf8_period
                0x00000000000023b0        0x2 C:/Program Files/SEGGER/SEGGER Embedded Studio for ARM 5.62/lib/libc_v7em_fpv4_sp_d16_hard_t_le_eabi.a(libc2.o)
                0x00000000000023b0                __RAL_data_utf8_period
                0x00000000000023b2                __rodata_end__ = (__rodata_start__ + SIZEOF (.rodata))
                0x00000000000003aa                __rodata_size__ = SIZEOF (.rodata)
                0x00000000000023b2                __rodata_load_end__ = __rodata_end__

.rel.dyn        0x00000000000023b4        0x0
 .rel.iplt      0x00000000000023b4        0x0 Output/Release/Obj/fatfs_pca10056/thumb_crt0.o
                0x0000000000000001                . = ASSERT (((__rodata_start__ == __rodata_end__) || ((__rodata_end__ - __FLASH_segment_start__) <= __FLASH_segment_size__)), error: .rodata is too large to fit in FLASH memory segment)
                0x00000000000023b4                __ARM.exidx_load_start__ = ALIGN (__rodata_end__, 0x4)

.ARM.exidx      0x00000000000023b4        0x0
                0x00000000000023b4                __ARM.exidx_start__ = .
                0x00000000000023b4                __exidx_start = __ARM.exidx_start__
 *(.ARM.exidx .ARM.exidx.*)
                0x00000000000023b4                __ARM.exidx_end__ = (__ARM.exidx_start__ + SIZEOF (.ARM.exidx))
                0x0000000000000000                __ARM.exidx_size__ = SIZEOF (.ARM.exidx)
                0x00000000000023b4                __exidx_end = __ARM.exidx_end__
                0x00000000000023b4                __ARM.exidx_load_end__ = __ARM.exidx_end__
                0x0000000000000001                . = ASSERT (((__ARM.exidx_start__ == __ARM.exidx_end__) || ((__ARM.exidx_end__ - __FLASH_segment_start__) <= __FLASH_segment_size__)), error: .ARM.exidx is too large to fit in FLASH memory segment)
                0x00000000000023b4                __fast_load_start__ = ALIGN (__ARM.exidx_end__, 0x4)

.fast           0x0000000020000000        0x0 load address 0x00000000000023b4
                0x0000000020000000                __fast_start__ = .
 *(.fast .fast.*)
                0x0000000020000000                __fast_end__ = (__fast_start__ + SIZEOF (.fast))
                0x0000000000000000                __fast_size__ = SIZEOF (.fast)
                0x00000000000023b4                __fast_load_end__ = (__fast_load_start__ + SIZEOF (.fast))
                0x0000000000000001                . = ASSERT (((__fast_load_start__ == __fast_load_end__) || ((__fast_load_end__ - __FLASH_segment_start__) <= __FLASH_segment_size__)), error: .fast is too large to fit in FLASH memory segment)

.fast_run       0x0000000020000000        0x0
                0x0000000020000000                __fast_run_start__ = .
                0x0000000020000000                __fast_run_end__ = (__fast_run_start__ + SIZEOF (.fast))
                0x0000000000000000                __fast_run_size__ = (__fast_run_end__ - __fast_run_start__)
                0x0000000020000000                __fast_run_load_end__ = __fast_run_end__
                0x0000000000000001                . = ASSERT (((__fast_run_start__ == __fast_run_end__) || ((__fast_run_end__ - __RAM_segment_start__) <= __RAM_segment_size__)), error: .fast_run is too large to fit in RAM memory segment)
                0x00000000000023b4                __data_load_start__ = ALIGN ((__fast_load_start__ + SIZEOF (.fast)), 0x4)

.data           0x0000000020000000       0x2c load address 0x00000000000023b4
                0x0000000020000000                __data_start__ = .
 *(.data .data.* .gnu.linkonce.d.*)
 .data.m_uart   0x0000000020000000        0xc Output/Release/Obj/fatfs_pca10056/nrf_log_backend_uart.o
                0x0000000020000000                m_uart
 .data.log_backend_cb_uart_log_backend
                0x000000002000000c        0x8 Output/Release/Obj/fatfs_pca10056/nrf_log_default_backends.o
 .data.SystemCoreClock
                0x0000000020000014        0x4 Output/Release/Obj/fatfs_pca10056/system_nrf52840.o
                0x0000000020000014                SystemCoreClock
 .data.libc.__RAL_global_locale
                0x0000000020000018       0x14 C:/Program Files/SEGGER/SEGGER Embedded Studio for ARM 5.62/lib/libc_v7em_fpv4_sp_d16_hard_t_le_eabi.a(libc2.o)
                0x0000000020000018                __RAL_global_locale
                0x000000002000002c                __data_end__ = (__data_start__ + SIZEOF (.data))
                0x000000000000002c                __data_size__ = SIZEOF (.data)
                0x00000000000023e0                __data_load_end__ = (__data_load_start__ + SIZEOF (.data))

.igot.plt       0x0000000100000000        0x0
 .igot.plt      0x0000000100000000        0x0 Output/Release/Obj/fatfs_pca10056/thumb_crt0.o
                0x0000000000000001                . = ASSERT (((__data_load_start__ == __data_load_end__) || ((__data_load_end__ - __FLASH_segment_start__) <= __FLASH_segment_size__)), error: .data is too large to fit in FLASH memory segment)

.data_run       0x0000000020000000        0x0
                0x0000000020000000                __data_run_start__ = .
                0x000000002000002c                __data_run_end__ = (__data_run_start__ + SIZEOF (.data))
                0x000000000000002c                __data_run_size__ = (__data_run_end__ - __data_run_start__)
                0x000000002000002c                __data_run_load_end__ = __data_run_end__
                0x0000000000000001                . = ASSERT (((__data_run_start__ == __data_run_end__) || ((__data_run_end__ - __RAM_segment_start__) <= __RAM_segment_size__)), error: .data_run is too large to fit in RAM memory segment)
                0x00000000000023e0                __tdata_load_start__ = ALIGN ((__data_load_start__ + SIZEOF (.data)), 0x4)

.tdata          0x000000002000002c        0x0 load address 0x00000000000023e0
                0x000000002000002c                __tdata_start__ = .
 *(.tdata .tdata.*)
                0x000000002000002c                __tdata_end__ = (__tdata_start__ + SIZEOF (.tdata))
                0x0000000000000000                __tdata_size__ = SIZEOF (.tdata)
                0x00000000000023e0                __tdata_load_end__ = (__tdata_load_start__ + SIZEOF (.tdata))
                0x00000000000023e0                __FLASH_segment_used_end__ = (ALIGN ((__data_load_start__ + SIZEOF (.data)), 0x4) + SIZEOF (.tdata))
                0x00000000000023e0                __FLASH_segment_used_size__ = (__FLASH_segment_used_end__ - __FLASH_segment_start__)
                0x0000000000000001                . = ASSERT (((__tdata_load_start__ == __tdata_load_end__) || ((__tdata_load_end__ - __FLASH_segment_start__) <= __FLASH_segment_size__)), error: .tdata is too large to fit in FLASH memory segment)

.tdata_run      0x000000002000002c        0x0
                0x000000002000002c                __tdata_run_start__ = .
                0x000000002000002c                __tdata_run_end__ = (__tdata_run_start__ + SIZEOF (.tdata))
                0x0000000000000000                __tdata_run_size__ = (__tdata_run_end__ - __tdata_run_start__)
                0x000000002000002c                __tdata_run_load_end__ = __tdata_run_end__
                0x0000000000000001                . = ASSERT (((__tdata_run_start__ == __tdata_run_end__) || ((__tdata_run_end__ - __RAM_segment_start__) <= __RAM_segment_size__)), error: .tdata_run is too large to fit in RAM memory segment)
                0x000000002000002c                __bss_load_start__ = ALIGN (__tdata_run_end__, 0x4)

.bss            0x000000002000002c     0x15b3
                0x000000002000002c                __bss_start__ = .
 *(.bss .bss.* .gnu.linkonce.b.*)
 .bss.m_async_mode
                0x000000002000002c        0x1 Output/Release/Obj/fatfs_pca10056/nrf_log_backend_uart.o
 .bss.m_string_buff
                0x000000002000002d       0x40 Output/Release/Obj/fatfs_pca10056/nrf_log_backend_uart.o
 .bss.m_xfer_done
                0x000000002000006d        0x1 Output/Release/Obj/fatfs_pca10056/nrf_log_backend_uart.o
 *fill*         0x000000002000006e        0x2 
 .bss.log_mempool_nrf_balloc_cb
                0x0000000020000070        0x8 Output/Release/Obj/fatfs_pca10056/nrf_log_frontend.o
 .bss.log_mempool_nrf_balloc_pool_mem
                0x0000000020000078       0xc0 Output/Release/Obj/fatfs_pca10056/nrf_log_frontend.o
 .bss.log_mempool_nrf_balloc_pool_stack
                0x0000000020000138        0x8 Output/Release/Obj/fatfs_pca10056/nrf_log_frontend.o
 .bss.m_log_data
                0x0000000020000140      0x420 Output/Release/Obj/fatfs_pca10056/nrf_log_frontend.o
 .bss.m_in_critical_region
                0x0000000020000560        0x4 Output/Release/Obj/fatfs_pca10056/app_util_platform.o
 .bss.m_contexts
                0x0000000020000564        0x8 Output/Release/Obj/fatfs_pca10056/nrf_drv_uart.o
 .bss.m_handlers
                0x000000002000056c        0x8 Output/Release/Obj/fatfs_pca10056/nrf_drv_uart.o
 .bss.m_prs_box_4
                0x0000000020000574        0x8 Output/Release/Obj/fatfs_pca10056/nrfx_prs.o
 .bss.m_cb      0x000000002000057c       0x24 Output/Release/Obj/fatfs_pca10056/nrfx_spim.o
 .bss.m_cb      0x00000000200005a0       0x24 Output/Release/Obj/fatfs_pca10056/nrfx_uarte.o
 .bss.m_cb      0x00000000200005c4       0x18 Output/Release/Obj/fatfs_pca10056/nrfx_pdm.o
 .bss.WriteFlag
                0x00000000200005dc        0x1 Output/Release/Obj/fatfs_pca10056/main.o
                0x00000000200005dc                WriteFlag
 *fill*         0x00000000200005dd        0x1 
 .bss.buff1     0x00000000200005de      0x800 Output/Release/Obj/fatfs_pca10056/main.o
                0x00000000200005de                buff1
 .bss.buff2     0x0000000020000dde      0x800 Output/Release/Obj/fatfs_pca10056/main.o
                0x0000000020000dde                buff2
 .bss.flag      0x00000000200015de        0x1 Output/Release/Obj/fatfs_pca10056/main.o
                0x00000000200015de                flag
 *(COMMON)
                0x00000000200015df                __bss_end__ = (__bss_start__ + SIZEOF (.bss))
                0x00000000000015b3                __bss_size__ = SIZEOF (.bss)
                0x00000000200015df                __bss_load_end__ = __bss_end__
                0x0000000000000001                . = ASSERT (((__bss_start__ == __bss_end__) || ((__bss_end__ - __RAM_segment_start__) <= __RAM_segment_size__)), error: .bss is too large to fit in RAM memory segment)
                0x00000000200015e0                __tbss_load_start__ = ALIGN (__bss_end__, 0x4)

.tbss           0x00000000200015e0        0x0
                0x00000000200015e0                __tbss_start__ = .
 *(.tbss .tbss.*)
                0x00000000200015e0                __tbss_end__ = (__tbss_start__ + SIZEOF (.tbss))
                0x0000000000000000                __tbss_size__ = SIZEOF (.tbss)
                0x00000000200015e0                __tbss_load_end__ = __tbss_end__
                0x0000000000000001                . = ASSERT (((__tbss_start__ == __tbss_end__) || ((__tbss_end__ - __RAM_segment_start__) <= __RAM_segment_size__)), error: .tbss is too large to fit in RAM memory segment)
                0x00000000200015e0                __non_init_load_start__ = ALIGN (__tbss_end__, 0x4)

.non_init       0x00000000200015e0        0x0
                0x00000000200015e0                __non_init_start__ = .
 *(.non_init .non_init.*)
                0x00000000200015e0                __non_init_end__ = (__non_init_start__ + SIZEOF (.non_init))
                0x0000000000000000                __non_init_size__ = SIZEOF (.non_init)
                0x00000000200015e0                __non_init_load_end__ = __non_init_end__
                0x0000000000000001                . = ASSERT (((__non_init_start__ == __non_init_end__) || ((__non_init_end__ - __RAM_segment_start__) <= __RAM_segment_size__)), error: .non_init is too large to fit in RAM memory segment)
                0x00000000200015e0                __heap_load_start__ = ALIGN (__non_init_end__, 0x4)

.heap           0x00000000200015e0     0x2000
                0x00000000200015e0                __heap_start__ = .
 *(.heap .heap.*)
                0x00000000200035e0                . = ALIGN (MAX ((__heap_start__ + __HEAPSIZE__), .), 0x4)
 *fill*         0x00000000200015e0     0x2000 
                0x00000000200035e0                __heap_end__ = (__heap_start__ + SIZEOF (.heap))
                0x0000000000002000                __heap_size__ = SIZEOF (.heap)
                0x00000000200035e0                __heap_load_end__ = __heap_end__
                0x0000000000000001                . = ASSERT (((__heap_start__ == __heap_end__) || ((__heap_end__ - __RAM_segment_start__) <= __RAM_segment_size__)), error: .heap is too large to fit in RAM memory segment)
                0x000000002003e000                __stack_load_start__ = (__RAM_segment_start__ + (__RAM_segment_size__ - 0x2000))

.stack          0x000000002003e000     0x2000
                0x000000002003e000                __stack_start__ = .
                0x000000002003e000                __StackLimit = __stack_start__
 *(.stack .stack.*)
                0x0000000020040000                . = ALIGN (MAX ((__stack_start__ + __STACKSIZE__), .), 0x8)
 *fill*         0x000000002003e000     0x2000 
                0x0000000020040000                __stack_end__ = (__stack_start__ + SIZEOF (.stack))
                0x0000000000002000                __stack_size__ = SIZEOF (.stack)
                0x0000000020040000                __StackTop = __stack_end__
                0x0000000020040000                __stack_load_end__ = __stack_end__
                0x0000000000000001                . = ASSERT (((__stack_start__ == __stack_end__) || ((__stack_end__ - __RAM_segment_start__) <= __RAM_segment_size__)), error: .stack is too large to fit in RAM memory segment)
                0x0000000000000001                . = ASSERT ((__heap_end__ <= __stack_start__), error: section .heap overlaps absolute placed section .stack)
                0x0000000020040000                __stack_process_load_start__ = ALIGN (__stack_end__, 0x8)

.stack_process  0x0000000020040000        0x0
                0x0000000020040000                __stack_process_start__ = .
 *(.stack_process .stack_process.*)
                0x0000000020040000                . = ALIGN (MAX ((__stack_process_start__ + __STACKSIZE_PROCESS__), .), 0x8)
                0x0000000020040000                __stack_process_end__ = (__stack_process_start__ + SIZEOF (.stack_process))
                0x0000000000000000                __stack_process_size__ = SIZEOF (.stack_process)
                0x0000000020040000                __stack_process_load_end__ = __stack_process_end__
                0x0000000020040000                __RAM_segment_used_end__ = (ALIGN (__stack_end__, 0x8) + SIZEOF (.stack_process))
                0x0000000000040000                __RAM_segment_used_size__ = (__RAM_segment_used_end__ - __RAM_segment_start__)
                0x0000000000000001                . = ASSERT (((__stack_process_start__ == __stack_process_end__) || ((__stack_process_end__ - __RAM_segment_start__) <= __RAM_segment_size__)), error: .stack_process is too large to fit in RAM memory segment)
START GROUP
LOAD Output/Release/Obj/fatfs_pca10056/thumb_crt0.o
LOAD Output/Release/Obj/fatfs_pca10056/nrf_log_backend_rtt.o
LOAD Output/Release/Obj/fatfs_pca10056/nrf_log_backend_serial.o
LOAD Output/Release/Obj/fatfs_pca10056/nrf_log_backend_uart.o
LOAD Output/Release/Obj/fatfs_pca10056/nrf_log_default_backends.o
LOAD Output/Release/Obj/fatfs_pca10056/nrf_log_frontend.o
LOAD Output/Release/Obj/fatfs_pca10056/nrf_log_str_formatter.o
LOAD Output/Release/Obj/fatfs_pca10056/boards.o
LOAD Output/Release/Obj/fatfs_pca10056/app_error.o
LOAD Output/Release/Obj/fatfs_pca10056/app_error_handler_gcc.o
LOAD Output/Release/Obj/fatfs_pca10056/app_error_weak.o
LOAD Output/Release/Obj/fatfs_pca10056/app_fifo.o
LOAD Output/Release/Obj/fatfs_pca10056/app_sdcard.o
LOAD Output/Release/Obj/fatfs_pca10056/app_uart_fifo.o
LOAD Output/Release/Obj/fatfs_pca10056/app_util_platform.o
LOAD Output/Release/Obj/fatfs_pca10056/nrf_assert.o
LOAD Output/Release/Obj/fatfs_pca10056/nrf_atomic.o
LOAD Output/Release/Obj/fatfs_pca10056/nrf_balloc.o
LOAD Output/Release/Obj/fatfs_pca10056/nrf_block_dev_sdc.o
LOAD Output/Release/Obj/fatfs_pca10056/nrf_fprintf.o
LOAD Output/Release/Obj/fatfs_pca10056/nrf_fprintf_format.o
LOAD Output/Release/Obj/fatfs_pca10056/nrf_memobj.o
LOAD Output/Release/Obj/fatfs_pca10056/nrf_ringbuf.o
LOAD Output/Release/Obj/fatfs_pca10056/nrf_strerror.o
LOAD Output/Release/Obj/fatfs_pca10056/nrf_drv_spi.o
LOAD Output/Release/Obj/fatfs_pca10056/nrf_drv_uart.o
LOAD Output/Release/Obj/fatfs_pca10056/nrfx_atomic.o
LOAD Output/Release/Obj/fatfs_pca10056/nrfx_prs.o
LOAD Output/Release/Obj/fatfs_pca10056/nrfx_spi.o
LOAD Output/Release/Obj/fatfs_pca10056/nrfx_spim.o
LOAD Output/Release/Obj/fatfs_pca10056/nrfx_uart.o
LOAD Output/Release/Obj/fatfs_pca10056/nrfx_uarte.o
LOAD Output/Release/Obj/fatfs_pca10056/nrfx_pdm.o
LOAD Output/Release/Obj/fatfs_pca10056/main.o
LOAD Output/Release/Obj/fatfs_pca10056/SEGGER_RTT.o
LOAD Output/Release/Obj/fatfs_pca10056/SEGGER_RTT_Syscalls_SES.o
LOAD Output/Release/Obj/fatfs_pca10056/SEGGER_RTT_printf.o
LOAD Output/Release/Obj/fatfs_pca10056/diskio_blkdev.o
LOAD Output/Release/Obj/fatfs_pca10056/ff.o
LOAD Output/Release/Obj/fatfs_pca10056/ses_startup_nrf52840.o
LOAD Output/Release/Obj/fatfs_pca10056/ses_startup_nrf_common.o
LOAD Output/Release/Obj/fatfs_pca10056/system_nrf52840.o
LOAD C:/Program Files/SEGGER/SEGGER Embedded Studio for ARM 5.62/lib/libm_v7em_fpv4_sp_d16_hard_t_le_eabi.a
LOAD C:/Program Files/SEGGER/SEGGER Embedded Studio for ARM 5.62/lib/libc_v7em_fpv4_sp_d16_hard_t_le_eabi.a
LOAD C:/Program Files/SEGGER/SEGGER Embedded Studio for ARM 5.62/lib/libdebugio_v7em_fpv4_sp_d16_hard_t_le_eabi.a
END GROUP
OUTPUT(Output/Release/Exe/fatfs_pca10056.elf elf32-littlearm)
LOAD linker stubs

.ARM.attributes
                0x0000000000000000       0x30
 .ARM.attributes
                0x0000000000000000       0x20 Output/Release/Obj/fatfs_pca10056/thumb_crt0.o
 .ARM.attributes
                0x0000000000000020       0x39 Output/Release/Obj/fatfs_pca10056/nrf_log_backend_serial.o
 .ARM.attributes
                0x0000000000000059       0x39 Output/Release/Obj/fatfs_pca10056/nrf_log_backend_uart.o
 .ARM.attributes
                0x0000000000000092       0x39 Output/Release/Obj/fatfs_pca10056/nrf_log_default_backends.o
 .ARM.attributes
                0x00000000000000cb       0x39 Output/Release/Obj/fatfs_pca10056/nrf_log_frontend.o
 .ARM.attributes
                0x0000000000000104       0x39 Output/Release/Obj/fatfs_pca10056/nrf_log_str_formatter.o
 .ARM.attributes
                0x000000000000013d       0x39 Output/Release/Obj/fatfs_pca10056/app_error.o
 .ARM.attributes
                0x0000000000000176       0x39 Output/Release/Obj/fatfs_pca10056/app_error_weak.o
 .ARM.attributes
                0x00000000000001af       0x39 Output/Release/Obj/fatfs_pca10056/app_util_platform.o
 .ARM.attributes
                0x00000000000001e8       0x39 Output/Release/Obj/fatfs_pca10056/nrf_atomic.o
 .ARM.attributes
                0x0000000000000221       0x39 Output/Release/Obj/fatfs_pca10056/nrf_balloc.o
 .ARM.attributes
                0x000000000000025a       0x39 Output/Release/Obj/fatfs_pca10056/nrf_fprintf.o
 .ARM.attributes
                0x0000000000000293       0x39 Output/Release/Obj/fatfs_pca10056/nrf_fprintf_format.o
 .ARM.attributes
                0x00000000000002cc       0x39 Output/Release/Obj/fatfs_pca10056/nrf_memobj.o
 .ARM.attributes
                0x0000000000000305       0x39 Output/Release/Obj/fatfs_pca10056/nrf_drv_uart.o
 .ARM.attributes
                0x000000000000033e       0x39 Output/Release/Obj/fatfs_pca10056/nrfx_prs.o
 .ARM.attributes
                0x0000000000000377       0x39 Output/Release/Obj/fatfs_pca10056/nrfx_spim.o
 .ARM.attributes
                0x00000000000003b0       0x39 Output/Release/Obj/fatfs_pca10056/nrfx_uarte.o
 .ARM.attributes
                0x00000000000003e9       0x39 Output/Release/Obj/fatfs_pca10056/nrfx_pdm.o
 .ARM.attributes
                0x0000000000000422       0x39 Output/Release/Obj/fatfs_pca10056/main.o
 .ARM.attributes
                0x000000000000045b       0x20 Output/Release/Obj/fatfs_pca10056/ses_startup_nrf52840.o
 .ARM.attributes
                0x000000000000047b       0x20 Output/Release/Obj/fatfs_pca10056/ses_startup_nrf_common.o
 .ARM.attributes
                0x000000000000049b       0x39 Output/Release/Obj/fatfs_pca10056/system_nrf52840.o
 .ARM.attributes
                0x00000000000004d4       0x34 C:/Program Files/SEGGER/SEGGER Embedded Studio for ARM 5.62/lib/libc_v7em_fpv4_sp_d16_hard_t_le_eabi.a(libc2.o)
 .ARM.attributes
                0x0000000000000508       0x20 C:/Program Files/SEGGER/SEGGER Embedded Studio for ARM 5.62/lib/libc_v7em_fpv4_sp_d16_hard_t_le_eabi.a(libc2_asm.o)

.comment        0x0000000000000000       0x3f
 .comment       0x0000000000000000       0x3f Output/Release/Obj/fatfs_pca10056/nrf_log_backend_serial.o
                                         0x40 (size before relaxing)
 .comment       0x000000000000003f       0x40 Output/Release/Obj/fatfs_pca10056/nrf_log_backend_uart.o
 .comment       0x000000000000003f       0x40 Output/Release/Obj/fatfs_pca10056/nrf_log_default_backends.o
 .comment       0x000000000000003f       0x40 Output/Release/Obj/fatfs_pca10056/nrf_log_frontend.o
 .comment       0x000000000000003f       0x40 Output/Release/Obj/fatfs_pca10056/nrf_log_str_formatter.o
 .comment       0x000000000000003f       0x40 Output/Release/Obj/fatfs_pca10056/app_error.o
 .comment       0x000000000000003f       0x40 Output/Release/Obj/fatfs_pca10056/app_error_weak.o
 .comment       0x000000000000003f       0x40 Output/Release/Obj/fatfs_pca10056/app_util_platform.o
 .comment       0x000000000000003f       0x40 Output/Release/Obj/fatfs_pca10056/nrf_atomic.o
 .comment       0x000000000000003f       0x40 Output/Release/Obj/fatfs_pca10056/nrf_balloc.o
 .comment       0x000000000000003f       0x40 Output/Release/Obj/fatfs_pca10056/nrf_fprintf.o
 .comment       0x000000000000003f       0x40 Output/Release/Obj/fatfs_pca10056/nrf_fprintf_format.o
 .comment       0x000000000000003f       0x40 Output/Release/Obj/fatfs_pca10056/nrf_memobj.o
 .comment       0x000000000000003f       0x40 Output/Release/Obj/fatfs_pca10056/nrf_drv_uart.o
 .comment       0x000000000000003f       0x40 Output/Release/Obj/fatfs_pca10056/nrfx_prs.o
 .comment       0x000000000000003f       0x40 Output/Release/Obj/fatfs_pca10056/nrfx_spim.o
 .comment       0x000000000000003f       0x40 Output/Release/Obj/fatfs_pca10056/nrfx_uarte.o
 .comment       0x000000000000003f       0x40 Output/Release/Obj/fatfs_pca10056/nrfx_pdm.o
 .comment       0x000000000000003f       0x40 Output/Release/Obj/fatfs_pca10056/main.o
 .comment       0x000000000000003f       0x40 Output/Release/Obj/fatfs_pca10056/system_nrf52840.o
 .comment       0x000000000000003f       0x40 C:/Program Files/SEGGER/SEGGER Embedded Studio for ARM 5.62/lib/libc_v7em_fpv4_sp_d16_hard_t_le_eabi.a(libc2.o)

.debug_line     0x0000000000000000     0xbaeb
 .debug_line    0x0000000000000000      0x21e Output/Release/Obj/fatfs_pca10056/thumb_crt0.o
 .debug_line    0x000000000000021e      0x6e6 Output/Release/Obj/fatfs_pca10056/nrf_log_backend_serial.o
 .debug_line    0x0000000000000904      0x926 Output/Release/Obj/fatfs_pca10056/nrf_log_backend_uart.o
 .debug_line    0x000000000000122a      0x5de Output/Release/Obj/fatfs_pca10056/nrf_log_default_backends.o
 .debug_line    0x0000000000001808     0x1283 Output/Release/Obj/fatfs_pca10056/nrf_log_frontend.o
 .debug_line    0x0000000000002a8b      0x7ed Output/Release/Obj/fatfs_pca10056/nrf_log_str_formatter.o
 .debug_line    0x0000000000003278      0x3da Output/Release/Obj/fatfs_pca10056/app_error.o
 .debug_line    0x0000000000003652      0x711 Output/Release/Obj/fatfs_pca10056/app_error_weak.o
 .debug_line    0x0000000000003d63      0x468 Output/Release/Obj/fatfs_pca10056/app_util_platform.o
 .debug_line    0x00000000000041cb      0x6be Output/Release/Obj/fatfs_pca10056/nrf_atomic.o
 .debug_line    0x0000000000004889      0x6cf Output/Release/Obj/fatfs_pca10056/nrf_balloc.o
 .debug_line    0x0000000000004f58      0x3fa Output/Release/Obj/fatfs_pca10056/nrf_fprintf.o
 .debug_line    0x0000000000005352      0x866 Output/Release/Obj/fatfs_pca10056/nrf_fprintf_format.o
 .debug_line    0x0000000000005bb8      0x825 Output/Release/Obj/fatfs_pca10056/nrf_memobj.o
 .debug_line    0x00000000000063dd      0x630 Output/Release/Obj/fatfs_pca10056/nrf_drv_uart.o
 .debug_line    0x0000000000006a0d      0x755 Output/Release/Obj/fatfs_pca10056/nrfx_prs.o
 .debug_line    0x0000000000007162     0x125f Output/Release/Obj/fatfs_pca10056/nrfx_spim.o
 .debug_line    0x00000000000083c1     0x17a8 Output/Release/Obj/fatfs_pca10056/nrfx_uarte.o
 .debug_line    0x0000000000009b69      0xe80 Output/Release/Obj/fatfs_pca10056/nrfx_pdm.o
 .debug_line    0x000000000000a9e9      0x8fa Output/Release/Obj/fatfs_pca10056/main.o
 .debug_line    0x000000000000b2e3       0xaf Output/Release/Obj/fatfs_pca10056/ses_startup_nrf52840.o
 .debug_line    0x000000000000b392       0xce Output/Release/Obj/fatfs_pca10056/ses_startup_nrf_common.o
 .debug_line    0x000000000000b460      0x68b Output/Release/Obj/fatfs_pca10056/system_nrf52840.o

.debug_info     0x0000000000000000    0x114c6
 .debug_info    0x0000000000000000       0x22 Output/Release/Obj/fatfs_pca10056/thumb_crt0.o
 .debug_info    0x0000000000000022      0x77b Output/Release/Obj/fatfs_pca10056/nrf_log_backend_serial.o
 .debug_info    0x000000000000079d      0xde5 Output/Release/Obj/fatfs_pca10056/nrf_log_backend_uart.o
 .debug_info    0x0000000000001582      0x2df Output/Release/Obj/fatfs_pca10056/nrf_log_default_backends.o
 .debug_info    0x0000000000001861     0x2374 Output/Release/Obj/fatfs_pca10056/nrf_log_frontend.o
 .debug_info    0x0000000000003bd5      0x7a5 Output/Release/Obj/fatfs_pca10056/nrf_log_str_formatter.o
 .debug_info    0x000000000000437a      0x2a4 Output/Release/Obj/fatfs_pca10056/app_error.o
 .debug_info    0x000000000000461e      0x4a1 Output/Release/Obj/fatfs_pca10056/app_error_weak.o
 .debug_info    0x0000000000004abf      0x7a9 Output/Release/Obj/fatfs_pca10056/app_util_platform.o
 .debug_info    0x0000000000005268      0x933 Output/Release/Obj/fatfs_pca10056/nrf_atomic.o
 .debug_info    0x0000000000005b9b      0x3a6 Output/Release/Obj/fatfs_pca10056/nrf_balloc.o
 .debug_info    0x0000000000005f41      0x233 Output/Release/Obj/fatfs_pca10056/nrf_fprintf.o
 .debug_info    0x0000000000006174      0x72d Output/Release/Obj/fatfs_pca10056/nrf_fprintf_format.o
 .debug_info    0x00000000000068a1      0x8bb Output/Release/Obj/fatfs_pca10056/nrf_memobj.o
 .debug_info    0x000000000000715c      0xb5d Output/Release/Obj/fatfs_pca10056/nrf_drv_uart.o
 .debug_info    0x0000000000007cb9      0x7c9 Output/Release/Obj/fatfs_pca10056/nrfx_prs.o
 .debug_info    0x0000000000008482     0x27b1 Output/Release/Obj/fatfs_pca10056/nrfx_spim.o
 .debug_info    0x000000000000ac33     0x3330 Output/Release/Obj/fatfs_pca10056/nrfx_uarte.o
 .debug_info    0x000000000000df63     0x19ca Output/Release/Obj/fatfs_pca10056/nrfx_pdm.o
 .debug_info    0x000000000000f92d      0x3ff Output/Release/Obj/fatfs_pca10056/main.o
 .debug_info    0x000000000000fd2c       0x23 Output/Release/Obj/fatfs_pca10056/ses_startup_nrf52840.o
 .debug_info    0x000000000000fd4f       0x23 Output/Release/Obj/fatfs_pca10056/ses_startup_nrf_common.o
 .debug_info    0x000000000000fd72     0x1754 Output/Release/Obj/fatfs_pca10056/system_nrf52840.o

.debug_abbrev   0x0000000000000000     0x3616
 .debug_abbrev  0x0000000000000000       0x12 Output/Release/Obj/fatfs_pca10056/thumb_crt0.o
 .debug_abbrev  0x0000000000000012      0x214 Output/Release/Obj/fatfs_pca10056/nrf_log_backend_serial.o
 .debug_abbrev  0x0000000000000226      0x3b7 Output/Release/Obj/fatfs_pca10056/nrf_log_backend_uart.o
 .debug_abbrev  0x00000000000005dd      0x193 Output/Release/Obj/fatfs_pca10056/nrf_log_default_backends.o
 .debug_abbrev  0x0000000000000770      0x601 Output/Release/Obj/fatfs_pca10056/nrf_log_frontend.o
 .debug_abbrev  0x0000000000000d71      0x1f2 Output/Release/Obj/fatfs_pca10056/nrf_log_str_formatter.o
 .debug_abbrev  0x0000000000000f63      0x13e Output/Release/Obj/fatfs_pca10056/app_error.o
 .debug_abbrev  0x00000000000010a1      0x21b Output/Release/Obj/fatfs_pca10056/app_error_weak.o
 .debug_abbrev  0x00000000000012bc      0x23c Output/Release/Obj/fatfs_pca10056/app_util_platform.o
 .debug_abbrev  0x00000000000014f8      0x199 Output/Release/Obj/fatfs_pca10056/nrf_atomic.o
 .debug_abbrev  0x0000000000001691      0x1fc Output/Release/Obj/fatfs_pca10056/nrf_balloc.o
 .debug_abbrev  0x000000000000188d      0x146 Output/Release/Obj/fatfs_pca10056/nrf_fprintf.o
 .debug_abbrev  0x00000000000019d3      0x2e2 Output/Release/Obj/fatfs_pca10056/nrf_fprintf_format.o
 .debug_abbrev  0x0000000000001cb5      0x1ff Output/Release/Obj/fatfs_pca10056/nrf_memobj.o
 .debug_abbrev  0x0000000000001eb4      0x20a Output/Release/Obj/fatfs_pca10056/nrf_drv_uart.o
 .debug_abbrev  0x00000000000020be      0x294 Output/Release/Obj/fatfs_pca10056/nrfx_prs.o
 .debug_abbrev  0x0000000000002352      0x46e Output/Release/Obj/fatfs_pca10056/nrfx_spim.o
 .debug_abbrev  0x00000000000027c0      0x4e7 Output/Release/Obj/fatfs_pca10056/nrfx_uarte.o
 .debug_abbrev  0x0000000000002ca7      0x475 Output/Release/Obj/fatfs_pca10056/nrfx_pdm.o
 .debug_abbrev  0x000000000000311c      0x1bf Output/Release/Obj/fatfs_pca10056/main.o
 .debug_abbrev  0x00000000000032db       0x14 Output/Release/Obj/fatfs_pca10056/ses_startup_nrf52840.o
 .debug_abbrev  0x00000000000032ef       0x14 Output/Release/Obj/fatfs_pca10056/ses_startup_nrf_common.o
 .debug_abbrev  0x0000000000003303      0x313 Output/Release/Obj/fatfs_pca10056/system_nrf52840.o

.debug_aranges  0x0000000000000000      0x690
 .debug_aranges
                0x0000000000000000       0x98 Output/Release/Obj/fatfs_pca10056/thumb_crt0.o
 .debug_aranges
                0x0000000000000098       0x20 Output/Release/Obj/fatfs_pca10056/nrf_log_backend_serial.o
 .debug_aranges
                0x00000000000000b8       0x50 Output/Release/Obj/fatfs_pca10056/nrf_log_backend_uart.o
 .debug_aranges
                0x0000000000000108       0x20 Output/Release/Obj/fatfs_pca10056/nrf_log_default_backends.o
 .debug_aranges
                0x0000000000000128       0xd0 Output/Release/Obj/fatfs_pca10056/nrf_log_frontend.o
 .debug_aranges
                0x00000000000001f8       0x40 Output/Release/Obj/fatfs_pca10056/nrf_log_str_formatter.o
 .debug_aranges
                0x0000000000000238       0x28 Output/Release/Obj/fatfs_pca10056/app_error.o
 .debug_aranges
                0x0000000000000260       0x20 Output/Release/Obj/fatfs_pca10056/app_error_weak.o
 .debug_aranges
                0x0000000000000280       0x48 Output/Release/Obj/fatfs_pca10056/app_util_platform.o
 .debug_aranges
                0x00000000000002c8       0xb0 Output/Release/Obj/fatfs_pca10056/nrf_atomic.o
 .debug_aranges
                0x0000000000000378       0x30 Output/Release/Obj/fatfs_pca10056/nrf_balloc.o
 .debug_aranges
                0x00000000000003a8       0x28 Output/Release/Obj/fatfs_pca10056/nrf_fprintf.o
 .debug_aranges
                0x00000000000003d0       0x30 Output/Release/Obj/fatfs_pca10056/nrf_fprintf_format.o
 .debug_aranges
                0x0000000000000400       0x58 Output/Release/Obj/fatfs_pca10056/nrf_memobj.o
 .debug_aranges
                0x0000000000000458       0x28 Output/Release/Obj/fatfs_pca10056/nrf_drv_uart.o
 .debug_aranges
                0x0000000000000480       0x30 Output/Release/Obj/fatfs_pca10056/nrfx_prs.o
 .debug_aranges
                0x00000000000004b0       0x60 Output/Release/Obj/fatfs_pca10056/nrfx_spim.o
 .debug_aranges
                0x0000000000000510       0x80 Output/Release/Obj/fatfs_pca10056/nrfx_uarte.o
 .debug_aranges
                0x0000000000000590       0x50 Output/Release/Obj/fatfs_pca10056/nrfx_pdm.o
 .debug_aranges
                0x00000000000005e0       0x28 Output/Release/Obj/fatfs_pca10056/main.o
 .debug_aranges
                0x0000000000000608       0x20 Output/Release/Obj/fatfs_pca10056/ses_startup_nrf52840.o
 .debug_aranges
                0x0000000000000628       0x20 Output/Release/Obj/fatfs_pca10056/ses_startup_nrf_common.o
 .debug_aranges
                0x0000000000000648       0x48 Output/Release/Obj/fatfs_pca10056/system_nrf52840.o

.debug_str      0x0000000000000000    0x974f8
 .debug_str     0x0000000000000000       0xd8 Output/Release/Obj/fatfs_pca10056/thumb_crt0.o
 .debug_str     0x00000000000000d8    0x8339e Output/Release/Obj/fatfs_pca10056/nrf_log_backend_serial.o
                                      0x8460c (size before relaxing)
 .debug_str     0x0000000000083476     0x4694 Output/Release/Obj/fatfs_pca10056/nrf_log_backend_uart.o
                                      0x888dc (size before relaxing)
 .debug_str     0x0000000000087b0a      0x153 Output/Release/Obj/fatfs_pca10056/nrf_log_default_backends.o
                                      0x843af (size before relaxing)
 .debug_str     0x0000000000087c5d     0x14dd Output/Release/Obj/fatfs_pca10056/nrf_log_frontend.o
                                      0x859b1 (size before relaxing)
 .debug_str     0x000000000008913a      0x309 Output/Release/Obj/fatfs_pca10056/nrf_log_str_formatter.o
                                      0x846bc (size before relaxing)
 .debug_str     0x0000000000089443      0x158 Output/Release/Obj/fatfs_pca10056/app_error.o
                                      0x76496 (size before relaxing)
 .debug_str     0x000000000008959b       0xf9 Output/Release/Obj/fatfs_pca10056/app_error_weak.o
                                      0x84a7d (size before relaxing)
 .debug_str     0x0000000000089694      0x422 Output/Release/Obj/fatfs_pca10056/app_util_platform.o
                                      0x76cf0 (size before relaxing)
 .debug_str     0x0000000000089ab6      0x6f6 Output/Release/Obj/fatfs_pca10056/nrf_atomic.o
                                      0x80cde (size before relaxing)
 .debug_str     0x000000000008a1ac      0x176 Output/Release/Obj/fatfs_pca10056/nrf_balloc.o
                                      0x8443c (size before relaxing)
 .debug_str     0x000000000008a322      0x139 Output/Release/Obj/fatfs_pca10056/nrf_fprintf.o
                                      0x8086f (size before relaxing)
 .debug_str     0x000000000008a45b      0x548 Output/Release/Obj/fatfs_pca10056/nrf_fprintf_format.o
                                      0x80d69 (size before relaxing)
 .debug_str     0x000000000008a9a3      0x1e3 Output/Release/Obj/fatfs_pca10056/nrf_memobj.o
                                      0x827b8 (size before relaxing)
 .debug_str     0x000000000008ab86      0x1ba Output/Release/Obj/fatfs_pca10056/nrf_drv_uart.o
                                      0x85078 (size before relaxing)
 .debug_str     0x000000000008ad40      0x659 Output/Release/Obj/fatfs_pca10056/nrfx_prs.o
                                      0x87250 (size before relaxing)
 .debug_str     0x000000000008b399     0x14f8 Output/Release/Obj/fatfs_pca10056/nrfx_spim.o
                                      0x88820 (size before relaxing)
 .debug_str     0x000000000008c891      0xa37 Output/Release/Obj/fatfs_pca10056/nrfx_uarte.o
                                      0x888ef (size before relaxing)
 .debug_str     0x000000000008d2c8      0x8d7 Output/Release/Obj/fatfs_pca10056/nrfx_pdm.o
                                      0x87e28 (size before relaxing)
 .debug_str     0x000000000008db9f     0x137f Output/Release/Obj/fatfs_pca10056/main.o
                                      0x89417 (size before relaxing)
 .debug_str     0x000000000008ef1e       0x71 Output/Release/Obj/fatfs_pca10056/ses_startup_nrf52840.o
                                         0xf9 (size before relaxing)
 .debug_str     0x000000000008ef8f       0x73 Output/Release/Obj/fatfs_pca10056/ses_startup_nrf_common.o
                                         0xfb (size before relaxing)
 .debug_str     0x000000000008f002     0x84f6 Output/Release/Obj/fatfs_pca10056/system_nrf52840.o
                                      0x7e007 (size before relaxing)

.debug_ranges   0x0000000000000000     0x11b0
 .debug_ranges  0x0000000000000000       0x90 Output/Release/Obj/fatfs_pca10056/thumb_crt0.o
 .debug_ranges  0x0000000000000090       0x28 Output/Release/Obj/fatfs_pca10056/nrf_log_backend_serial.o
 .debug_ranges  0x00000000000000b8       0x78 Output/Release/Obj/fatfs_pca10056/nrf_log_backend_uart.o
 .debug_ranges  0x0000000000000130       0x10 Output/Release/Obj/fatfs_pca10056/nrf_log_default_backends.o
 .debug_ranges  0x0000000000000140      0x300 Output/Release/Obj/fatfs_pca10056/nrf_log_frontend.o
 .debug_ranges  0x0000000000000440       0x50 Output/Release/Obj/fatfs_pca10056/nrf_log_str_formatter.o
 .debug_ranges  0x0000000000000490       0x18 Output/Release/Obj/fatfs_pca10056/app_error.o
 .debug_ranges  0x00000000000004a8       0x28 Output/Release/Obj/fatfs_pca10056/app_error_weak.o
 .debug_ranges  0x00000000000004d0       0x38 Output/Release/Obj/fatfs_pca10056/app_util_platform.o
 .debug_ranges  0x0000000000000508      0x208 Output/Release/Obj/fatfs_pca10056/nrf_atomic.o
 .debug_ranges  0x0000000000000710       0x20 Output/Release/Obj/fatfs_pca10056/nrf_balloc.o
 .debug_ranges  0x0000000000000730       0x18 Output/Release/Obj/fatfs_pca10056/nrf_fprintf.o
 .debug_ranges  0x0000000000000748       0x60 Output/Release/Obj/fatfs_pca10056/nrf_fprintf_format.o
 .debug_ranges  0x00000000000007a8       0x48 Output/Release/Obj/fatfs_pca10056/nrf_memobj.o
 .debug_ranges  0x00000000000007f0       0x18 Output/Release/Obj/fatfs_pca10056/nrf_drv_uart.o
 .debug_ranges  0x0000000000000808       0x40 Output/Release/Obj/fatfs_pca10056/nrfx_prs.o
 .debug_ranges  0x0000000000000848      0x2c8 Output/Release/Obj/fatfs_pca10056/nrfx_spim.o
 .debug_ranges  0x0000000000000b10      0x3f0 Output/Release/Obj/fatfs_pca10056/nrfx_uarte.o
 .debug_ranges  0x0000000000000f00      0x1f8 Output/Release/Obj/fatfs_pca10056/nrfx_pdm.o
 .debug_ranges  0x00000000000010f8       0x60 Output/Release/Obj/fatfs_pca10056/main.o
 .debug_ranges  0x0000000000001158       0x58 Output/Release/Obj/fatfs_pca10056/system_nrf52840.o

.debug_frame    0x0000000000000000      0xfe8
 .debug_frame   0x0000000000000000       0x48 Output/Release/Obj/fatfs_pca10056/nrf_log_backend_serial.o
 .debug_frame   0x0000000000000048       0xcc Output/Release/Obj/fatfs_pca10056/nrf_log_backend_uart.o
 .debug_frame   0x0000000000000114       0x2c Output/Release/Obj/fatfs_pca10056/nrf_log_default_backends.o
 .debug_frame   0x0000000000000140      0x2f4 Output/Release/Obj/fatfs_pca10056/nrf_log_frontend.o
 .debug_frame   0x0000000000000434      0x114 Output/Release/Obj/fatfs_pca10056/nrf_log_str_formatter.o
 .debug_frame   0x0000000000000548       0x58 Output/Release/Obj/fatfs_pca10056/app_error.o
 .debug_frame   0x00000000000005a0       0x30 Output/Release/Obj/fatfs_pca10056/app_error_weak.o
 .debug_frame   0x00000000000005d0       0x70 Output/Release/Obj/fatfs_pca10056/app_util_platform.o
 .debug_frame   0x0000000000000640      0x1f8 Output/Release/Obj/fatfs_pca10056/nrf_atomic.o
 .debug_frame   0x0000000000000838       0x78 Output/Release/Obj/fatfs_pca10056/nrf_balloc.o
 .debug_frame   0x00000000000008b0       0x6c Output/Release/Obj/fatfs_pca10056/nrf_fprintf.o
 .debug_frame   0x000000000000091c       0xc0 Output/Release/Obj/fatfs_pca10056/nrf_fprintf_format.o
 .debug_frame   0x00000000000009dc      0x114 Output/Release/Obj/fatfs_pca10056/nrf_memobj.o
 .debug_frame   0x0000000000000af0       0x60 Output/Release/Obj/fatfs_pca10056/nrf_drv_uart.o
 .debug_frame   0x0000000000000b50       0x50 Output/Release/Obj/fatfs_pca10056/nrfx_prs.o
 .debug_frame   0x0000000000000ba0      0x124 Output/Release/Obj/fatfs_pca10056/nrfx_spim.o
 .debug_frame   0x0000000000000cc4      0x190 Output/Release/Obj/fatfs_pca10056/nrfx_uarte.o
 .debug_frame   0x0000000000000e54       0xcc Output/Release/Obj/fatfs_pca10056/nrfx_pdm.o
 .debug_frame   0x0000000000000f20       0x4c Output/Release/Obj/fatfs_pca10056/main.o
 .debug_frame   0x0000000000000f6c       0x7c Output/Release/Obj/fatfs_pca10056/system_nrf52840.o

.debug_loc      0x0000000000000000     0x6e37
 .debug_loc     0x0000000000000000      0x186 Output/Release/Obj/fatfs_pca10056/nrf_log_backend_serial.o
 .debug_loc     0x0000000000000186      0x1f8 Output/Release/Obj/fatfs_pca10056/nrf_log_backend_uart.o
 .debug_loc     0x000000000000037e       0x31 Output/Release/Obj/fatfs_pca10056/nrf_log_default_backends.o
 .debug_loc     0x00000000000003af     0x17a3 Output/Release/Obj/fatfs_pca10056/nrf_log_frontend.o
 .debug_loc     0x0000000000001b52      0x372 Output/Release/Obj/fatfs_pca10056/nrf_log_str_formatter.o
 .debug_loc     0x0000000000001ec4       0xcd Output/Release/Obj/fatfs_pca10056/app_error.o
 .debug_loc     0x0000000000001f91       0x6f Output/Release/Obj/fatfs_pca10056/app_error_weak.o
 .debug_loc     0x0000000000002000       0xda Output/Release/Obj/fatfs_pca10056/app_util_platform.o
 .debug_loc     0x00000000000020da      0x45f Output/Release/Obj/fatfs_pca10056/nrf_atomic.o
 .debug_loc     0x0000000000002539      0x1c4 Output/Release/Obj/fatfs_pca10056/nrf_balloc.o
 .debug_loc     0x00000000000026fd       0x47 Output/Release/Obj/fatfs_pca10056/nrf_fprintf.o
 .debug_loc     0x0000000000002744      0xa67 Output/Release/Obj/fatfs_pca10056/nrf_fprintf_format.o
 .debug_loc     0x00000000000031ab      0x8b3 Output/Release/Obj/fatfs_pca10056/nrf_memobj.o
 .debug_loc     0x0000000000003a5e      0x141 Output/Release/Obj/fatfs_pca10056/nrf_drv_uart.o
 .debug_loc     0x0000000000003b9f       0xff Output/Release/Obj/fatfs_pca10056/nrfx_prs.o
 .debug_loc     0x0000000000003c9e     0x1054 Output/Release/Obj/fatfs_pca10056/nrfx_spim.o
 .debug_loc     0x0000000000004cf2     0x177d Output/Release/Obj/fatfs_pca10056/nrfx_uarte.o
 .debug_loc     0x000000000000646f      0x889 Output/Release/Obj/fatfs_pca10056/nrfx_pdm.o
 .debug_loc     0x0000000000006cf8       0x7d Output/Release/Obj/fatfs_pca10056/main.o
 .debug_loc     0x0000000000006d75       0xc2 Output/Release/Obj/fatfs_pca10056/system_nrf52840.o

.debug_pubnames
                0x0000000000000000     0x384b
 .debug_pubnames
                0x0000000000000000       0x31 Output/Release/Obj/fatfs_pca10056/nrf_log_backend_serial.o
 .debug_pubnames
                0x0000000000000031      0x1b0 Output/Release/Obj/fatfs_pca10056/nrf_log_backend_uart.o
 .debug_pubnames
                0x00000000000001e1      0x12d Output/Release/Obj/fatfs_pca10056/nrf_log_default_backends.o
 .debug_pubnames
                0x000000000000030e      0x5c5 Output/Release/Obj/fatfs_pca10056/nrf_log_frontend.o
 .debug_pubnames
                0x00000000000008d3      0x1bd Output/Release/Obj/fatfs_pca10056/nrf_log_str_formatter.o
 .debug_pubnames
                0x0000000000000a90       0x6c Output/Release/Obj/fatfs_pca10056/app_error.o
 .debug_pubnames
                0x0000000000000afc      0x106 Output/Release/Obj/fatfs_pca10056/app_error_weak.o
 .debug_pubnames
                0x0000000000000c02      0x223 Output/Release/Obj/fatfs_pca10056/app_util_platform.o
 .debug_pubnames
                0x0000000000000e25      0x233 Output/Release/Obj/fatfs_pca10056/nrf_atomic.o
 .debug_pubnames
                0x0000000000001058      0x126 Output/Release/Obj/fatfs_pca10056/nrf_balloc.o
 .debug_pubnames
                0x000000000000117e       0x3f Output/Release/Obj/fatfs_pca10056/nrf_fprintf.o
 .debug_pubnames
                0x00000000000011bd       0x67 Output/Release/Obj/fatfs_pca10056/nrf_fprintf_format.o
 .debug_pubnames
                0x0000000000001224       0xb1 Output/Release/Obj/fatfs_pca10056/nrf_memobj.o
 .debug_pubnames
                0x00000000000012d5       0xb6 Output/Release/Obj/fatfs_pca10056/nrf_drv_uart.o
 .debug_pubnames
                0x000000000000138b      0x13f Output/Release/Obj/fatfs_pca10056/nrfx_prs.o
 .debug_pubnames
                0x00000000000014ca      0xa17 Output/Release/Obj/fatfs_pca10056/nrfx_spim.o
 .debug_pubnames
                0x0000000000001ee1      0xc79 Output/Release/Obj/fatfs_pca10056/nrfx_uarte.o
 .debug_pubnames
                0x0000000000002b5a      0xb15 Output/Release/Obj/fatfs_pca10056/nrfx_pdm.o
 .debug_pubnames
                0x000000000000366f       0x84 Output/Release/Obj/fatfs_pca10056/main.o
 .debug_pubnames
                0x00000000000036f3      0x158 Output/Release/Obj/fatfs_pca10056/system_nrf52840.o

.debug_pubtypes
                0x0000000000000000     0x2910
 .debug_pubtypes
                0x0000000000000000      0x287 Output/Release/Obj/fatfs_pca10056/nrf_log_backend_serial.o
 .debug_pubtypes
                0x0000000000000287      0x306 Output/Release/Obj/fatfs_pca10056/nrf_log_backend_uart.o
 .debug_pubtypes
                0x000000000000058d      0x178 Output/Release/Obj/fatfs_pca10056/nrf_log_default_backends.o
 .debug_pubtypes
                0x0000000000000705      0x33e Output/Release/Obj/fatfs_pca10056/nrf_log_frontend.o
 .debug_pubtypes
                0x0000000000000a43      0x181 Output/Release/Obj/fatfs_pca10056/nrf_log_str_formatter.o
 .debug_pubtypes
                0x0000000000000bc4      0x10a Output/Release/Obj/fatfs_pca10056/app_error.o
 .debug_pubtypes
                0x0000000000000cce      0x13f Output/Release/Obj/fatfs_pca10056/app_error_weak.o
 .debug_pubtypes
                0x0000000000000e0d      0x110 Output/Release/Obj/fatfs_pca10056/app_util_platform.o
 .debug_pubtypes
                0x0000000000000f1d      0x107 Output/Release/Obj/fatfs_pca10056/nrf_atomic.o
 .debug_pubtypes
                0x0000000000001024      0x12a Output/Release/Obj/fatfs_pca10056/nrf_balloc.o
 .debug_pubtypes
                0x000000000000114e      0x15c Output/Release/Obj/fatfs_pca10056/nrf_fprintf.o
 .debug_pubtypes
                0x00000000000012aa      0x175 Output/Release/Obj/fatfs_pca10056/nrf_fprintf_format.o
 .debug_pubtypes
                0x000000000000141f      0x1f3 Output/Release/Obj/fatfs_pca10056/nrf_memobj.o
 .debug_pubtypes
                0x0000000000001612      0x313 Output/Release/Obj/fatfs_pca10056/nrf_drv_uart.o
 .debug_pubtypes
                0x0000000000001925      0x1bc Output/Release/Obj/fatfs_pca10056/nrfx_prs.o
 .debug_pubtypes
                0x0000000000001ae1      0x3b4 Output/Release/Obj/fatfs_pca10056/nrfx_spim.o
 .debug_pubtypes
                0x0000000000001e95      0x3c7 Output/Release/Obj/fatfs_pca10056/nrfx_uarte.o
 .debug_pubtypes
                0x000000000000225c      0x358 Output/Release/Obj/fatfs_pca10056/nrfx_pdm.o
 .debug_pubtypes
                0x00000000000025b4      0x18a Output/Release/Obj/fatfs_pca10056/main.o
 .debug_pubtypes
                0x000000000000273e      0x1d2 Output/Release/Obj/fatfs_pca10056/system_nrf52840.o

.debug_macro    0x0000000000000000     0x5502
 .debug_macro   0x0000000000000000      0x225 Output/Release/Obj/fatfs_pca10056/nrf_log_backend_serial.o
 .debug_macro   0x0000000000000225       0x22 Output/Release/Obj/fatfs_pca10056/nrf_log_backend_serial.o
 .debug_macro   0x0000000000000247       0x72 Output/Release/Obj/fatfs_pca10056/nrf_log_backend_serial.o
 .debug_macro   0x00000000000002b9       0x49 Output/Release/Obj/fatfs_pca10056/nrf_log_backend_serial.o
 .debug_macro   0x0000000000000302       0x8c Output/Release/Obj/fatfs_pca10056/nrf_log_backend_serial.o
 .debug_macro   0x000000000000038e       0x31 Output/Release/Obj/fatfs_pca10056/nrf_log_backend_serial.o
 .debug_macro   0x00000000000003bf       0x55 Output/Release/Obj/fatfs_pca10056/nrf_log_backend_serial.o
 .debug_macro   0x0000000000000414       0x98 Output/Release/Obj/fatfs_pca10056/nrf_log_backend_serial.o
 .debug_macro   0x00000000000004ac       0x10 Output/Release/Obj/fatfs_pca10056/nrf_log_backend_serial.o
 .debug_macro   0x00000000000004bc       0x1d Output/Release/Obj/fatfs_pca10056/nrf_log_backend_serial.o
 .debug_macro   0x00000000000004d9       0x10 Output/Release/Obj/fatfs_pca10056/nrf_log_backend_serial.o
 .debug_macro   0x00000000000004e9       0x2e Output/Release/Obj/fatfs_pca10056/nrf_log_backend_serial.o
 .debug_macro   0x0000000000000517       0x1c Output/Release/Obj/fatfs_pca10056/nrf_log_backend_serial.o